 PhysXCooking_32

 Timestamp is 5c608c62 (Sun Feb 10 13:41:06 2019)

 Preferred load address is 10000000

 Start         Length     Name                   Class
 0001:00000000 00000640H .text$di                CODE
 0001:00000640 00064810H .text$mn                CODE
 0001:00064e50 0000006bH .text$x                 CODE
 0002:00000000 0000014cH .idata$5                DATA
 0002:0000014c 00000004H .00cfg                  DATA
 0002:00000150 00000004H .CRT$XCA                DATA
 0002:00000154 000000f0H .CRT$XCU                DATA
 0002:00000244 00000004H .CRT$XCZ                DATA
 0002:00000248 00000004H .CRT$XIA                DATA
 0002:0000024c 0000000cH .CRT$XIC                DATA
 0002:00000258 00000004H .CRT$XIZ                DATA
 0002:0000025c 00000004H .CRT$XPA                DATA
 0002:00000260 00000008H .CRT$XPX                DATA
 0002:00000268 00000004H .CRT$XPXA               DATA
 0002:0000026c 00000004H .CRT$XPZ                DATA
 0002:00000270 00000004H .CRT$XTA                DATA
 0002:00000274 0000000cH .CRT$XTZ                DATA
 0002:00000278 00000000H .gfids$y                DATA
 0002:00000280 0000a2a4H .rdata                  DATA
 0002:0000a524 000002acH .rdata$r                DATA
 0002:0000a7d0 00000020H .rdata$sxdata           DATA
 0002:0000a7f0 000003e0H .rdata$zzzdbg           DATA
 0002:0000abd0 00000004H .rtc$IAA                DATA
 0002:0000abd4 00000004H .rtc$IZZ                DATA
 0002:0000abd8 00000004H .rtc$TAA                DATA
 0002:0000abdc 00000004H .rtc$TZZ                DATA
 0002:0000abe0 000008acH .xdata$x                DATA
 0002:0000b48c 00000040H .didat$2                DATA
 0002:0000b4cc 00000020H .didat$3                DATA
 0002:0000b4ec 000000f4H .didat$4                DATA
 0002:0000b5e0 00000b98H .didat$6                DATA
 0002:0000c178 000000f8H .didat$7                DATA
 0002:0000c270 00001c14H .edata                  DATA
 0002:0000de84 00000014H .idata$2                DATA
 0002:0000de98 00000014H .idata$3                DATA
 0002:0000deac 0000014cH .idata$4                DATA
 0002:0000dff8 0000060eH .idata$6                DATA
 0003:00000000 000007d0H .data                   DATA
 0003:000007d0 000005b8H .data$r                 DATA
 0003:00000d88 000000f8H .didat$5                DATA
 0003:00000e80 00001680H .bss                    DATA
 0004:00000000 000004e0H _RDATA                  DATA
 0005:00000000 000000a0H .rsrc$01                DATA
 0005:000000a0 000004b0H .rsrc$02                DATA

  Address         Publics by Value              Rva+Base       Lib:Object

 0000:00000000       ___guard_longjmp_table     00000000     <absolute>
 0000:00000000       ___guard_fids_count        00000000     <absolute>
 0000:00000000       ___volatile_metadata       00000000     <absolute>
 0000:00000000       ___hybrid_code_map_count   00000000     <absolute>
 0000:00000000       ___guard_iat_count         00000000     <absolute>
 0000:00000000       ___enclave_config          00000000     <absolute>
 0000:00000000       ___hybrid_auxiliary_iat    00000000     <absolute>
 0000:00000000       __except_list              00000000     <absolute>
 0000:00000000       ___guard_iat_table         00000000     <absolute>
 0000:00000000       ___guard_fids_table        00000000     <absolute>
 0000:00000000       ___dynamic_value_reloc_table 00000000     <absolute>
 0000:00000000       ___guard_longjmp_count     00000000     <absolute>
 0000:00000000       ___hybrid_code_map         00000000     <absolute>
 0000:00000008       ___safe_se_handler_count   00000008     <absolute>
 0000:00000100       ___guard_flags             00000100     <absolute>
 0000:00000000       ___ImageBase               10000000     <linker-defined>
 0001:00000640       ?ComputeNbBoundaryEdges@AdjTriangle@physx@@QBEIXZ 10001640 f   Adjacencies.obj
 0001:00000680       ?ComputeNbNeighbors@AdjTriangle@physx@@QBEIXZ 10001680 f   Adjacencies.obj
 0001:000006c0       ?HasNeighbor@AdjTriangle@physx@@QBE_NIPAI@Z 100016c0 f   Adjacencies.obj
 0001:00000740       ?Flip@AdjTriangle@physx@@QAEXXZ 10001740 f   Adjacencies.obj
 0001:00000750       ??0Adjacencies@physx@@QAE@XZ 10001750 f   Adjacencies.obj
 0001:00000760       ??1Adjacencies@physx@@QAE@XZ 10001760 f   Adjacencies.obj
 0001:000007a0       ?Load@Adjacencies@physx@@QAE_NAAVPxInputStream@2@@Z 100017a0 f   Adjacencies.obj
 0001:00000880       ?ComputeNbBoundaryEdges@Adjacencies@physx@@QBEIXZ 10001880 f   Adjacencies.obj
 0001:000008f0       ?GetBoundaryVertices@Adjacencies@physx@@QBE_NIPA_NPBU?$TriangleT@I@Gu@2@@Z 100018f0 f   Adjacencies.obj
 0001:00000a40       ?MakeLastRef@Adjacencies@physx@@QAE_NAAVAdjTriangle@2@IPAU?$TriangleT@I@Gu@2@@Z 10001a40 f   Adjacencies.obj
 0001:00000c00       ?AssignNewEdgeCode@Adjacencies@physx@@AAEXIE@Z 10001c00 f   Adjacencies.obj
 0001:00000c40       ??0AdjacenciesBuilder@physx@@QAE@XZ 10001c40 f   Adjacencies.obj
 0001:00000c50       ??1AdjacenciesBuilder@physx@@QAE@XZ 10001c50 f   Adjacencies.obj
 0001:00000c90       ?Init@AdjacenciesBuilder@physx@@QAE_NABUADJACENCIESCREATE@2@@Z 10001c90 f   Adjacencies.obj
 0001:00001000       ??0AdjEdge@@QAE@XZ         10002000 f i Adjacencies.obj
 0001:00001010       ??0AdjTriangle@physx@@QAE@XZ 10002010 f i Adjacencies.obj
 0001:00001020       ??0Allocator@shdfnd@physx@@QAE@PBD@Z 10002020 f i Adjacencies.obj
 0001:00001030       ??0PxFoundation@physx@@QAE@ABV01@@Z 10002030 f i Adjacencies.obj
 0001:00001040       ??0PxFoundation@physx@@QAE@XZ 10002040 f i Adjacencies.obj
 0001:00001050       ??1AdjEdge@@QAE@XZ         10002050 f i Adjacencies.obj
 0001:00001060       ??1AdjTriangle@physx@@QAE@XZ 10002060 f i Adjacencies.obj
 0001:00001070       ??1PxFoundation@physx@@MAE@XZ 10002070 f i Adjacencies.obj
 0001:00001080       ??4Allocator@shdfnd@physx@@QAEAAV012@$$QAV012@@Z 10002080 f i Adjacencies.obj
 0001:00001090       ??4Allocator@shdfnd@physx@@QAEAAV012@ABV012@@Z 10002090 f i Adjacencies.obj
 0001:000010a0       ??4MutexImpl@shdfnd@physx@@QAEAAV012@ABV012@@Z 100020a0 f i Adjacencies.obj
 0001:000010b0       ??4PxFoundation@physx@@QAEAAV01@ABV01@@Z 100020b0 f i Adjacencies.obj
 0001:000010c0       ??_EAdjEdge@@QAEPAXI@Z     100020c0 f i Adjacencies.obj
 0001:00001130       ??_EAdjTriangle@physx@@QAEPAXI@Z 10002130 f i Adjacencies.obj
 0001:000011a0       ??_EPxFoundation@physx@@MAEPAXI@Z 100021a0 f i Adjacencies.obj
 0001:00001210       ??_FAllocator@shdfnd@physx@@QAEXXZ 10002210 f i Adjacencies.obj
 0001:00001220       ??_GPxFoundation@physx@@MAEPAXI@Z 10002220 f i Adjacencies.obj
 0001:00001250       ??_H@YGXPAXIIP6EPAX0@Z@Z   10002250 f i Adjacencies.obj
 0001:00001280       ??_I@YGXPAXIIP6EX0@Z@Z     10002280 f i Adjacencies.obj
 0001:000014a0       ?GetNbHits@RadixSort@Cm@physx@@QBEIXZ 100024a0 f i Adjacencies.obj
 0001:000014b0       ?GetNbTotalCalls@RadixSort@Cm@physx@@QBEIXZ 100024b0 f i Adjacencies.obj
 0001:000014c0       ?GetRanks@RadixSort@Cm@physx@@QBEPBIXZ 100024c0 f i Adjacencies.obj
 0001:000014d0       ?GetRecyclable@RadixSort@Cm@physx@@QBEPAIXZ 100024d0 f i Adjacencies.obj
 0001:00001680       ?__empty_global_delete@@YAXPAX@Z 10002680 f i Adjacencies.obj
 0001:00001690       ?__empty_global_delete@@YAXPAXI@Z 10002690 f i Adjacencies.obj
 0001:000016a0       ?getAllocator@Foundation@shdfnd@physx@@QAEAAVPxAllocatorCallback@3@XZ 100026a0 f i Adjacencies.obj
 0001:000016b0       ?getAllocatorCallback@Foundation@shdfnd@physx@@UAEAAVPxAllocatorCallback@3@XZ 100026b0 f i Adjacencies.obj
 0001:000016c0       ?getErrorCallback@Foundation@shdfnd@physx@@UAEAAVPxErrorCallback@3@XZ 100026c0 f i Adjacencies.obj
 0001:000016d0       ?getErrorLevel@Foundation@shdfnd@physx@@UBE?AW4Enum@PxErrorCode@3@XZ 100026d0 f i Adjacencies.obj
 0001:000016e0       ?getInternalErrorCallback@Foundation@shdfnd@physx@@QAEAAVPxErrorCallback@3@XZ 100026e0 f i Adjacencies.obj
 0001:000016f0       ?getNamedAllocMap@Foundation@shdfnd@physx@@QAEAAV?$HashMap@PBVNamedAllocator@shdfnd@physx@@PBDU?$Hash@PBVNamedAllocator@shdfnd@physx@@@23@VNonTrackingAllocator@23@@23@XZ 100026f0 f i Adjacencies.obj
 0001:00001700       ?getNamedAllocMutex@Foundation@shdfnd@physx@@QAEAAV?$MutexT@VAllocator@shdfnd@physx@@@23@XZ 10002700 f i Adjacencies.obj
 0001:00001710       ?getReportAllocationNames@Foundation@shdfnd@physx@@UBE_NXZ 10002710 f i Adjacencies.obj
 0001:00001720       ?getTempAllocFreeTable@Foundation@shdfnd@physx@@QAEAAV?$Array@PATTempAllocatorChunk@shdfnd@physx@@VAllocator@23@@23@XZ 10002720 f i Adjacencies.obj
 0001:00001730       ?getTempAllocMutex@Foundation@shdfnd@physx@@QAEAAV?$MutexT@VAllocator@shdfnd@physx@@@23@XZ 10002730 f i Adjacencies.obj
 0001:00001740       ?invalidateRanks@RadixSort@Cm@physx@@QAEXXZ 10002740 f i Adjacencies.obj
 0001:00001750       ?setErrorLevel@Foundation@shdfnd@physx@@UAEXW4Enum@PxErrorCode@3@@Z 10002750 f i Adjacencies.obj
 0001:00001760       ?setReportAllocationNames@Foundation@shdfnd@physx@@UAEX_N@Z 10002760 f i Adjacencies.obj
 0001:00001770       _PxCreateCooking           10002770 f   Cooking.obj
 0001:00001830       ?release@Cooking@physx@@UAEXXZ 10002830 f   Cooking.obj
 0001:00001840       ?setParams@Cooking@physx@@UAEXABUPxCookingParams@2@@Z 10002840 f   Cooking.obj
 0001:000018a0       ?getParams@Cooking@physx@@UBEABUPxCookingParams@2@XZ 100028a0 f   Cooking.obj
 0001:000018b0       ?platformMismatch@Cooking@physx@@UBE_NXZ 100028b0 f   Cooking.obj
 0001:000018c0       ?cookTriangleMesh@Cooking@physx@@UBE_NABVPxTriangleMeshDesc@2@AAVPxOutputStream@2@PAW4Enum@PxTriangleMeshCookingResult@2@@Z 100028c0 f   Cooking.obj
 0001:00001950       ?createTriangleMesh@Cooking@physx@@UBEPAVPxTriangleMesh@2@ABVPxTriangleMeshDesc@2@AAVPxPhysicsInsertionCallback@2@PAW4Enum@PxTriangleMeshCookingResult@2@@Z 10002950 f   Cooking.obj
 0001:000019d0       ?validateTriangleMesh@Cooking@physx@@UBE_NABVPxTriangleMeshDesc@2@@Z 100029d0 f   Cooking.obj
 0001:00001ab0       ?cookConvexMesh@Cooking@physx@@UBE_NABVPxConvexMeshDesc@2@AAVPxOutputStream@2@PAW4Enum@PxConvexMeshCookingResult@2@@Z 10002ab0 f   Cooking.obj
 0001:00001c30       ?createConvexMesh@Cooking@physx@@UBEPAVPxConvexMesh@2@ABVPxConvexMeshDesc@2@AAVPxPhysicsInsertionCallback@2@PAW4Enum@PxConvexMeshCookingResult@2@@Z 10002c30 f   Cooking.obj
 0001:00001e90       ?validateConvexMesh@Cooking@physx@@UBE_NABVPxConvexMeshDesc@2@@Z 10002e90 f   Cooking.obj
 0001:00001ee0       ?computeHullPolygons@Cooking@physx@@UBE_NABVPxSimpleTriangleMesh@2@AAVPxAllocatorCallback@2@AAIAAPAVPxVec3@2@2AAPAI2AAPAUPxHullPolygon@2@@Z 10002ee0 f   Cooking.obj
 0001:00002010       ?cookHeightField@Cooking@physx@@UBE_NABVPxHeightFieldDesc@2@AAVPxOutputStream@2@@Z 10003010 f   Cooking.obj
 0001:000020d0       ?createHeightField@Cooking@physx@@UBEPAVPxHeightField@2@ABVPxHeightFieldDesc@2@AAVPxPhysicsInsertionCallback@2@@Z 100030d0 f   Cooking.obj
 0001:00002200       ?cookBVHStructure@Cooking@physx@@UBE_NABVPxBVHStructureDesc@2@AAVPxOutputStream@2@@Z 10003200 f   Cooking.obj
 0001:000022b0       ?createBVHStructure@Cooking@physx@@UBEPAVPxBVHStructure@2@ABVPxBVHStructureDesc@2@AAVPxPhysicsInsertionCallback@2@@Z 100032b0 f   Cooking.obj
 0001:00002360       ?cookConvexMeshInternal@Cooking@physx@@ABE_NABVPxConvexMeshDesc@2@AAVConvexMeshBuilder@2@PAVConvexHullLib@2@PAW4Enum@PxConvexMeshCookingResult@2@@Z 10003360 f   Cooking.obj
 0001:00002530       ?cookTriangleMesh@Cooking@physx@@ABE_NAAVTriangleMeshBuilder@2@ABVPxTriangleMeshDesc@2@AAVPxOutputStream@2@PAW4Enum@PxTriangleMeshCookingResult@2@@Z 10003530 f   Cooking.obj
 0001:000025b0       ?createTriangleMesh@Cooking@physx@@ABEPAVPxTriangleMesh@2@AAVTriangleMeshBuilder@2@ABVPxTriangleMeshDesc@2@AAVPxPhysicsInsertionCallback@2@PAW4Enum@PxTriangleMeshCookingResult@2@@Z 100035b0 f   Cooking.obj
 0001:00002640       ??0ConvexMesh@Gu@physx@@QAE@V?$PxFlags@W4Enum@PxBaseFlag@physx@@G@2@@Z 10003640 f i Cooking.obj
 0001:00002690       ??0DebugText@Cm@physx@@QAE@$$QAU012@@Z 10003690 f i Cooking.obj
 0001:000026e0       ??0DebugText@Cm@physx@@QAE@ABU012@@Z 100036e0 f i Cooking.obj
 0001:00002730       ??0HeightFieldData@Gu@physx@@QAE@$$QAU012@@Z 10003730 f i Cooking.obj
 0001:000027a0       ??0HeightFieldData@Gu@physx@@QAE@ABU012@@Z 100037a0 f i Cooking.obj
 0001:00002810       ??0HeightFieldData@Gu@physx@@QAE@W4PxEMPTY@2@@Z 10003810 f i Cooking.obj
 0001:00002820       ??0HeightFieldData@Gu@physx@@QAE@XZ 10003820 f i Cooking.obj
 0001:00002830       ??0PxConvexMeshDesc@physx@@QAE@ABV01@@Z 10003830 f i Cooking.obj
 0001:00002880       ??0RenderOutput@Cm@physx@@QAE@AAVRenderBuffer@12@@Z 10003880 f i Cooking.obj
 0001:00002940       ??0RenderOutput@Cm@physx@@QAE@ABV012@@Z 10003940 f i Cooking.obj
 0001:000029f0       ??1HeightFieldData@Gu@physx@@QAE@XZ 100039f0 f i Cooking.obj
 0001:00002a00       ??1PxBase@physx@@MAE@XZ    10003a00 f i Cooking.obj
 0001:00002a10       ??1PxConvexMesh@physx@@MAE@XZ 10003a10 f i Cooking.obj
 0001:00002a20       ??1PxCooking@physx@@MAE@XZ 10003a20 f i Cooking.obj
 0001:00002a30       ??1PxHeightField@physx@@MAE@XZ 10003a30 f i Cooking.obj
 0001:00002a40       ??1RefCountable@Cm@physx@@UAE@XZ 10003a40 f i Cooking.obj
 0001:00002a50       ??4DebugText@Cm@physx@@QAEAAU012@$$QAU012@@Z 10003a50 f i Cooking.obj
 0001:00002ab0       ??4DebugText@Cm@physx@@QAEAAU012@ABU012@@Z 10003ab0 f i Cooking.obj
 0001:00002b10       ??4FPUGuard@shdfnd@physx@@QAEAAV012@ABV012@@Z 10003b10 f i Cooking.obj
 0001:00002b30       ??4HeightFieldData@Gu@physx@@QAEAAU012@$$QAU012@@Z 10003b30 f i Cooking.obj
 0001:00002ba0       ??4HeightFieldData@Gu@physx@@QAEAAU012@ABU012@@Z 10003ba0 f i Cooking.obj
 0001:00002c10       ??_EConvexMesh@Gu@physx@@UAEPAXI@Z 10003c10 f i Cooking.obj
 0001:00002cc1       ??_EConvexMesh@Gu@physx@@W7AEPAXI@Z 10003cc1 f i Cooking.obj
 0001:00002cd0       ??_EPxConvexMesh@physx@@MAEPAXI@Z 10003cd0 f i Cooking.obj
 0001:00002d40       ??_GCooking@physx@@UAEPAXI@Z 10003d40 f i Cooking.obj
 0001:00002d40       ??_ECooking@physx@@UAEPAXI@Z 10003d40 f i Cooking.obj
 0001:00002d80       ??_EPxBase@physx@@MAEPAXI@Z 10003d80 f i Cooking.obj
 0001:00002d80       ??_GPxBase@physx@@MAEPAXI@Z 10003d80 f i Cooking.obj
 0001:00002db0       ??_EPxCooking@physx@@MAEPAXI@Z 10003db0 f i Cooking.obj
 0001:00002db0       ??_GPxCooking@physx@@MAEPAXI@Z 10003db0 f i Cooking.obj
 0001:00002de0       ??_GRefCountable@Cm@physx@@UAEPAXI@Z 10003de0 f i Cooking.obj
 0001:00002de0       ??_ERefCountable@Cm@physx@@UAEPAXI@Z 10003de0 f i Cooking.obj
 0001:00002e10       ?allocate@?$Array@UPxDebugLine@physx@@V?$ReflectionAllocator@UPxDebugLine@physx@@@shdfnd@2@@shdfnd@physx@@IAEPAUPxDebugLine@3@I@Z 10003e10 f i Cooking.obj
 0001:00002e80       ?copy@?$Array@UPxDebugLine@physx@@V?$ReflectionAllocator@UPxDebugLine@physx@@@shdfnd@2@@shdfnd@physx@@KAXPAUPxDebugLine@3@0PBU43@@Z 10003e80 f i Cooking.obj
 0001:00002ef0       ?getConcreteTypeName@PxConvexMesh@physx@@UBEPBDXZ 10003ef0 f i Cooking.obj
 0001:00002f00       ?getConcreteTypeName@PxHeightField@physx@@UBEPBDXZ 10003f00 f i Cooking.obj
 0001:00002f10       ?getConvexEdgeThreshold@HeightField@Gu@physx@@UBEMXZ 10003f10 f i Cooking.obj
 0001:00002f20       ?getFlags@HeightField@Gu@physx@@UBE?AV?$PxFlags@W4Enum@PxHeightFieldFlag@physx@@G@3@XZ 10003f20 f i Cooking.obj
 0001:00002f30       ?getFormat@HeightField@Gu@physx@@UBE?AW4Enum@PxHeightFieldFormat@3@XZ 10003f30 f i Cooking.obj
 0001:00002f40       ?getHeight@HeightField@Gu@physx@@UBEMMM@Z 10003f40 f i Cooking.obj
 0001:00002fa0       ?getHeightInternal2@HeightField@Gu@physx@@QBEMIMM@Z 10003fa0 f i Cooking.obj
 0001:000030f0       ?getIndexBuffer@ConvexMesh@Gu@physx@@UBEPBEXZ 100040f0 f i Cooking.obj
 0001:00003130       ?getNbColumns@HeightField@Gu@physx@@UBEIXZ 10004130 f i Cooking.obj
 0001:00003140       ?getNbPolygons@ConvexMesh@Gu@physx@@UBEIXZ 10004140 f i Cooking.obj
 0001:00003150       ?getNbRows@HeightField@Gu@physx@@UBEIXZ 10004150 f i Cooking.obj
 0001:00003160       ?getNbVertices@ConvexMesh@Gu@physx@@UBEIXZ 10004160 f i Cooking.obj
 0001:00003170       ?getPaddedBounds@HeightFieldData@Gu@physx@@QBEABVCenterExtentsPadded@23@XZ 10004170 f i Cooking.obj
 0001:00003180       ?getSample@HeightField@Gu@physx@@UBEABUPxHeightFieldSample@3@II@Z 10004180 f i Cooking.obj
 0001:000031a0       ?getSampleStride@HeightField@Gu@physx@@UBEIXZ 100041a0 f i Cooking.obj
 0001:000031b0       ?getTimestamp@HeightField@Gu@physx@@UBEIXZ 100041b0 f i Cooking.obj
 0001:000031c0       ?getTriangleMaterialIndex@HeightField@Gu@physx@@UBEGI@Z 100041c0 f i Cooking.obj
 0001:000031f0       ?getTriangleNormal@HeightField@Gu@physx@@UBE?AVPxVec3@3@I@Z 100041f0 f i Cooking.obj
 0001:000032e0       ?getVertices@ConvexMesh@Gu@physx@@UBEPBVPxVec3@3@XZ 100042e0 f i Cooking.obj
 0001:000032f0       ?isKindOf@PxBase@physx@@MBE_NPBD@Z 100042f0 f i Cooking.obj
 0001:00003340       ?isKindOf@PxConvexMesh@physx@@MBE_NPBD@Z 10004340 f i Cooking.obj
 0001:000033c0       ?isKindOf@PxHeightField@physx@@MBE_NPBD@Z 100043c0 f i Cooking.obj
 0001:00003440       ?isReleasable@PxBase@physx@@UBE_NXZ 10004440 f i Cooking.obj
 0001:00003450       ?onRefCountZero@RefCountable@Cm@physx@@UAEXXZ 10004450 f i Cooking.obj
 0001:00003460       ?outputSegment@RenderOutput@Cm@physx@@QAEXABVPxVec3@3@0@Z 10004460 f i Cooking.obj
 0001:000034f0       ?recreate@?$Array@UPxDebugLine@physx@@V?$ReflectionAllocator@UPxDebugLine@physx@@@shdfnd@2@@shdfnd@physx@@IAEXI@Z 100044f0 f i Cooking.obj
 0001:00003540       ?requiresObjects@ConvexMesh@Gu@physx@@UAEXAAVPxProcessPxBaseCallback@3@@Z 10004540 f i Cooking.obj
 0001:00003550       ?reserveSegments@RenderOutput@Cm@physx@@QAEPAUPxDebugLine@3@I@Z 10004550 f i Cooking.obj
 0001:000035b0       ??0ReducedVertexCloud@physx@@QAE@PBVPxVec3@1@I@Z 100045b0 f   CookingUtils.obj
 0001:000035e0       ??1ReducedVertexCloud@physx@@QAE@XZ 100045e0 f   CookingUtils.obj
 0001:00003620       ?Clean@ReducedVertexCloud@physx@@QAEAAV12@XZ 10004620 f   CookingUtils.obj
 0001:00003660       ?Reduce@ReducedVertexCloud@physx@@QAE_NPAUREDUCEDCLOUD@2@@Z 10004660 f   CookingUtils.obj
 0001:00003900       ??0EdgeList@Gu@physx@@QAE@XZ 10004900 f   EdgeList.obj
 0001:00003930       ??1EdgeList@Gu@physx@@QAE@XZ 10004930 f   EdgeList.obj
 0001:000039b0       ?load@EdgeList@Gu@physx@@QAE_NAAVPxInputStream@3@@Z 100049b0 f   EdgeList.obj
 0001:00003b10       ??0EdgeListBuilder@Gu@physx@@QAE@XZ 10004b10 f   EdgeList.obj
 0001:00003b40       ??1EdgeListBuilder@Gu@physx@@QAE@XZ 10004b40 f   EdgeList.obj
 0001:00003b50       ?init@EdgeListBuilder@Gu@physx@@QAE_NABUEDGELISTCREATE@23@@Z 10004b50 f   EdgeList.obj
 0001:00003c30       ?createFacesToEdges@EdgeListBuilder@Gu@physx@@AAE_NIPBIPBG@Z 10004c30 f   EdgeList.obj
 0001:00003ff0       ?createEdgesToFaces@EdgeListBuilder@Gu@physx@@AAE_NIPBIPBG@Z 10004ff0 f   EdgeList.obj
 0001:000041b0       ?computeActiveEdges@EdgeListBuilder@Gu@physx@@AAE_NIPBIPBGPBVPxVec3@3@M@Z 100051b0 f   EdgeList.obj
 0001:00005910       ??$?_UI@@YAPAXIV?$ReflectionAllocator@I@shdfnd@physx@@PBDH@Z 10006910 f i EdgeList.obj
 0001:00005970       ??0PxVec3@physx@@QAE@XZ    10006970 f i EdgeList.obj
 0001:000059e0       ??0MeshCleaner@physx@@QAE@IPBVPxVec3@1@IPBIM@Z 100069e0 f   MeshCleaner.obj
 0001:00006270       ??1MeshCleaner@physx@@QAE@XZ 10007270 f   MeshCleaner.obj
 0001:000062d0       ?createQuantizer@physx@@YAPAVQuantizer@1@XZ 100072d0 f   Quantizer.obj
 0001:00006380       ?kmeans_cluster3d@@YAIPBVPxVec3@physx@@IIPAV12@PAIMM@Z 10007380 f   Quantizer.obj
 0001:000063c0       ??$kmeans_cluster@VPxVec3@physx@@M@@YAIPBVPxVec3@physx@@IIPAV01@PAIMM@Z 100073c0 f i Quantizer.obj
 0001:000069c0       ??1Quantizer@physx@@MAE@XZ 100079c0 f i Quantizer.obj
 0001:000069d0       ??1QuantizerImpl@@EAE@XZ   100079d0 f i Quantizer.obj
 0001:00006a30       ??_GQuantizer@physx@@MAEPAXI@Z 10007a30 f i Quantizer.obj
 0001:00006a30       ??_EQuantizer@physx@@MAEPAXI@Z 10007a30 f i Quantizer.obj
 0001:00006a60       ??_EQuantizerImpl@@EAEPAXI@Z 10007a60 f i Quantizer.obj
 0001:00006a60       ??_GQuantizerImpl@@EAEPAXI@Z 10007a60 f i Quantizer.obj
 0001:00006af0       ?getDenormalizeCenter@QuantizerImpl@@UBEABVPxVec3@physx@@XZ 10007af0 f i Quantizer.obj
 0001:00006b00       ?getDenormalizeScale@QuantizerImpl@@UBEABVPxVec3@physx@@XZ 10007b00 f i Quantizer.obj
 0001:00006b10       ?growAndPushBack@?$Array@VPxVec3@physx@@V?$ReflectionAllocator@VPxVec3@physx@@@shdfnd@2@@shdfnd@physx@@IAEAAVPxVec3@3@ABV43@@Z 10007b10 f i Quantizer.obj
 0001:00006cb0       ?kmeansQuantize3D@QuantizerImpl@@UAEPBVPxVec3@physx@@IPBV23@I_NIAAI@Z 10007cb0 f i Quantizer.obj
 0001:00006ed0       ?normalizeInput@QuantizerImpl@@AAEXIPBVPxVec3@physx@@I@Z 10007ed0 f i Quantizer.obj
 0001:00007180       ?release@QuantizerImpl@@UAEXXZ 10008180 f i Quantizer.obj
 0001:00007190       ??0BVHStructureBuilder@physx@@QAE@XZ 10008190 f   BVHStructureBuilder.obj
 0001:000071c0       ??1BVHStructureBuilder@physx@@QAE@XZ 100081c0 f   BVHStructureBuilder.obj
 0001:00007220       ?loadFromDesc@BVHStructureBuilder@physx@@QAE_NABVPxBVHStructureDesc@2@@Z 10008220 f   BVHStructureBuilder.obj
 0001:00007540       ?save@BVHStructureBuilder@physx@@QBE_NAAVPxOutputStream@2@_N@Z 10008540 f   BVHStructureBuilder.obj
 0001:00007650       ?moveData@BVHStructureBuilder@physx@@QAEXAAUBVHStructureData@Gu@2@@Z 10008650 f   BVHStructureBuilder.obj
 0001:000076a0       ?flatten@@YAXABVNodeAllocator@Gu@physx@@PAUBVHNode@23@@Z 100086a0 f   BVHStructureBuilder.obj
 0001:00007800       ??$copy@V?$ReflectionAllocator@USlab@NodeAllocator@Gu@physx@@@shdfnd@physx@@@?$Array@USlab@NodeAllocator@Gu@physx@@V?$ReflectionAllocator@USlab@NodeAllocator@Gu@physx@@@shdfnd@4@@shdfnd@physx@@IAEXABV012@@Z 10008800 f i BVHStructureBuilder.obj
 0001:00007870       ??0AABBTreeBuildNode@Gu@physx@@QAE@ABV012@@Z 10008870 f i BVHStructureBuilder.obj
 0001:000078b0       ??0AABBTreeBuildNode@Gu@physx@@QAE@XZ 100088b0 f i BVHStructureBuilder.obj
 0001:000078c0       ??0AABBTreeBuildParams@Gu@physx@@QAE@IIPBVPxBounds3@2@@Z 100088c0 f i BVHStructureBuilder.obj
 0001:000078e0       ??0BuildStats@Gu@physx@@QAE@XZ 100088e0 f i BVHStructureBuilder.obj
 0001:000078f0       ??0NodeAllocator@Gu@physx@@QAE@ABV012@@Z 100088f0 f i BVHStructureBuilder.obj
 0001:00007920       ??1AABBTreeBuildNode@Gu@physx@@QAE@XZ 10008920 f i BVHStructureBuilder.obj
 0001:00007930       ??1AABBTreeBuildParams@Gu@physx@@QAE@XZ 10008930 f i BVHStructureBuilder.obj
 0001:00007970       ??4AABBTreeBuildNode@Gu@physx@@QAEAAV012@ABV012@@Z 10008970 f i BVHStructureBuilder.obj
 0001:000079b0       ??4AABBTreeBuildParams@Gu@physx@@QAEAAV012@ABV012@@Z 100089b0 f i BVHStructureBuilder.obj
 0001:000079c0       ??4BuildStats@Gu@physx@@QAEAAU012@$$QAU012@@Z 100089c0 f i BVHStructureBuilder.obj
 0001:000079e0       ??4BuildStats@Gu@physx@@QAEAAU012@ABU012@@Z 100089e0 f i BVHStructureBuilder.obj
 0001:00007a00       ??4NodeAllocator@Gu@physx@@QAEAAV012@ABV012@@Z 10008a00 f i BVHStructureBuilder.obj
 0001:00007a90       ??_FAABBTreeBuildParams@Gu@physx@@QAEXXZ 10008a90 f i BVHStructureBuilder.obj
 0001:00007ab0       ?__global_array_delete@@YAXPAX@Z 10008ab0 f i BVHStructureBuilder.obj
 0001:00007ac0       ?__global_array_delete@@YAXPAXI@Z 10008ac0 f i BVHStructureBuilder.obj
 0001:00007ad0       ?__global_delete@@YAXPAX@Z 10008ad0 f i BVHStructureBuilder.obj
 0001:00007ae0       ?__global_delete@@YAXPAXI@Z 10008ae0 f i BVHStructureBuilder.obj
 0001:00007af0       ?allocate@?$Array@USlab@NodeAllocator@Gu@physx@@V?$ReflectionAllocator@USlab@NodeAllocator@Gu@physx@@@shdfnd@4@@shdfnd@physx@@IAEPAUSlab@NodeAllocator@Gu@3@I@Z 10008af0 f i BVHStructureBuilder.obj
 0001:00007b60       ?getAABB@AABBTreeBuildNode@Gu@physx@@QBEABVPxBounds3@3@XZ 10008b60 f i BVHStructureBuilder.obj
 0001:00007b70       ?getCount@BuildStats@Gu@physx@@QBEIXZ 10008b70 f i BVHStructureBuilder.obj
 0001:00007b80       ?getNbPrimitives@AABBTreeBuildNode@Gu@physx@@QBEIXZ 10008b80 f i BVHStructureBuilder.obj
 0001:00007b90       ?getNbRuntimePrimitives@AABBTreeBuildNode@Gu@physx@@QBEIXZ 10008b90 f i BVHStructureBuilder.obj
 0001:00007ba0       ?getNeg@AABBTreeBuildNode@Gu@physx@@QBEPBV123@XZ 10008ba0 f i BVHStructureBuilder.obj
 0001:00007bb0       ?getPos@AABBTreeBuildNode@Gu@physx@@QBEPBV123@XZ 10008bb0 f i BVHStructureBuilder.obj
 0001:00007bc0       ?getPrimitives@AABBTreeBuildNode@Gu@physx@@QAEPAIPAI@Z 10008bc0 f i BVHStructureBuilder.obj
 0001:00007bd0       ?getPrimitives@AABBTreeBuildNode@Gu@physx@@QBEPBIPBI@Z 10008bd0 f i BVHStructureBuilder.obj
 0001:00007be0       ?increaseCount@BuildStats@Gu@physx@@QAEXI@Z 10008be0 f i BVHStructureBuilder.obj
 0001:00007bf0       ?isLeaf@AABBTreeBuildNode@Gu@physx@@QBE_NXZ 10008bf0 f i BVHStructureBuilder.obj
 0001:00007c00       ?recreate@?$Array@USlab@NodeAllocator@Gu@physx@@V?$ReflectionAllocator@USlab@NodeAllocator@Gu@physx@@@shdfnd@4@@shdfnd@physx@@IAEXI@Z 10008c00 f i BVHStructureBuilder.obj
 0001:00007c70       ?reset@AABBTreeBuildParams@Gu@physx@@QAEXXZ 10008c70 f i BVHStructureBuilder.obj
 0001:00007cb0       ?reset@BuildStats@Gu@physx@@QAEXXZ 10008cb0 f i BVHStructureBuilder.obj
 0001:00007cc0       ?setCount@BuildStats@Gu@physx@@QAEXI@Z 10008cc0 f i BVHStructureBuilder.obj
 0001:00007cd0       ?setNbRunTimePrimitives@AABBTreeBuildNode@Gu@physx@@QAEXI@Z 10008cd0 f i BVHStructureBuilder.obj
 0001:00007ce0       ?saveHeightField@physx@@YA_NABVHeightField@Gu@1@AAVPxOutputStream@1@_N@Z 10008ce0 f   HeightFieldCooking.obj
 0001:00007ec0       ?buildFromTriangles@RTreeCooker@physx@@SAXAAURTree@Gu@2@PBVPxVec3@2@IPBGPBIIAAV?$Array@IV?$ReflectionAllocator@I@shdfnd@physx@@@shdfnd@2@PAURemapCallback@12@MW4Enum@PxMeshCookingHint@2@@Z 10008ec0 f   RTreeCooking.obj
 0001:000080e0       ??$partition@UBoundsLTE@physx@@@quickSelect@physx@@YAIPIAIIIIABUBoundsLTE@1@@Z 100090e0 f i RTreeCooking.obj
 0001:00008160       ??$quickSelectFirstK@UBoundsLTE@physx@@@quickSelect@physx@@YAXPIAIIIIABUBoundsLTE@1@@Z 10009160 f i RTreeCooking.obj
 0001:00008230       ??$sort@I@shdfnd@physx@@YAXPAII@Z 10009230 f i RTreeCooking.obj
 0001:00008250       ??$sort@IU?$Less@I@shdfnd@physx@@V?$ReflectionAllocator@I@23@@shdfnd@physx@@YAXPAIIABU?$Less@I@01@ABV?$ReflectionAllocator@I@01@I@Z 10009250 f i RTreeCooking.obj
 0001:000085c0       ??$sort@IUSortBoundsPredicate@physx@@@shdfnd@physx@@YAXPAIIABUSortBoundsPredicate@1@@Z 100095c0 f i RTreeCooking.obj
 0001:000085e0       ??$sort@IUSortBoundsPredicate@physx@@V?$ReflectionAllocator@I@shdfnd@2@@shdfnd@physx@@YAXPAIIABUSortBoundsPredicate@1@ABV?$ReflectionAllocator@I@01@I@Z 100095e0 f i RTreeCooking.obj
 0001:00008ab0       ?allocate@?$Array@UInterval@physx@@V?$InlineAllocator@$0CAAA@V?$ReflectionAllocator@UInterval@physx@@@shdfnd@physx@@@shdfnd@2@@shdfnd@physx@@IAEPAUInterval@3@I@Z 10009ab0 f i RTreeCooking.obj
 0001:00008b40       ?allocate@?$Array@UPxBounds3V@physx@@V?$ReflectionAllocator@UPxBounds3V@physx@@@shdfnd@2@@shdfnd@physx@@IAEPAUPxBounds3V@3@I@Z 10009b40 f i RTreeCooking.obj
 0001:00008bb0       ?allocate@?$Array@URTreeNodeNQ@physx@@V?$ReflectionAllocator@URTreeNodeNQ@physx@@@shdfnd@2@@shdfnd@physx@@IAEPAURTreeNodeNQ@3@I@Z 10009bb0 f i RTreeCooking.obj
 0001:00008c20       ?allocate@?$Array@URTreeNodeQ@Gu@physx@@V?$ReflectionAllocator@URTreeNodeQ@Gu@physx@@@shdfnd@3@@shdfnd@physx@@IAEPAURTreeNodeQ@Gu@3@I@Z 10009c20 f i RTreeCooking.obj
 0001:00008c90       ?allocate@?$Array@VPxVec3@physx@@V?$ReflectionAllocator@VPxVec3@physx@@@shdfnd@2@@shdfnd@physx@@IAEPAVPxVec3@3@I@Z 10009c90 f i RTreeCooking.obj
 0001:00008d00       ?allocate@?$ReflectionAllocator@I@shdfnd@physx@@QAEPAXIPBDH@Z 10009d00 f i RTreeCooking.obj
 0001:00009970       ?copy@?$Array@URTreeNodeNQ@physx@@V?$ReflectionAllocator@URTreeNodeNQ@physx@@@shdfnd@2@@shdfnd@physx@@KAXPAURTreeNodeNQ@3@0PBU43@@Z 1000a970 f i RTreeCooking.obj
 0001:000099e0       ?copy@?$Array@VPxVec3@physx@@V?$ReflectionAllocator@VPxVec3@physx@@@shdfnd@2@@shdfnd@physx@@KAXPAVPxVec3@3@0PBV43@@Z 1000a9e0 f i RTreeCooking.obj
 0001:00009aa0       ?growAndPushBack@?$Array@IV?$ReflectionAllocator@I@shdfnd@physx@@@shdfnd@physx@@IAEAAIABI@Z 1000aaa0 f i RTreeCooking.obj
 0001:00009b60       ?growAndPushBack@?$Array@UInterval@physx@@V?$InlineAllocator@$0CAAA@V?$ReflectionAllocator@UInterval@physx@@@shdfnd@physx@@@shdfnd@2@@shdfnd@physx@@IAEAAUInterval@3@ABU43@@Z 1000ab60 f i RTreeCooking.obj
 0001:00009c50       ?growAndPushBack@?$Array@UPxBounds3V@physx@@V?$ReflectionAllocator@UPxBounds3V@physx@@@shdfnd@2@@shdfnd@physx@@IAEAAUPxBounds3V@3@ABU43@@Z 1000ac50 f i RTreeCooking.obj
 0001:00009d00       ?growAndPushBack@?$Array@URTreeNodeNQ@physx@@V?$ReflectionAllocator@URTreeNodeNQ@physx@@@shdfnd@2@@shdfnd@physx@@IAEAAURTreeNodeNQ@3@ABU43@@Z 1000ad00 f i RTreeCooking.obj
 0001:00009db0       ?growAndPushBack@?$Array@URTreeNodeQ@Gu@physx@@V?$ReflectionAllocator@URTreeNodeQ@Gu@physx@@@shdfnd@3@@shdfnd@physx@@IAEAAURTreeNodeQ@Gu@3@ABU453@@Z 1000adb0 f i RTreeCooking.obj
 0001:00009e80       ?recreate@?$Array@IV?$ReflectionAllocator@I@shdfnd@physx@@@shdfnd@physx@@IAEXI@Z 1000ae80 f i RTreeCooking.obj
 0001:00009f40       ?recreate@?$Array@UPxBounds3V@physx@@V?$ReflectionAllocator@UPxBounds3V@physx@@@shdfnd@2@@shdfnd@physx@@IAEXI@Z 1000af40 f i RTreeCooking.obj
 0001:00009fc0       ?recreate@?$Array@URTreeNodeNQ@physx@@V?$ReflectionAllocator@URTreeNodeNQ@physx@@@shdfnd@2@@shdfnd@physx@@IAEXI@Z 1000afc0 f i RTreeCooking.obj
 0001:0000a010       ?recreate@?$Array@URTreeNodeQ@Gu@physx@@V?$ReflectionAllocator@URTreeNodeQ@Gu@physx@@@shdfnd@3@@shdfnd@physx@@IAEXI@Z 1000b010 f i RTreeCooking.obj
 0001:0000a0b0       ?recreate@?$Array@VPxVec3@physx@@V?$ReflectionAllocator@VPxVec3@physx@@@shdfnd@2@@shdfnd@physx@@IAEXI@Z 1000b0b0 f i RTreeCooking.obj
 0001:0000a100       ?resize@?$Array@IV?$ReflectionAllocator@I@shdfnd@physx@@@shdfnd@physx@@QAEXIABI@Z 1000b100 f i RTreeCooking.obj
 0001:0000a1c0       ?resizeUninitialized@?$Array@URTreeNodeNQ@physx@@V?$ReflectionAllocator@URTreeNodeNQ@physx@@@shdfnd@2@@shdfnd@physx@@QAEXI@Z 1000b1c0 f i RTreeCooking.obj
 0001:0000a1f0       ?sort4@SubSortQuick@physx@@QAEXPIAIIAAV?$Array@URTreeNodeNQ@physx@@V?$ReflectionAllocator@URTreeNodeNQ@physx@@@shdfnd@2@@shdfnd@2@AAIAAUPxBounds3V@2@I@Z 1000b1f0 f i RTreeCooking.obj
 0001:0000a600       ?sort4@SubSortSAH@physx@@QAEXPAIIAAV?$Array@URTreeNodeNQ@physx@@V?$ReflectionAllocator@URTreeNodeNQ@physx@@@shdfnd@2@@shdfnd@2@AAIIPAURTreeNodeNQ@2@@Z 1000b600 f i RTreeCooking.obj
 0001:0000ade0       ?split@SubSortSAH@physx@@QAEIPAII@Z 1000bde0 f i RTreeCooking.obj
 0001:0000b220       ?computeLocalBounds@MeshBulider@physx@@IAEXAAVMeshDataBase@Gu@2@@Z 1000c220 f   MeshBuilder.obj
 0001:0000b2a0       ??0TriangleMeshBuilder@physx@@QAE@AAVTriangleMeshData@Gu@1@ABUPxCookingParams@1@@Z 1000c2a0 f   TriangleMeshBuilder.obj
 0001:0000b2c0       ??1TriangleMeshBuilder@physx@@UAE@XZ 1000c2c0 f   TriangleMeshBuilder.obj
 0001:0000b2f0       ?cleanMesh@TriangleMeshBuilder@physx@@QAE_N_NPAW4Enum@PxTriangleMeshCookingResult@2@@Z 1000c2f0 f   TriangleMeshBuilder.obj
 0001:0000b6e0       ?remapTopology@TriangleMeshBuilder@physx@@QAEXPBI@Z 1000c6e0 f   TriangleMeshBuilder.obj
 0001:0000b930       ?createSharedEdgeData@TriangleMeshBuilder@physx@@QAEX_N0@Z 1000c930 f   TriangleMeshBuilder.obj
 0001:0000bcf0       ?recordTriangleIndices@TriangleMeshBuilder@physx@@QAEXXZ 1000ccf0 f   TriangleMeshBuilder.obj
 0001:0000bd70       ?createGRBMidPhaseAndData@TriangleMeshBuilder@physx@@QAEXI@Z 1000cd70 f   TriangleMeshBuilder.obj
 0001:0000c050       ?createGRBData@TriangleMeshBuilder@physx@@QAEXXZ 1000d050 f   TriangleMeshBuilder.obj
 0001:0000c0f0       ?loadFromDesc@TriangleMeshBuilder@physx@@QAE_NABVPxTriangleMeshDesc@2@PAW4Enum@PxTriangleMeshCookingResult@2@_N@Z 1000d0f0 f   TriangleMeshBuilder.obj
 0001:0000c410       ?save@TriangleMeshBuilder@physx@@QBE_NAAVPxOutputStream@2@_NABUPxCookingParams@2@@Z 1000d410 f   TriangleMeshBuilder.obj
 0001:0000c920       ?checkMeshIndicesSize@TriangleMeshBuilder@physx@@QAEXXZ 1000d920 f   TriangleMeshBuilder.obj
 0001:0000c9d0       ?importMesh@TriangleMeshBuilder@physx@@IAE_NABVPxTriangleMeshDesc@2@ABUPxCookingParams@2@PAW4Enum@PxTriangleMeshCookingResult@2@_N@Z 1000d9d0 f   TriangleMeshBuilder.obj
 0001:0000cc50       ?releaseEdgeList@TriangleMeshBuilder@physx@@IAEXXZ 1000dc50 f   TriangleMeshBuilder.obj
 0001:0000cc80       ?createEdgeList@TriangleMeshBuilder@physx@@IAEXXZ 1000dc80 f   TriangleMeshBuilder.obj
 0001:0000cd60       ??0RTreeTriangleMeshBuilder@physx@@QAE@ABUPxCookingParams@1@@Z 1000dd60 f   TriangleMeshBuilder.obj
 0001:0000cdd0       ??1RTreeTriangleMeshBuilder@physx@@UAE@XZ 1000ddd0 f   TriangleMeshBuilder.obj
 0001:0000ce50       ?createMidPhaseStructure@RTreeTriangleMeshBuilder@physx@@UAEXXZ 1000de50 f   TriangleMeshBuilder.obj
 0001:0000cf10       ?saveMidPhaseStructure@RTreeTriangleMeshBuilder@physx@@UBEXAAVPxOutputStream@2@_N@Z 1000df10 f   TriangleMeshBuilder.obj
 0001:0000d0a0       ??0BV4TriangleMeshBuilder@physx@@QAE@ABUPxCookingParams@1@@Z 1000e0a0 f   TriangleMeshBuilder.obj
 0001:0000d0f0       ??1BV4TriangleMeshBuilder@physx@@UAE@XZ 1000e0f0 f   TriangleMeshBuilder.obj
 0001:0000d150       ?createMidPhaseStructure@BV4TriangleMeshBuilder@physx@@UAEXXZ 1000e150 f   TriangleMeshBuilder.obj
 0001:0000d350       ?saveMidPhaseStructure@BV4TriangleMeshBuilder@physx@@UBEXAAVPxOutputStream@2@_N@Z 1000e350 f   TriangleMeshBuilder.obj
 0001:0000d4f0       ?onMeshIndexFormatChange@BV4TriangleMeshBuilder@physx@@UAEXXZ 1000e4f0 f   TriangleMeshBuilder.obj
 0001:0000d530       ?createMidPhaseStructure@BV32TriangleMeshBuilder@physx@@SAXABUPxCookingParams@2@AAVTriangleMeshData@Gu@2@AAVBV32Tree@52@@Z 1000e530 f   TriangleMeshBuilder.obj
 0001:0000d660       ?saveMidPhaseStructure@BV32TriangleMeshBuilder@physx@@SAXPAVBV32Tree@Gu@2@AAVPxOutputStream@2@_N@Z 1000e660 f   TriangleMeshBuilder.obj
 0001:0000d7c0       ?findSharpVertices@GrbTrimeshCookerHelper@physx@@YAXAAV?$Array@USortedNeighbor@GrbTrimeshCookerHelper@physx@@V?$ReflectionAllocator@USortedNeighbor@GrbTrimeshCookerHelper@physx@@@shdfnd@3@@shdfnd@2@AAV?$Array@USharpEdgeRange@GrbTrimeshCookerHelper@physx@@V?$ReflectionAllocator@USharpEdgeRange@GrbTrimeshCookerHelper@physx@@@shdfnd@3@@42@PBUuint3@2@PBUuint4@2@II@Z 1000e7c0 f   TriangleMeshBuilder.obj
 0001:0000db20       ?buildVertexConnectionNew_p1@GrbTrimeshCookerHelper@physx@@YAIAAV?$Array@USortedNeighbor@GrbTrimeshCookerHelper@physx@@V?$ReflectionAllocator@USortedNeighbor@GrbTrimeshCookerHelper@physx@@@shdfnd@3@@shdfnd@2@AAV?$Array@USharpEdgeRange@GrbTrimeshCookerHelper@physx@@V?$ReflectionAllocator@USharpEdgeRange@GrbTrimeshCookerHelper@physx@@@shdfnd@3@@42@PBUuint3@2@PBUuint4@2@II@Z 1000eb20 f   TriangleMeshBuilder.obj
 0001:0000dc30       ?buildVertexConnectionNew_p2@GrbTrimeshCookerHelper@physx@@YAXPAI00AAV?$Array@USortedNeighbor@GrbTrimeshCookerHelper@physx@@V?$ReflectionAllocator@USortedNeighbor@GrbTrimeshCookerHelper@physx@@@shdfnd@3@@shdfnd@2@AAV?$Array@USharpEdgeRange@GrbTrimeshCookerHelper@physx@@V?$ReflectionAllocator@USharpEdgeRange@GrbTrimeshCookerHelper@physx@@@shdfnd@3@@42@I@Z 1000ec30 f   TriangleMeshBuilder.obj
 0001:0000dcb0       ??$?_UG@@YAPAXIV?$ReflectionAllocator@G@shdfnd@physx@@PBDH@Z 1000ecb0 f i TriangleMeshBuilder.obj
 0001:0000dd10       ??$sort@UEdgeTriLookup@physx@@@shdfnd@physx@@YAXPAUEdgeTriLookup@1@I@Z 1000ed10 f i TriangleMeshBuilder.obj
 0001:0000dd30       ??$sort@UEdgeTriLookup@physx@@U?$Less@UEdgeTriLookup@physx@@@shdfnd@2@V?$ReflectionAllocator@UEdgeTriLookup@physx@@@42@@shdfnd@physx@@YAXPAUEdgeTriLookup@1@IABU?$Less@UEdgeTriLookup@physx@@@01@ABV?$ReflectionAllocator@UEdgeTriLookup@physx@@@01@I@Z 1000ed30 f i TriangleMeshBuilder.obj
 0001:0000e1b0       ??$sort@USortedNeighbor@GrbTrimeshCookerHelper@physx@@@shdfnd@physx@@YAXPAUSortedNeighbor@GrbTrimeshCookerHelper@1@I@Z 1000f1b0 f i TriangleMeshBuilder.obj
 0001:0000e1d0       ??$sort@USortedNeighbor@GrbTrimeshCookerHelper@physx@@U?$Less@USortedNeighbor@GrbTrimeshCookerHelper@physx@@@shdfnd@3@V?$ReflectionAllocator@USortedNeighbor@GrbTrimeshCookerHelper@physx@@@53@@shdfnd@physx@@YAXPAUSortedNeighbor@GrbTrimeshCookerHelper@1@IABU?$Less@USortedNeighbor@GrbTrimeshCookerHelper@physx@@@01@ABV?$ReflectionAllocator@USortedNeighbor@GrbTrimeshCookerHelper@physx@@@01@I@Z 1000f1d0 f i TriangleMeshBuilder.obj
 0001:0000e6c0       ??0PxVec4@physx@@QAE@XZ    1000f6c0 f i TriangleMeshBuilder.obj
 0001:0000e6d0       ??0TriangleMeshData@Gu@physx@@QAE@XZ 1000f6d0 f i TriangleMeshBuilder.obj
 0001:0000e770       ??1BV4TriangleData@Gu@physx@@UAE@XZ 1000f770 f i TriangleMeshBuilder.obj
 0001:0000e7a0       ??1MeshDataBase@Gu@physx@@UAE@XZ 1000f7a0 f i TriangleMeshBuilder.obj
 0001:0000e850       ??1RTreeTriangleData@Gu@physx@@UAE@XZ 1000f850 f i TriangleMeshBuilder.obj
 0001:0000e8a0       ??1RemapCallback@RTreeCooker@physx@@UAE@XZ 1000f8a0 f i TriangleMeshBuilder.obj
 0001:0000e8b0       ??1TriangleMeshData@Gu@physx@@UAE@XZ 1000f8b0 f i TriangleMeshBuilder.obj
 0001:0000e930       ??_EBV4TriangleData@Gu@physx@@UAEPAXI@Z 1000f930 f i TriangleMeshBuilder.obj
 0001:0000e930       ??_GBV4TriangleData@Gu@physx@@UAEPAXI@Z 1000f930 f i TriangleMeshBuilder.obj
 0001:0000e990       ??_GBV4TriangleMeshBuilder@physx@@UAEPAXI@Z 1000f990 f i TriangleMeshBuilder.obj
 0001:0000e990       ??_EBV4TriangleMeshBuilder@physx@@UAEPAXI@Z 1000f990 f i TriangleMeshBuilder.obj
 0001:0000ea00       ??_GMeshDataBase@Gu@physx@@UAEPAXI@Z 1000fa00 f i TriangleMeshBuilder.obj
 0001:0000ea00       ??_EMeshDataBase@Gu@physx@@UAEPAXI@Z 1000fa00 f i TriangleMeshBuilder.obj
 0001:0000ea40       ??_ERTreeCookerRemap@physx@@UAEPAXI@Z 1000fa40 f i TriangleMeshBuilder.obj
 0001:0000ea40       ??_GRTreeCookerRemap@physx@@UAEPAXI@Z 1000fa40 f i TriangleMeshBuilder.obj
 0001:0000ea70       ??_GRTreeTriangleData@Gu@physx@@UAEPAXI@Z 1000fa70 f i TriangleMeshBuilder.obj
 0001:0000ea70       ??_ERTreeTriangleData@Gu@physx@@UAEPAXI@Z 1000fa70 f i TriangleMeshBuilder.obj
 0001:0000eaf0       ??_ERTreeTriangleMeshBuilder@physx@@UAEPAXI@Z 1000faf0 f i TriangleMeshBuilder.obj
 0001:0000eaf0       ??_GRTreeTriangleMeshBuilder@physx@@UAEPAXI@Z 1000faf0 f i TriangleMeshBuilder.obj
 0001:0000eb80       ??_GRemapCallback@RTreeCooker@physx@@UAEPAXI@Z 1000fb80 f i TriangleMeshBuilder.obj
 0001:0000eb80       ??_ERemapCallback@RTreeCooker@physx@@UAEPAXI@Z 1000fb80 f i TriangleMeshBuilder.obj
 0001:0000ebb0       ??_ETriangleMeshBuilder@physx@@UAEPAXI@Z 1000fbb0 f i TriangleMeshBuilder.obj
 0001:0000ebb0       ??_GTriangleMeshBuilder@physx@@UAEPAXI@Z 1000fbb0 f i TriangleMeshBuilder.obj
 0001:0000ec00       ??_GTriangleMeshData@Gu@physx@@UAEPAXI@Z 1000fc00 f i TriangleMeshBuilder.obj
 0001:0000ec00       ??_ETriangleMeshData@Gu@physx@@UAEPAXI@Z 1000fc00 f i TriangleMeshBuilder.obj
 0001:0000ec40       ?allocate@?$ReflectionAllocator@USortedNeighbor@GrbTrimeshCookerHelper@physx@@@shdfnd@physx@@QAEPAXIPBDH@Z 1000fc40 f i TriangleMeshBuilder.obj
 0001:0000eca0       ?allocateTriangles@TriangleMeshData@Gu@physx@@QAEPAXI_NI@Z 1000fca0 f i TriangleMeshBuilder.obj
 0001:0000f260       ?getMidphaseID@BV4TriangleMeshBuilder@physx@@UBE?AW4Enum@PxMeshMidPhase@2@XZ 10010260 f i TriangleMeshBuilder.obj
 0001:0000f270       ?getMidphaseID@RTreeTriangleMeshBuilder@physx@@UBE?AW4Enum@PxMeshMidPhase@2@XZ 10010270 f i TriangleMeshBuilder.obj
 0001:0000f280       ?growAndPushBack@?$Array@USortedNeighbor@GrbTrimeshCookerHelper@physx@@V?$ReflectionAllocator@USortedNeighbor@GrbTrimeshCookerHelper@physx@@@shdfnd@3@@shdfnd@physx@@IAEAAUSortedNeighbor@GrbTrimeshCookerHelper@3@ABU453@@Z 10010280 f i TriangleMeshBuilder.obj
 0001:0000f340       ?onMeshIndexFormatChange@TriangleMeshBuilder@physx@@UAEXXZ 10010340 f i TriangleMeshBuilder.obj
 0001:0000f350       ?recreate@?$Array@USharpEdgeRange@GrbTrimeshCookerHelper@physx@@V?$ReflectionAllocator@USharpEdgeRange@GrbTrimeshCookerHelper@physx@@@shdfnd@3@@shdfnd@physx@@IAEXI@Z 10010350 f i TriangleMeshBuilder.obj
 0001:0000f450       ?recreate@?$Array@USortedNeighbor@GrbTrimeshCookerHelper@physx@@V?$ReflectionAllocator@USortedNeighbor@GrbTrimeshCookerHelper@physx@@@shdfnd@3@@shdfnd@physx@@IAEXI@Z 10010450 f i TriangleMeshBuilder.obj
 0001:0000f4e0       ?remap@RTreeCookerRemap@physx@@UAEXPAIII@Z 100104e0 f i TriangleMeshBuilder.obj
 0001:0000f500       ?resize@?$Array@USharpEdgeRange@GrbTrimeshCookerHelper@physx@@V?$ReflectionAllocator@USharpEdgeRange@GrbTrimeshCookerHelper@physx@@@shdfnd@3@@shdfnd@physx@@QAEXIABUSharpEdgeRange@GrbTrimeshCookerHelper@3@@Z 10010500 f i TriangleMeshBuilder.obj
 0001:0000f560       ?resizeUninitialized@?$Array@USortedNeighbor@GrbTrimeshCookerHelper@physx@@V?$ReflectionAllocator@USortedNeighbor@GrbTrimeshCookerHelper@physx@@@shdfnd@3@@shdfnd@physx@@QAEXI@Z 10010560 f i TriangleMeshBuilder.obj
 0001:0000f590       ??0BigConvexDataBuilder@physx@@QAE@PBUConvexHullData@Gu@1@PAVBigConvexData@1@PBVPxVec3@1@@Z 10010590 f   BigConvexDataBuilder.obj
 0001:0000f5b0       ??1BigConvexDataBuilder@physx@@QAE@XZ 100105b0 f   BigConvexDataBuilder.obj
 0001:0000f5c0       ?precompute@BigConvexDataBuilder@physx@@QAE_NI@Z 100105c0 f   BigConvexDataBuilder.obj
 0001:0000ff40       ?initialize@BigConvexDataBuilder@physx@@QAE_NXZ 10010f40 f   BigConvexDataBuilder.obj
 0001:0000ffb0       ?save@BigConvexDataBuilder@physx@@QBE_NAAVPxOutputStream@2@_N@Z 10010fb0 f   BigConvexDataBuilder.obj
 0001:00010160       ?computeValencies@BigConvexDataBuilder@physx@@QAE_NABVConvexHullBuilder@2@@Z 10011160 f   BigConvexDataBuilder.obj
 0001:000104d0       ?saveValencies@BigConvexDataBuilder@physx@@QBE_NAAVPxOutputStream@2@_N@Z 100114d0 f   BigConvexDataBuilder.obj
 0001:00010600       ??0BigConvexData@physx@@QAE@W4PxEMPTY@1@@Z 10011600 f i BigConvexDataBuilder.obj
 0001:00010610       ??4BigConvexData@physx@@QAEAAV01@ABV01@@Z 10011610 f i BigConvexDataBuilder.obj
 0001:00010630       ?GetAdjacentVerts@BigConvexData@physx@@QBEPBEXZ 10011630 f i BigConvexDataBuilder.obj
 0001:00010640       ?GetNbNeighbors@BigConvexData@physx@@QBEGI@Z 10011640 f i BigConvexDataBuilder.obj
 0001:00010650       ?GetNbSamples@BigConvexData@physx@@QBEIXZ 10011650 f i BigConvexDataBuilder.obj
 0001:00010660       ?GetNbVerts@BigConvexData@physx@@QBEIXZ 10011660 f i BigConvexDataBuilder.obj
 0001:00010670       ?GetNeighbors@BigConvexData@physx@@QBEPBEI@Z 10011670 f i BigConvexDataBuilder.obj
 0001:00010690       ?GetOffset@BigConvexData@physx@@QBEGI@Z 10011690 f i BigConvexDataBuilder.obj
 0001:000106a0       ?GetSubdiv@BigConvexData@physx@@QBEIXZ 100116a0 f i BigConvexDataBuilder.obj
 0001:000106b0       ?GetValencies@BigConvexData@physx@@QBEPBUValency@Gu@2@XZ 100116b0 f i BigConvexDataBuilder.obj
 0001:000106c0       ?GetValency@BigConvexData@physx@@QBEGI@Z 100116c0 f i BigConvexDataBuilder.obj
 0001:000106d0       ??0ConvexHullBuilder@physx@@QAE@PAUConvexHullData@Gu@1@_N@Z 100116d0 f   ConvexHullBuilder.obj
 0001:00010720       ??1ConvexHullBuilder@physx@@QAE@XZ 10011720 f   ConvexHullBuilder.obj
 0001:000107f0       ?init@ConvexHullBuilder@physx@@QAE_NIPBVPxVec3@2@PBIIIPBUPxHullPolygon@2@_NPAVConvexHullLib@2@@Z 100117f0 f   ConvexHullBuilder.obj
 0001:00010b50       ?save@ConvexHullBuilder@physx@@QBE_NAAVPxOutputStream@2@_N@Z 10011b50 f   ConvexHullBuilder.obj
 0001:00010e10       ?copy@ConvexHullBuilder@physx@@QAE_NAAUConvexHullData@Gu@2@AAI@Z 10011e10 f   ConvexHullBuilder.obj
 0001:00011040       ?createEdgeList@ConvexHullBuilder@physx@@QAE_N_NI@Z 10012040 f   ConvexHullBuilder.obj
 0001:000117b0       ?checkHullPolygons@ConvexHullBuilder@physx@@QBE_NXZ 100127b0 f   ConvexHullBuilder.obj
 0001:00011bb0       ?calculateVertexMapTable@ConvexHullBuilder@physx@@QAE_NI_N@Z 10012bb0 f   ConvexHullBuilder.obj
 0001:00011d70       ?computeGeomCenter@ConvexHullBuilder@physx@@IBE_NAAVPxVec3@2@IPAUHullTriangleData@2@@Z 10012d70 f   ConvexHullBuilder.obj
 0001:00011fb0       ??1ConvexHullLib@physx@@UAE@XZ 10012fb0 f   ConvexHullLib.obj
 0001:00011ff0       ?cleanupVertices@ConvexHullLib@physx@@IAE_NIPBVPxVec3@2@IAAIPAV32@AAV32@3@Z 10012ff0 f   ConvexHullLib.obj
 0001:00012380       ?shiftAndcleanupVertices@ConvexHullLib@physx@@IAE_NIPBVPxVec3@2@IAAIPAV32@AAV32@3@Z 10013380 f   ConvexHullLib.obj
 0001:00012530       ?swapLargestFace@ConvexHullLib@physx@@IAEXAAVPxConvexMeshDesc@2@@Z 10013530 f   ConvexHullLib.obj
 0001:00012700       ?shiftConvexMeshDesc@ConvexHullLib@physx@@IAEXAAVPxConvexMeshDesc@2@@Z 10013700 f   ConvexHullLib.obj
 0001:000127a0       ??_GConvexHullLib@physx@@UAEPAXI@Z 100137a0 f i ConvexHullLib.obj
 0001:000127a0       ??_EConvexHullLib@physx@@UAEPAXI@Z 100137a0 f i ConvexHullLib.obj
 0001:00012b20       ??0ConvexHull@physx@@QAE@ABVPxVec3@1@0ABV?$Array@VPxPlane@physx@@V?$ReflectionAllocator@VPxPlane@physx@@@shdfnd@2@@shdfnd@1@@Z 10013b20 f   ConvexHullUtils.obj
 0001:000135c0       ??0ConvexHull@physx@@QAE@ABVPxVec3@1@ABVPxTransform@1@ABV?$Array@VPxPlane@physx@@V?$ReflectionAllocator@VPxPlane@physx@@@shdfnd@2@@shdfnd@1@@Z 100145c0 f   ConvexHullUtils.obj
 0001:00014920       ?findCandidatePlane@ConvexHull@physx@@QBEHMM@Z 10015920 f   ConvexHullUtils.obj
 0001:00014ba0       ?assertIntact@ConvexHull@physx@@QBE_NM@Z 10015ba0 f   ConvexHullUtils.obj
 0001:00014e80       ?maxNumVertsPerFace@ConvexHull@physx@@QBEIXZ 10015e80 f   ConvexHullUtils.obj
 0001:00014f00       ?convexHullCrop@physx@@YAPAVConvexHull@1@ABV21@ABVPxPlane@1@M@Z 10015f00 f   ConvexHullUtils.obj
 0001:00015fe0       ?computeOBBFromConvex@physx@@YA_NABVPxConvexMeshDesc@1@AAVPxVec3@1@AAVPxTransform@1@@Z 10016fe0 f   ConvexHullUtils.obj
 0001:00016750       ?computeOBBSIMD@local@@YAXIPBT__m128@@AAT2@ABT2@1@Z 10017750 f   ConvexHullUtils.obj
 0001:00016920       ??0Box@Gu@physx@@QAE@ABV012@@Z 10017920 f i ConvexHullUtils.obj
 0001:00016990       ??0Box@Gu@physx@@QAE@ABVPxVec3@2@0ABVPxMat33@2@@Z 10017990 f i ConvexHullUtils.obj
 0001:00016a00       ??0Box@Gu@physx@@QAE@XZ    10017a00 f i ConvexHullUtils.obj
 0001:00016a10       ??0HalfEdge@ConvexHull@physx@@QAE@XZ 10017a10 f i ConvexHullUtils.obj
 0001:00016a20       ??0PxPlane@physx@@QAE@XZ   10017a20 f i ConvexHullUtils.obj
 0001:00016a30       ??0PxQuat@physx@@QAE@ABVPxMat33@1@@Z 10017a30 f i ConvexHullUtils.obj
 0001:00016c00       ??1Box@Gu@physx@@QAE@XZ    10017c00 f i ConvexHullUtils.obj
 0001:00016c10       ??4Box@Gu@physx@@QAEABV012@ABV012@@Z 10017c10 f i ConvexHullUtils.obj
 0001:00016c80       ?allocate@?$Array@VHalfEdge@ConvexHull@physx@@V?$ReflectionAllocator@VHalfEdge@ConvexHull@physx@@@shdfnd@3@@shdfnd@physx@@IAEPAVHalfEdge@ConvexHull@3@I@Z 10017c80 f i ConvexHullUtils.obj
 0001:00016cf0       ?allocate@?$Array@VPxPlane@physx@@V?$ReflectionAllocator@VPxPlane@physx@@@shdfnd@2@@shdfnd@physx@@IAEPAVPxPlane@3@I@Z 10017cf0 f i ConvexHullUtils.obj
 0001:00016d60       ?computeAABBExtent@Box@Gu@physx@@QBE?AVPxVec3@3@XZ 10017d60 f i ConvexHullUtils.obj
 0001:00016e10       ?computeBoxPoints@Box@Gu@physx@@QBEXPIAVPxVec3@3@@Z 10017e10 f i ConvexHullUtils.obj
 0001:00016e30       ?copy@?$Array@VPxPlane@physx@@V?$ReflectionAllocator@VPxPlane@physx@@@shdfnd@2@@shdfnd@physx@@KAXPAVPxPlane@3@0PBV43@@Z 10017e30 f i ConvexHullUtils.obj
 0001:00016e80       ?getInverse@PxMat33@physx@@QBE?BV12@XZ 10017e80 f i ConvexHullUtils.obj
 0001:000170d0       ?getTransform@Box@Gu@physx@@QBE?AVPxTransform@3@XZ 100180d0 f i ConvexHullUtils.obj
 0001:00017120       ?growAndPushBack@?$Array@VHalfEdge@ConvexHull@physx@@V?$ReflectionAllocator@VHalfEdge@ConvexHull@physx@@@shdfnd@3@@shdfnd@physx@@IAEAAVHalfEdge@ConvexHull@3@ABV453@@Z 10018120 f i ConvexHullUtils.obj
 0001:000171d0       ?growAndPushBack@?$Array@VPxPlane@physx@@V?$ReflectionAllocator@VPxPlane@physx@@@shdfnd@2@@shdfnd@physx@@IAEAAVPxPlane@3@ABV43@@Z 100181d0 f i ConvexHullUtils.obj
 0001:00017260       ?isValid@Box@Gu@physx@@QBE_NXZ 10018260 f i ConvexHullUtils.obj
 0001:00017280       ?recreate@?$Array@VHalfEdge@ConvexHull@physx@@V?$ReflectionAllocator@VHalfEdge@ConvexHull@physx@@@shdfnd@3@@shdfnd@physx@@IAEXI@Z 10018280 f i ConvexHullUtils.obj
 0001:00017310       ?recreate@?$Array@VPxPlane@physx@@V?$ReflectionAllocator@VPxPlane@physx@@@shdfnd@2@@shdfnd@physx@@IAEXI@Z 10018310 f i ConvexHullUtils.obj
 0001:00017360       ?resize@?$Array@VHalfEdge@ConvexHull@physx@@V?$ReflectionAllocator@VHalfEdge@ConvexHull@physx@@@shdfnd@3@@shdfnd@physx@@QAEXIABVHalfEdge@ConvexHull@3@@Z 10018360 f i ConvexHullUtils.obj
 0001:00017400       ?resize@?$Array@VPxPlane@physx@@V?$ReflectionAllocator@VPxPlane@physx@@@shdfnd@2@@shdfnd@physx@@QAEXIABVPxPlane@3@@Z 10018400 f i ConvexHullUtils.obj
 0001:00017500       ?resize@?$Array@VPxVec3@physx@@V?$ReflectionAllocator@VPxVec3@physx@@@shdfnd@2@@shdfnd@physx@@QAEXIABVPxVec3@3@@Z 10018500 f i ConvexHullUtils.obj
 0001:000175d0       ?rotate@Box@Gu@physx@@QBE?AVPxVec3@3@ABV43@@Z 100185d0 f i ConvexHullUtils.obj
 0001:00017660       ?rotateInv@Box@Gu@physx@@QBE?AVPxVec3@3@ABV43@@Z 10018660 f i ConvexHullUtils.obj
 0001:000176f0       ?setAxes@Box@Gu@physx@@QAEXABVPxVec3@3@00@Z 100186f0 f i ConvexHullUtils.obj
 0001:00017740       ?setEmpty@Box@Gu@physx@@QAEXXZ 10018740 f i ConvexHullUtils.obj
 0001:000177b0       ?transform@Box@Gu@physx@@QBE?AVPxVec3@3@ABV43@@Z 100187b0 f i ConvexHullUtils.obj
 0001:00017850       ??0ConvexMeshBuilder@physx@@QAE@_N@Z 10018850 f   ConvexMeshBuilder.obj
 0001:000178b0       ??1ConvexMeshBuilder@physx@@QAE@XZ 100188b0 f   ConvexMeshBuilder.obj
 0001:000178e0       ?build@ConvexMeshBuilder@physx@@QAE_NABVPxConvexMeshDesc@2@I_NPAVConvexHullLib@2@@Z 100188e0 f   ConvexMeshBuilder.obj
 0001:00017b90       ?save@ConvexMeshBuilder@physx@@QBE_NAAVPxOutputStream@2@_N@Z 10018b90 f   ConvexMeshBuilder.obj
 0001:00017d80       ?copy@ConvexMeshBuilder@physx@@QAE_NAAUConvexHullData@Gu@2@AAI@Z 10018d80 f   ConvexMeshBuilder.obj
 0001:00017df0       ?loadConvexHull@ConvexMeshBuilder@physx@@QAE_NABVPxConvexMeshDesc@2@PAVConvexHullLib@2@@Z 10018df0 f   ConvexMeshBuilder.obj
 0001:00017ff0       ?computeHullPolygons@ConvexMeshBuilder@physx@@QAE_NABIPBVPxVec3@2@0PBIAAVPxAllocatorCallback@2@AAIAAPAV32@4AAPAI4AAPAUPxHullPolygon@2@@Z 10018ff0 f   ConvexMeshBuilder.obj
 0001:00018170       ?computeGaussMaps@ConvexMeshBuilder@physx@@QAE_NXZ 10019170 f   ConvexMeshBuilder.obj
 0001:00018220       ?computeMassInfo@ConvexMeshBuilder@physx@@QAEX_N@Z 10019220 f   ConvexMeshBuilder.obj
 0001:00018690       ?computeInternalObjects@ConvexMeshBuilder@physx@@QAEXXZ 10019690 f   ConvexMeshBuilder.obj
 0001:00018b40       ?isFinite@PxVec3@physx@@QBE_NXZ 10019b40 f i ConvexMeshBuilder.obj
 0001:00018bb0       ??0ConvexPolygonsBuilder@physx@@QAE@PAUConvexHullData@Gu@1@_N@Z 10019bb0 f   ConvexPolygonsBuilder.obj
 0001:00018be0       ??1ConvexPolygonsBuilder@physx@@QAE@XZ 10019be0 f   ConvexPolygonsBuilder.obj
 0001:00018c10       ?computeHullPolygons@ConvexPolygonsBuilder@physx@@QAE_NABIPBVPxVec3@2@0PBI@Z 10019c10 f   ConvexPolygonsBuilder.obj
 0001:00018e90       ?createPolygonData@ConvexPolygonsBuilder@physx@@AAE_NXZ 10019e90 f   ConvexPolygonsBuilder.obj
 0001:000199f0       ?createTrianglesFromPolygons@ConvexPolygonsBuilder@physx@@AAE_NXZ 1001a9f0 f   ConvexPolygonsBuilder.obj
 0001:00019eb0       ??$?_UE@@YAPAXIV?$ReflectionAllocator@E@shdfnd@physx@@PBDH@Z 1001aeb0 f i ConvexPolygonsBuilder.obj
 0001:00019f10       ??$copy@V?$ReflectionAllocator@VPair@@@shdfnd@physx@@@?$Array@VPair@@V?$ReflectionAllocator@VPair@@@shdfnd@physx@@@shdfnd@physx@@IAEXABV012@@Z 1001af10 f i ConvexPolygonsBuilder.obj
 0001:0001a660       ?allocate@?$Array@IV?$ReflectionAllocator@I@shdfnd@physx@@@shdfnd@physx@@IAEPAII@Z 1001b660 f i ConvexPolygonsBuilder.obj
 0001:0001a6d0       ?allocate@?$Array@VPair@@V?$ReflectionAllocator@VPair@@@shdfnd@physx@@@shdfnd@physx@@IAEPAVPair@@I@Z 1001b6d0 f i ConvexPolygonsBuilder.obj
 0001:0001ad60       ?copy@?$Array@VPair@@V?$ReflectionAllocator@VPair@@@shdfnd@physx@@@shdfnd@physx@@KAXPAVPair@@0PBV4@@Z 1001bd60 f i ConvexPolygonsBuilder.obj
 0001:0001ba90       ?growAndPushBack@?$Array@VPair@@V?$ReflectionAllocator@VPair@@@shdfnd@physx@@@shdfnd@physx@@IAEAAVPair@@ABV4@@Z 1001ca90 f i ConvexPolygonsBuilder.obj
 0001:0001bb10       ??0QuickHullConvexHullLib@physx@@QAE@ABVPxConvexMeshDesc@1@ABUPxCookingParams@1@@Z 1001cb10 f   QuickHullConvexHullLib.obj
 0001:0001bbd0       ??1QuickHullConvexHullLib@physx@@UAE@XZ 1001cbd0 f   QuickHullConvexHullLib.obj
 0001:0001bc50       ?createConvexHull@QuickHullConvexHullLib@physx@@UAE?AW4Enum@PxConvexMeshCookingResult@2@XZ 1001cc50 f   QuickHullConvexHullLib.obj
 0001:0001c140       ?fillConvexMeshDesc@QuickHullConvexHullLib@physx@@UAEXAAVPxConvexMeshDesc@2@@Z 1001d140 f   QuickHullConvexHullLib.obj
 0001:0001c180       ?createEdgeList@QuickHullConvexHullLib@physx@@UAE_NIPBEPAPAEPAPAG2@Z 1001d180 f   QuickHullConvexHullLib.obj
 0001:0001c3c0       ?expandHullOBB@QuickHullConvexHullLib@physx@@IAE?AW4Enum@PxConvexMeshCookingResult@2@XZ 1001d3c0 f   QuickHullConvexHullLib.obj
 0001:0001c7c0       ?expandHull@QuickHullConvexHullLib@physx@@IAE?AW4Enum@PxConvexMeshCookingResult@2@XZ 1001d7c0 f   QuickHullConvexHullLib.obj
 0001:0001ce20       ?cleanupForSimplex@QuickHullConvexHullLib@physx@@IAE_NPAVPxVec3@2@IPAUQuickHullVertex@local@@1AAM2@Z 1001de20 f   QuickHullConvexHullLib.obj
 0001:0001d520       ?fillConvexMeshDescFromQuickHull@QuickHullConvexHullLib@physx@@IAEXAAVPxConvexMeshDesc@2@@Z 1001e520 f   QuickHullConvexHullLib.obj
 0001:0001d8f0       ?fillConvexMeshDescFromCroppedHull@QuickHullConvexHullLib@physx@@IAEXAAVPxConvexMeshDesc@2@@Z 1001e8f0 f   QuickHullConvexHullLib.obj
 0001:0001dab0       ?getOppositeFaceDistance@QuickHullHalfEdge@local@@QBEMXZ 1001eab0 f   QuickHullConvexHullLib.obj
 0001:0001daf0       ?mergeAdjacentFace@QuickHullFace@local@@QAE_NPAUQuickHullHalfEdge@2@AAV?$Array@PAUQuickHullFace@local@@V?$ReflectionAllocator@PAUQuickHullFace@local@@@shdfnd@physx@@@shdfnd@physx@@@Z 1001eaf0 f   QuickHullConvexHullLib.obj
 0001:0001def0       ?checkFaceConsistency@QuickHullFace@local@@QAE_NXZ 1001eef0 f   QuickHullConvexHullLib.obj
 0001:0001df00       ?connectHalfEdges@QuickHullFace@local@@AAEPAU12@PAUQuickHullHalfEdge@2@0@Z 1001ef00 f   QuickHullConvexHullLib.obj
 0001:0001e220       ??0QuickHull@local@@QAE@ABUPxCookingParams@physx@@ABVPxConvexMeshDesc@3@@Z 1001f220 f   QuickHullConvexHullLib.obj
 0001:0001e370       ??1QuickHull@local@@QAE@XZ 1001f370 f   QuickHullConvexHullLib.obj
 0001:0001e470       ?preallocate@QuickHull@local@@QAEXI@Z 1001f470 f   QuickHullConvexHullLib.obj
 0001:0001e5e0       ?parseInputVertices@QuickHull@local@@QAEXPBVPxVec3@physx@@I@Z 1001f5e0 f   QuickHullConvexHullLib.obj
 0001:0001e640       ?releaseHull@QuickHull@local@@QAEXXZ 1001f640 f   QuickHullConvexHullLib.obj
 0001:0001e670       ?setPrecomputedMinMax@QuickHull@local@@QAEXPBUQuickHullVertex@2@0MM@Z 1001f670 f   QuickHullConvexHullLib.obj
 0001:0001e7e0       ?buildHull@QuickHull@local@@QAE?AW4Enum@QuickHullResult@2@XZ 1001f7e0 f   QuickHullConvexHullLib.obj
 0001:0001ea60       ?maxNumVertsPerFace@QuickHull@local@@QBEIXZ 1001fa60 f   QuickHullConvexHullLib.obj
 0001:0001ea90       ?computeMinMaxVerts@QuickHull@local@@IAEXXZ 1001fa90 f   QuickHullConvexHullLib.obj
 0001:0001ede0       ?findSimplex@QuickHull@local@@IAE_NXZ 1001fde0 f   QuickHullConvexHullLib.obj
 0001:0001f290       ?addSimplex@QuickHull@local@@IAEXPAUQuickHullVertex@2@_N@Z 10020290 f   QuickHullConvexHullLib.obj
 0001:0001f620       ?nextPointToAdd@QuickHull@local@@IAEPAUQuickHullVertex@2@AAPAUQuickHullFace@2@@Z 10020620 f   QuickHullConvexHullLib.obj
 0001:0001f690       ?addPointToHull@QuickHull@local@@IAE_NPBUQuickHullVertex@2@AAUQuickHullFace@2@AA_N@Z 10020690 f   QuickHullConvexHullLib.obj
 0001:0001f9b0       ?createTriangle@QuickHull@local@@IAEPAUQuickHullFace@2@ABUQuickHullVertex@2@00@Z 100209b0 f   QuickHullConvexHullLib.obj
 0001:0001fd30       ?addPointToFace@QuickHull@local@@IAEXAAUQuickHullFace@2@PAUQuickHullVertex@2@M@Z 10020d30 f   QuickHullConvexHullLib.obj
 0001:0001fd80       ?removeEyePointFromFace@QuickHull@local@@IAEXAAUQuickHullFace@2@PBUQuickHullVertex@2@@Z 10020d80 f   QuickHullConvexHullLib.obj
 0001:0001fd90       ?calculateHorizon@QuickHull@local@@IAEXABVPxVec3@physx@@PAUQuickHullHalfEdge@2@AAUQuickHullFace@2@AAV?$Array@PAUQuickHullHalfEdge@local@@V?$ReflectionAllocator@PAUQuickHullHalfEdge@local@@@shdfnd@physx@@@shdfnd@4@AAV?$Array@PAUQuickHullFace@local@@V?$ReflectionAllocator@PAUQuickHullFace@local@@@shdfnd@physx@@@84@@Z 10020d90 f   QuickHullConvexHullLib.obj
 0001:0001fea0       ?addNewFacesFromHorizon@QuickHull@local@@IAEXPBUQuickHullVertex@2@ABV?$Array@PAUQuickHullHalfEdge@local@@V?$ReflectionAllocator@PAUQuickHullHalfEdge@local@@@shdfnd@physx@@@shdfnd@physx@@AAV?$Array@PAUQuickHullFace@local@@V?$ReflectionAllocator@PAUQuickHullFace@local@@@shdfnd@physx@@@56@@Z 10020ea0 f   QuickHullConvexHullLib.obj
 0001:0001ffb0       ?doAdjacentMerge@QuickHull@local@@IAE_NAAUQuickHullFace@2@_NAA_N@Z 10020fb0 f   QuickHullConvexHullLib.obj
 0001:000201f0       ?doPostAdjacentMerge@QuickHull@local@@IAE_NAAUQuickHullFace@2@M@Z 100211f0 f   QuickHullConvexHullLib.obj
 0001:000202e0       ?deleteFacePoints@QuickHull@local@@IAEXAAUQuickHullFace@2@PAU32@@Z 100212e0 f   QuickHullConvexHullLib.obj
 0001:000203d0       ?resolveUnclaimedPoints@QuickHull@local@@IAEXABV?$Array@PAUQuickHullFace@local@@V?$ReflectionAllocator@PAUQuickHullFace@local@@@shdfnd@physx@@@shdfnd@physx@@@Z 100213d0 f   QuickHullConvexHullLib.obj
 0001:000204d0       ?postMergeHull@QuickHull@local@@IAEXXZ 100214d0 f   QuickHullConvexHullLib.obj
 0001:00020600       ?canMergeFaces@QuickHull@local@@IAE_NABUQuickHullHalfEdge@2@@Z 10021600 f   QuickHullConvexHullLib.obj
 0001:00020cf0       ?getExpandPoint@local@@YAXABUQuickHullHalfEdge@1@AAUExpandPoint@1@PBV?$Array@IV?$ReflectionAllocator@I@shdfnd@physx@@@shdfnd@physx@@@Z 10021cf0 f   QuickHullConvexHullLib.obj
 0001:00020d80       ?addExpandPoint@local@@YAXABUExpandPoint@1@AAV?$Array@UExpandPoint@local@@V?$ReflectionAllocator@UExpandPoint@local@@@shdfnd@physx@@@shdfnd@physx@@@Z 10021d80 f   QuickHullConvexHullLib.obj
 0001:00020e60       ??0PxPlane@physx@@QAE@ABV01@@Z 10021e60 f i QuickHullConvexHullLib.obj
 0001:00020e80       ??0QuickHullVertex@local@@QAE@XZ 10021e80 f i QuickHullConvexHullLib.obj
 0001:00020e90       ??1?$MemBlock@UQuickHullFace@local@@$00@local@@QAE@XZ 10021e90 f i QuickHullConvexHullLib.obj
 0001:00020ef0       ??1?$MemBlock@UQuickHullHalfEdge@local@@$0A@@local@@QAE@XZ 10021ef0 f i QuickHullConvexHullLib.obj
 0001:00020f50       ??_GConvexHull@physx@@QAEPAXI@Z 10021f50 f i QuickHullConvexHullLib.obj
 0001:00020ff0       ??_GQuickHullConvexHullLib@physx@@UAEPAXI@Z 10021ff0 f i QuickHullConvexHullLib.obj
 0001:00020ff0       ??_EQuickHullConvexHullLib@physx@@UAEPAXI@Z 10021ff0 f i QuickHullConvexHullLib.obj
 0001:000210a0       ??__G@YGXPAX0IIP6EPAX00@Z@Z 100220a0 f i QuickHullConvexHullLib.obj
 0001:000210e0       ?allocate@?$Array@PAUQuickHullFace@local@@V?$ReflectionAllocator@PAUQuickHullFace@local@@@shdfnd@physx@@@shdfnd@physx@@IAEPAPAUQuickHullFace@local@@I@Z 100220e0 f i QuickHullConvexHullLib.obj
 0001:00021150       ?allocate@?$Array@PAUQuickHullHalfEdge@local@@V?$ReflectionAllocator@PAUQuickHullHalfEdge@local@@@shdfnd@physx@@@shdfnd@physx@@IAEPAPAUQuickHullHalfEdge@local@@I@Z 10022150 f i QuickHullConvexHullLib.obj
 0001:000211c0       ?allocate@?$Array@PAUQuickHullVertex@local@@V?$ReflectionAllocator@PAUQuickHullVertex@local@@@shdfnd@physx@@@shdfnd@physx@@IAEPAPAUQuickHullVertex@local@@I@Z 100221c0 f i QuickHullConvexHullLib.obj
 0001:00021230       ?allocate@?$Array@UExpandPoint@local@@V?$ReflectionAllocator@UExpandPoint@local@@@shdfnd@physx@@@shdfnd@physx@@IAEPAUExpandPoint@local@@I@Z 10022230 f i QuickHullConvexHullLib.obj
 0001:000212a0       ?copy@?$Array@UExpandPoint@local@@V?$ReflectionAllocator@UExpandPoint@local@@@shdfnd@physx@@@shdfnd@physx@@KAXPAUExpandPoint@local@@0PBU45@@Z 100222a0 f i QuickHullConvexHullLib.obj
 0001:00021330       ?getFreeItem@?$MemBlock@UQuickHullFace@local@@$00@local@@QAEPAUQuickHullFace@2@XZ 10022330 f i QuickHullConvexHullLib.obj
 0001:00021410       ?getFreeItem@?$MemBlock@UQuickHullHalfEdge@local@@$0A@@local@@QAEPAUQuickHullHalfEdge@2@XZ 10022410 f i QuickHullConvexHullLib.obj
 0001:000214b0       ?growAndPushBack@?$Array@PAUQuickHullFace@local@@V?$ReflectionAllocator@PAUQuickHullFace@local@@@shdfnd@physx@@@shdfnd@physx@@IAEAAPAUQuickHullFace@local@@ABQAU45@@Z 100224b0 f i QuickHullConvexHullLib.obj
 0001:00021560       ?growAndPushBack@?$Array@PAUQuickHullHalfEdge@local@@V?$ReflectionAllocator@PAUQuickHullHalfEdge@local@@@shdfnd@physx@@@shdfnd@physx@@IAEAAPAUQuickHullHalfEdge@local@@ABQAU45@@Z 10022560 f i QuickHullConvexHullLib.obj
 0001:00021610       ?growAndPushBack@?$Array@PAUQuickHullVertex@local@@V?$ReflectionAllocator@PAUQuickHullVertex@local@@@shdfnd@physx@@@shdfnd@physx@@IAEAAPAUQuickHullVertex@local@@ABQAU45@@Z 10022610 f i QuickHullConvexHullLib.obj
 0001:000216c0       ?growAndPushBack@?$Array@UExpandPoint@local@@V?$ReflectionAllocator@UExpandPoint@local@@@shdfnd@physx@@@shdfnd@physx@@IAEAAUExpandPoint@local@@ABU45@@Z 100226c0 f i QuickHullConvexHullLib.obj
 0001:000217b0       ?init@?$MemBlock@UQuickHullFace@local@@$00@local@@QAEXI@Z 100227b0 f i QuickHullConvexHullLib.obj
 0001:00021850       ?recreate@?$Array@PAUQuickHullFace@local@@V?$ReflectionAllocator@PAUQuickHullFace@local@@@shdfnd@physx@@@shdfnd@physx@@IAEXI@Z 10022850 f i QuickHullConvexHullLib.obj
 0001:000218e0       ?recreate@?$Array@PAUQuickHullHalfEdge@local@@V?$ReflectionAllocator@PAUQuickHullHalfEdge@local@@@shdfnd@physx@@@shdfnd@physx@@IAEXI@Z 100228e0 f i QuickHullConvexHullLib.obj
 0001:00021970       ?recreate@?$Array@PAUQuickHullVertex@local@@V?$ReflectionAllocator@PAUQuickHullVertex@local@@@shdfnd@physx@@@shdfnd@physx@@IAEXI@Z 10022970 f i QuickHullConvexHullLib.obj
 0001:00021a00       ?recreate@?$Array@UExpandPoint@local@@V?$ReflectionAllocator@UExpandPoint@local@@@shdfnd@physx@@@shdfnd@physx@@IAEXI@Z 10022a00 f i QuickHullConvexHullLib.obj
 0001:00021a50       ?computeVolumeIntegrals@physx@@YA_NABVPxSimpleTriangleMesh@1@MAAUPxIntegrals@1@@Z 10022a50 f   VolumeIntegration.obj
 0001:00021ac0       ?computeVolumeIntegralsEberly@physx@@YA_NABVPxConvexMeshDesc@1@MAAUPxIntegrals@1@ABVPxVec3@1@@Z 10022ac0 f   VolumeIntegration.obj
 0001:00021b10       ?computeVolumeIntegralsEberlySIMD@physx@@YA_NABVPxConvexMeshDesc@1@MAAUPxIntegrals@1@ABVPxVec3@1@@Z 10022b10 f   VolumeIntegration.obj
 0001:00023fc0       _PxSetPhysXCookingDelayLoadHook 10024fc0 f   WindowsCookingDelayLoadHook.obj
 0001:00023fd0       ?delayHook@@YGP6GHXZIPAUDelayLoadInfo@@@Z 10024fd0 f   WindowsCookingDelayLoadHook.obj
 0001:00024070       __imp_load_??0RadixSortBuffered@Cm@physx@@QAE@XZ 10025070 f   PhysXCommon_32:PhysXCommon_32.dll
 0001:0002407a       ??0RadixSortBuffered@Cm@physx@@QAE@XZ 1002507a f   PhysXCommon_32:PhysXCommon_32.dll
 0001:00024080       __tailMerge_physxcommon_32_dll 10025080     PhysXCommon_32:PhysXCommon_32.dll
 0001:00024091       __imp_load_??1RadixSortBuffered@Cm@physx@@UAE@XZ 10025091 f   PhysXCommon_32:PhysXCommon_32.dll
 0001:0002409b       ??1RadixSortBuffered@Cm@physx@@UAE@XZ 1002509b f   PhysXCommon_32:PhysXCommon_32.dll
 0001:000240a1       __imp_load_?Sort@RadixSortBuffered@Cm@physx@@QAEAAV123@PBIIW4RadixHint@23@@Z 100250a1 f   PhysXCommon_32:PhysXCommon_32.dll
 0001:000240ab       ?Sort@RadixSortBuffered@Cm@physx@@QAEAAV123@PBIIW4RadixHint@23@@Z 100250ab f   PhysXCommon_32:PhysXCommon_32.dll
 0001:000240b1       __imp_load_?readDword@physx@@YAI_NAAVPxInputStream@1@@Z 100250b1 f   PhysXCommon_32:PhysXCommon_32.dll
 0001:000240bb       ?readDword@physx@@YAI_NAAVPxInputStream@1@@Z 100250bb f   PhysXCommon_32:PhysXCommon_32.dll
 0001:000240c1       __imp_load_?ReadHeader@Gu@physx@@YA_NEEEEAAIAA_NAAVPxInputStream@2@@Z 100250c1 f   PhysXCommon_32:PhysXCommon_32.dll
 0001:000240cb       ?ReadHeader@Gu@physx@@YA_NEEEEAAIAA_NAAVPxInputStream@2@@Z 100250cb f   PhysXCommon_32:PhysXCommon_32.dll
 0001:000240d1       __imp_load_?exportExtraData@ConvexMesh@Gu@physx@@UAEXAAVPxSerializationContext@3@@Z 100250d1 f   PhysXCommon_32:PhysXCommon_32.dll
 0001:000240db       ?exportExtraData@ConvexMesh@Gu@physx@@UAEXAAVPxSerializationContext@3@@Z 100250db f   PhysXCommon_32:PhysXCommon_32.dll
 0001:000240e1       __imp_load_?onRefCountZero@ConvexMesh@Gu@physx@@UAEXXZ 100250e1 f   PhysXCommon_32:PhysXCommon_32.dll
 0001:000240eb       ?onRefCountZero@ConvexMesh@Gu@physx@@UAEXXZ 100250eb f   PhysXCommon_32:PhysXCommon_32.dll
 0001:000240f1       __imp_load_?release@ConvexMesh@Gu@physx@@UAEXXZ 100250f1 f   PhysXCommon_32:PhysXCommon_32.dll
 0001:000240fb       ?release@ConvexMesh@Gu@physx@@UAEXXZ 100250fb f   PhysXCommon_32:PhysXCommon_32.dll
 0001:00024101       __imp_load_?getPolygonData@ConvexMesh@Gu@physx@@UBE_NIAAUPxHullPolygon@3@@Z 10025101 f   PhysXCommon_32:PhysXCommon_32.dll
 0001:0002410b       ?getPolygonData@ConvexMesh@Gu@physx@@UBE_NIAAUPxHullPolygon@3@@Z 1002510b f   PhysXCommon_32:PhysXCommon_32.dll
 0001:00024111       __imp_load_?isGpuCompatible@ConvexMesh@Gu@physx@@UBE_NXZ 10025111 f   PhysXCommon_32:PhysXCommon_32.dll
 0001:0002411b       ?isGpuCompatible@ConvexMesh@Gu@physx@@UBE_NXZ 1002511b f   PhysXCommon_32:PhysXCommon_32.dll
 0001:00024121       __imp_load_?getReferenceCount@ConvexMesh@Gu@physx@@UBEIXZ 10025121 f   PhysXCommon_32:PhysXCommon_32.dll
 0001:0002412b       ?getReferenceCount@ConvexMesh@Gu@physx@@UBEIXZ 1002512b f   PhysXCommon_32:PhysXCommon_32.dll
 0001:00024131       __imp_load_?acquireReference@ConvexMesh@Gu@physx@@UAEXXZ 10025131 f   PhysXCommon_32:PhysXCommon_32.dll
 0001:0002413b       ?acquireReference@ConvexMesh@Gu@physx@@UAEXXZ 1002513b f   PhysXCommon_32:PhysXCommon_32.dll
 0001:00024141       __imp_load_?getMassInformation@ConvexMesh@Gu@physx@@UBEXAAMAAVPxMat33@3@AAVPxVec3@3@@Z 10025141 f   PhysXCommon_32:PhysXCommon_32.dll
 0001:0002414b       ?getMassInformation@ConvexMesh@Gu@physx@@UBEXAAMAAVPxMat33@3@AAVPxVec3@3@@Z 1002514b f   PhysXCommon_32:PhysXCommon_32.dll
 0001:00024151       __imp_load_?getLocalBounds@ConvexMesh@Gu@physx@@UBE?AVPxBounds3@3@XZ 10025151 f   PhysXCommon_32:PhysXCommon_32.dll
 0001:0002415b       ?getLocalBounds@ConvexMesh@Gu@physx@@UBE?AVPxBounds3@3@XZ 1002515b f   PhysXCommon_32:PhysXCommon_32.dll
 0001:00024161       __imp_load_??1ConvexMesh@Gu@physx@@UAE@XZ 10025161 f   PhysXCommon_32:PhysXCommon_32.dll
 0001:0002416b       ??1ConvexMesh@Gu@physx@@UAE@XZ 1002516b f   PhysXCommon_32:PhysXCommon_32.dll
 0001:00024171       __imp_load_??0HeightField@Gu@physx@@QAE@PAVGuMeshFactory@2@@Z 10025171 f   PhysXCommon_32:PhysXCommon_32.dll
 0001:0002417b       ??0HeightField@Gu@physx@@QAE@PAVGuMeshFactory@2@@Z 1002517b f   PhysXCommon_32:PhysXCommon_32.dll
 0001:00024181       __imp_load_?loadFromDesc@HeightField@Gu@physx@@QAE_NABVPxHeightFieldDesc@3@@Z 10025181 f   PhysXCommon_32:PhysXCommon_32.dll
 0001:0002418b       ?loadFromDesc@HeightField@Gu@physx@@QAE_NABVPxHeightFieldDesc@3@@Z 1002518b f   PhysXCommon_32:PhysXCommon_32.dll
 0001:00024191       __imp_load_?computeCellCoordinates@HeightField@Gu@physx@@QBEIMMAAM0@Z 10025191 f   PhysXCommon_32:PhysXCommon_32.dll
 0001:0002419b       ?computeCellCoordinates@HeightField@Gu@physx@@QBEIMMAAM0@Z 1002519b f   PhysXCommon_32:PhysXCommon_32.dll
 0001:000241a1       __imp_load_?releaseMemory@HeightField@Gu@physx@@QAEXXZ 100251a1 f   PhysXCommon_32:PhysXCommon_32.dll
 0001:000241ab       ?releaseMemory@HeightField@Gu@physx@@QAEXXZ 100251ab f   PhysXCommon_32:PhysXCommon_32.dll
 0001:000241b1       __imp_load_??1HeightField@Gu@physx@@UAE@XZ 100251b1 f   PhysXCommon_32:PhysXCommon_32.dll
 0001:000241bb       ??1HeightField@Gu@physx@@UAE@XZ 100251bb f   PhysXCommon_32:PhysXCommon_32.dll
 0001:000241c1       __imp_load_??0NodeAllocator@Gu@physx@@QAE@XZ 100251c1 f   PhysXCommon_32:PhysXCommon_32.dll
 0001:000241cb       ??0NodeAllocator@Gu@physx@@QAE@XZ 100251cb f   PhysXCommon_32:PhysXCommon_32.dll
 0001:000241d1       __imp_load_??1NodeAllocator@Gu@physx@@QAE@XZ 100251d1 f   PhysXCommon_32:PhysXCommon_32.dll
 0001:000241db       ??1NodeAllocator@Gu@physx@@QAE@XZ 100251db f   PhysXCommon_32:PhysXCommon_32.dll
 0001:000241e1       __imp_load_?release@NodeAllocator@Gu@physx@@QAEXXZ 100251e1 f   PhysXCommon_32:PhysXCommon_32.dll
 0001:000241eb       ?release@NodeAllocator@Gu@physx@@QAEXXZ 100251eb f   PhysXCommon_32:PhysXCommon_32.dll
 0001:000241f1       __imp_load_?buildAABBTree@Gu@physx@@YA_NAAVAABBTreeBuildParams@12@AAVNodeAllocator@12@AAUBuildStats@12@AAPAI@Z 100251f1 f   PhysXCommon_32:PhysXCommon_32.dll
 0001:000241fb       ?buildAABBTree@Gu@physx@@YA_NAAVAABBTreeBuildParams@12@AAVNodeAllocator@12@AAUBuildStats@12@AAPAI@Z 100251fb f   PhysXCommon_32:PhysXCommon_32.dll
 0001:00024201       __imp_load_?writeDword@physx@@YAXI_NAAVPxOutputStream@1@@Z 10025201 f   PhysXCommon_32:PhysXCommon_32.dll
 0001:0002420b       ?writeDword@physx@@YAXI_NAAVPxOutputStream@1@@Z 1002520b f   PhysXCommon_32:PhysXCommon_32.dll
 0001:00024211       __imp_load_?writeFloatBuffer@physx@@YAXPBMI_NAAVPxOutputStream@1@@Z 10025211 f   PhysXCommon_32:PhysXCommon_32.dll
 0001:0002421b       ?writeFloatBuffer@physx@@YAXPBMI_NAAVPxOutputStream@1@@Z 1002521b f   PhysXCommon_32:PhysXCommon_32.dll
 0001:00024221       __imp_load_?writeHeader@physx@@YA_NCCCCI_NAAVPxOutputStream@1@@Z 10025221 f   PhysXCommon_32:PhysXCommon_32.dll
 0001:0002422b       ?writeHeader@physx@@YA_NCCCCI_NAAVPxOutputStream@1@@Z 1002522b f   PhysXCommon_32:PhysXCommon_32.dll
 0001:00024231       __imp_load_?writeWord@physx@@YAXG_NAAVPxOutputStream@1@@Z 10025231 f   PhysXCommon_32:PhysXCommon_32.dll
 0001:0002423b       ?writeWord@physx@@YAXG_NAAVPxOutputStream@1@@Z 1002523b f   PhysXCommon_32:PhysXCommon_32.dll
 0001:00024241       __imp_load_?writeFloat@physx@@YAXM_NAAVPxOutputStream@1@@Z 10025241 f   PhysXCommon_32:PhysXCommon_32.dll
 0001:0002424b       ?writeFloat@physx@@YAXM_NAAVPxOutputStream@1@@Z 1002524b f   PhysXCommon_32:PhysXCommon_32.dll
 0001:00024251       __imp_load_?computeBoundsAroundVertices@Gu@physx@@YAXAAVPxBounds3@2@IPIBVPxVec3@2@@Z 10025251 f   PhysXCommon_32:PhysXCommon_32.dll
 0001:0002425b       ?computeBoundsAroundVertices@Gu@physx@@YAXAAVPxBounds3@2@IPIBVPxVec3@2@@Z 1002525b f   PhysXCommon_32:PhysXCommon_32.dll
 0001:00024261       __imp_load_??0SourceMesh@Gu@physx@@QAE@XZ 10025261 f   PhysXCommon_32:PhysXCommon_32.dll
 0001:0002426b       ??0SourceMesh@Gu@physx@@QAE@XZ 1002526b f   PhysXCommon_32:PhysXCommon_32.dll
 0001:00024271       __imp_load_??1SourceMesh@Gu@physx@@QAE@XZ 10025271 f   PhysXCommon_32:PhysXCommon_32.dll
 0001:0002427b       ??1SourceMesh@Gu@physx@@QAE@XZ 1002527b f   PhysXCommon_32:PhysXCommon_32.dll
 0001:00024281       __imp_load_??0BV4Tree@Gu@physx@@QAE@XZ 10025281 f   PhysXCommon_32:PhysXCommon_32.dll
 0001:0002428b       ??0BV4Tree@Gu@physx@@QAE@XZ 1002528b f   PhysXCommon_32:PhysXCommon_32.dll
 0001:00024291       __imp_load_??1BV4Tree@Gu@physx@@QAE@XZ 10025291 f   PhysXCommon_32:PhysXCommon_32.dll
 0001:0002429b       ??1BV4Tree@Gu@physx@@QAE@XZ 1002529b f   PhysXCommon_32:PhysXCommon_32.dll
 0001:000242a1       __imp_load_??0BV32Tree@Gu@physx@@QAE@XZ 100252a1 f   PhysXCommon_32:PhysXCommon_32.dll
 0001:000242ab       ??0BV32Tree@Gu@physx@@QAE@XZ 100252ab f   PhysXCommon_32:PhysXCommon_32.dll
 0001:000242b1       __imp_load_??1BV32Tree@Gu@physx@@QAE@XZ 100252b1 f   PhysXCommon_32:PhysXCommon_32.dll
 0001:000242bb       ??1BV32Tree@Gu@physx@@QAE@XZ 100252bb f   PhysXCommon_32:PhysXCommon_32.dll
 0001:000242c1       __imp_load_?writeWordBuffer@physx@@YAXPBGI_NAAVPxOutputStream@1@@Z 100252c1 f   PhysXCommon_32:PhysXCommon_32.dll
 0001:000242cb       ?writeWordBuffer@physx@@YAXPBGI_NAAVPxOutputStream@1@@Z 100252cb f   PhysXCommon_32:PhysXCommon_32.dll
 0001:000242d1       __imp_load_?computeMaxIndex@physx@@YAIPBII@Z 100252d1 f   PhysXCommon_32:PhysXCommon_32.dll
 0001:000242db       ?computeMaxIndex@physx@@YAIPBII@Z 100252db f   PhysXCommon_32:PhysXCommon_32.dll
 0001:000242e1       __imp_load_?storeIndices@physx@@YAXIIPBIAAVPxOutputStream@1@_N@Z 100252e1 f   PhysXCommon_32:PhysXCommon_32.dll
 0001:000242eb       ?storeIndices@physx@@YAXIIPBIAAVPxOutputStream@1@_N@Z 100252eb f   PhysXCommon_32:PhysXCommon_32.dll
 0001:000242f1       __imp_load_?BuildBV4Ex@Gu@physx@@YA_NAAVBV4Tree@12@AAVSourceMesh@12@MI@Z 100252f1 f   PhysXCommon_32:PhysXCommon_32.dll
 0001:000242fb       ?BuildBV4Ex@Gu@physx@@YA_NAAVBV4Tree@12@AAVSourceMesh@12@MI@Z 100252fb f   PhysXCommon_32:PhysXCommon_32.dll
 0001:00024301       __imp_load_?BuildBV32Ex@Gu@physx@@YA_NAAVBV32Tree@12@AAVSourceMesh@12@MI@Z 10025301 f   PhysXCommon_32:PhysXCommon_32.dll
 0001:0002430b       ?BuildBV32Ex@Gu@physx@@YA_NAAVBV32Tree@12@AAVSourceMesh@12@MI@Z 1002530b f   PhysXCommon_32:PhysXCommon_32.dll
 0001:00024311       __imp_load_?computeMaxIndex@physx@@YAGPBGI@Z 10025311 f   PhysXCommon_32:PhysXCommon_32.dll
 0001:0002431b       ?computeMaxIndex@physx@@YAGPBGI@Z 1002531b f   PhysXCommon_32:PhysXCommon_32.dll
 0001:00024321       __imp_load_?WriteHeader@Gu@physx@@YA_NEEEEI_NAAVPxOutputStream@2@@Z 10025321 f   PhysXCommon_32:PhysXCommon_32.dll
 0001:0002432b       ?WriteHeader@Gu@physx@@YA_NEEEEI_NAAVPxOutputStream@2@@Z 1002532b f   PhysXCommon_32:PhysXCommon_32.dll
 0001:00024331       __imp_load_?StoreIndices@Gu@physx@@YAXGIPBGAAVPxOutputStream@2@_N@Z 10025331 f   PhysXCommon_32:PhysXCommon_32.dll
 0001:0002433b       ?StoreIndices@Gu@physx@@YAXGIPBGAAVPxOutputStream@2@_N@Z 1002533b f   PhysXCommon_32:PhysXCommon_32.dll
 0001:00024341       __imp_load_?CreateOffsets@BigConvexData@physx@@IAEXXZ 10025341 f   PhysXCommon_32:PhysXCommon_32.dll
 0001:0002434b       ?CreateOffsets@BigConvexData@physx@@IAEXXZ 1002534b f   PhysXCommon_32:PhysXCommon_32.dll
 0001:00024351       __imp_load_?computeOBBPoints@Gu@physx@@YAXPIAVPxVec3@2@ABV32@1111@Z 10025351 f   PhysXCommon_32:PhysXCommon_32.dll
 0001:0002435b       ?computeOBBPoints@Gu@physx@@YAXPIAVPxVec3@2@ABV32@1111@Z 1002535b f   PhysXCommon_32:PhysXCommon_32.dll
 0001:00024361       __imp_load_??0BigConvexData@physx@@QAE@XZ 10025361 f   PhysXCommon_32:PhysXCommon_32.dll
 0001:0002436b       ??0BigConvexData@physx@@QAE@XZ 1002536b f   PhysXCommon_32:PhysXCommon_32.dll
 0001:00024371       __imp_load_??1BigConvexData@physx@@QAE@XZ 10025371 f   PhysXCommon_32:PhysXCommon_32.dll
 0001:0002437b       ??1BigConvexData@physx@@QAE@XZ 1002537b f   PhysXCommon_32:PhysXCommon_32.dll
 0001:00024381       __imp_load__PxGetFoundation 10025381 f   PhysXFoundation_32:PhysXFoundation_32.dll
 0001:0002438b       _PxGetFoundation           1002538b f   PhysXFoundation_32:PhysXFoundation_32.dll
 0001:00024391       __tailMerge_physxfoundation_32_dll 10025391     PhysXFoundation_32:PhysXFoundation_32.dll
 0001:000243a2       __imp_load_?getAllocator@shdfnd@physx@@YAAAVPxAllocatorCallback@2@XZ 100253a2 f   PhysXFoundation_32:PhysXFoundation_32.dll
 0001:000243ac       ?getAllocator@shdfnd@physx@@YAAAVPxAllocatorCallback@2@XZ 100253ac f   PhysXFoundation_32:PhysXFoundation_32.dll
 0001:000243b2       __imp_load_?getInstance@Foundation@shdfnd@physx@@SAAAV123@XZ 100253b2 f   PhysXFoundation_32:PhysXFoundation_32.dll
 0001:000243bc       ?getInstance@Foundation@shdfnd@physx@@SAAAV123@XZ 100253bc f   PhysXFoundation_32:PhysXFoundation_32.dll
 0001:000243c2       __imp_load_?error@Foundation@shdfnd@physx@@QAAXW4Enum@PxErrorCode@3@PBDH1ZZ 100253c2 f   PhysXFoundation_32:PhysXFoundation_32.dll
 0001:000243cc       ?error@Foundation@shdfnd@physx@@QAAXW4Enum@PxErrorCode@3@PBDH1ZZ 100253cc f   PhysXFoundation_32:PhysXFoundation_32.dll
 0001:000243d2       __imp_load_?incRefCount@Foundation@shdfnd@physx@@SAXXZ 100253d2 f   PhysXFoundation_32:PhysXFoundation_32.dll
 0001:000243dc       ?incRefCount@Foundation@shdfnd@physx@@SAXXZ 100253dc f   PhysXFoundation_32:PhysXFoundation_32.dll
 0001:000243e2       __imp_load_?decRefCount@Foundation@shdfnd@physx@@SAXXZ 100253e2 f   PhysXFoundation_32:PhysXFoundation_32.dll
 0001:000243ec       ?decRefCount@Foundation@shdfnd@physx@@SAXXZ 100253ec f   PhysXFoundation_32:PhysXFoundation_32.dll
 0001:000243f2       __imp_load_??0FPUGuard@shdfnd@physx@@QAE@XZ 100253f2 f   PhysXFoundation_32:PhysXFoundation_32.dll
 0001:000243fc       ??0FPUGuard@shdfnd@physx@@QAE@XZ 100253fc f   PhysXFoundation_32:PhysXFoundation_32.dll
 0001:00024402       __imp_load_??1FPUGuard@shdfnd@physx@@QAE@XZ 10025402 f   PhysXFoundation_32:PhysXFoundation_32.dll
 0001:0002440c       ??1FPUGuard@shdfnd@physx@@QAE@XZ 1002540c f   PhysXFoundation_32:PhysXFoundation_32.dll
 0001:00024412       __imp_load_?allocate@TempAllocator@shdfnd@physx@@QAEPAXIPBDH@Z 10025412 f   PhysXFoundation_32:PhysXFoundation_32.dll
 0001:0002441c       ?allocate@TempAllocator@shdfnd@physx@@QAEPAXIPBDH@Z 1002541c f   PhysXFoundation_32:PhysXFoundation_32.dll
 0001:00024422       __imp_load_?deallocate@TempAllocator@shdfnd@physx@@QAEXPAX@Z 10025422 f   PhysXFoundation_32:PhysXFoundation_32.dll
 0001:0002442c       ?deallocate@TempAllocator@shdfnd@physx@@QAEXPAX@Z 1002542c f   PhysXFoundation_32:PhysXFoundation_32.dll
 0001:00024432       __imp_load_?PxDiagonalize@physx@@YA?AVPxVec3@1@ABVPxMat33@1@AAVPxQuat@1@@Z 10025432 f   PhysXFoundation_32:PhysXFoundation_32.dll
 0001:0002443c       ?PxDiagonalize@physx@@YA?AVPxVec3@1@ABVPxMat33@1@AAVPxQuat@1@@Z 1002543c f   PhysXFoundation_32:PhysXFoundation_32.dll
 0001:00024442       _LoadLibraryA@4            10025442 f   kernel32:KERNEL32.dll
 0001:00024448       ??$PFromRva@PAP6GHXZ@@YGPAP6GHXZK@Z 10025448 f i Delayimp:delayhlp.obj
 0001:0002445a       ??$PFromRva@PAPAUHINSTANCE__@@@@YGPAPAUHINSTANCE__@@K@Z 1002545a f i Delayimp:delayhlp.obj
 0001:0002446c       ??$PFromRva@PAU_IMAGE_IMPORT_BY_NAME@@@@YGPAU_IMAGE_IMPORT_BY_NAME@@K@Z 1002546c f i Delayimp:delayhlp.obj
 0001:0002447e       ??$PFromRva@PAU_IMAGE_THUNK_DATA32@@@@YGPAU_IMAGE_THUNK_DATA32@@K@Z 1002547e f i Delayimp:delayhlp.obj
 0001:00024490       ??$PFromRva@PBD@@YGPBDK@Z  10025490 f i Delayimp:delayhlp.obj
 0001:000244a2       ??$PFromRva@PBUImgDelayDescr@@@@YGPBUImgDelayDescr@@K@Z 100254a2 f i Delayimp:delayhlp.obj
 0001:000244b4       ??$PFromRva@PBU_IMAGE_THUNK_DATA32@@@@YGPBU_IMAGE_THUNK_DATA32@@K@Z 100254b4 f i Delayimp:delayhlp.obj
 0001:000244c6       ?CountOfImports@@YGIPBU_IMAGE_THUNK_DATA32@@@Z 100254c6 f i Delayimp:delayhlp.obj
 0001:000244e1       ?DloadAcquireSectionWriteAccess@@YGXXZ 100254e1 f i Delayimp:delayhlp.obj
 0001:00024514       ?DloadGetSRWLockFunctionPointers@@YGEXZ 10025514 f i Delayimp:delayhlp.obj
 0001:00024587       ?DloadLock@@YGXXZ          10025587 f i Delayimp:delayhlp.obj
 0001:000245c6       ?DloadMakePermanentImageCommit@@YGXPAXK@Z 100255c6 f i Delayimp:delayhlp.obj
 0001:00024635       ?DloadObtainSection@@YGPAXPAK0@Z 10025635 f i Delayimp:delayhlp.obj
 0001:000246b0       ?DloadProtectSection@@YGXKPAK@Z 100256b0 f i Delayimp:delayhlp.obj
 0001:0002471e       ?DloadReleaseSectionWriteAccess@@YGXXZ 1002571e f i Delayimp:delayhlp.obj
 0001:00024754       ?DloadUnlock@@YGXXZ        10025754 f i Delayimp:delayhlp.obj
 0001:00024795       ?IndexFromPImgThunkData@@YGIPBU_IMAGE_THUNK_DATA32@@0@Z 10025795 f i Delayimp:delayhlp.obj
 0001:000248f5       _HRESULT_FROM_WIN32@4      100258f5 f i Delayimp:delayhlp.obj
 0001:0002490d       _ReadAcquire@4             1002590d f i Delayimp:delayhlp.obj
 0001:0002491b       _ReadPointerAcquire@4      1002591b f i Delayimp:delayhlp.obj
 0001:00024929       _WritePointerRelease@8     10025929 f i Delayimp:delayhlp.obj
 0001:0002493a       _WriteRelease@8            1002593a f i Delayimp:delayhlp.obj
 0001:0002494b       __InlineInterlockedCompareExchangePointer@12 1002594b f i Delayimp:delayhlp.obj
 0001:00024961       ___FUnloadDelayLoadedDLL2@4 10025961 f   Delayimp:delayhlp.obj
 0001:000249e5       ___HrLoadAllImportsForDll@4 100259e5 f   Delayimp:delayhlp.obj
 0001:00024a46       ___delayLoadHelper2@8      10025a46 f   Delayimp:delayhlp.obj
 0001:00024cb5       ??3@YAXPAXI@Z              10025cb5 f   LIBCMT:delete_scalar_size.obj
 0001:00024cc3       ??_V@YAXPAXI@Z             10025cc3 f   LIBCMT:delete_array_size.obj
[...]
 0002:0000d055       $N00056                    10073055     PhysXCooking_32.exp
 0002:0000d07c       $N00057                    1007307c     PhysXCooking_32.exp
 0002:0000d0a8       $N00058                    100730a8     PhysXCooking_32.exp
 0002:0000d0cf       $N00059                    100730cf     PhysXCooking_32.exp
 0002:0000d108       $N00060                    10073108     PhysXCooking_32.exp
 0002:0000d131       $N00061                    10073131     PhysXCooking_32.exp
 0002:0000d164       $N00062                    10073164     PhysXCooking_32.exp
 0002:0000d198       $N00063                    10073198     PhysXCooking_32.exp
 0002:0000d1d2       $N00064                    100731d2     PhysXCooking_32.exp
 0002:0000d218       $N00065                    10073218     PhysXCooking_32.exp
 0002:0000d266       $N00066                    10073266     PhysXCooking_32.exp
 0002:0000d298       $N00067                    10073298     PhysXCooking_32.exp
 0002:0000d2cb       $N00068                    100732cb     PhysXCooking_32.exp
 0002:0000d300       $N00069                    10073300     PhysXCooking_32.exp
 0002:0000d326       $N00070                    10073326     PhysXCooking_32.exp
 0002:0000d36c       $N00071                    1007336c     PhysXCooking_32.exp
 0002:0000d3b1       $N00072                    100733b1     PhysXCooking_32.exp
 0002:0000d408       $N00073                    10073408     PhysXCooking_32.exp
 0002:0000d44e       $N00074                    1007344e     PhysXCooking_32.exp
 0002:0000d478       $N00075                    10073478     PhysXCooking_32.exp
 0002:0000d4a6       $N00076                    100734a6     PhysXCooking_32.exp
 0002:0000d4f4       $N00077                    100734f4     PhysXCooking_32.exp
 0002:0000d59e       $N00078                    1007359e     PhysXCooking_32.exp
 0002:0000d5fa       $N00079                    100735fa     PhysXCooking_32.exp
 0002:0000d625       $N00080                    10073625     PhysXCooking_32.exp
 0002:0000d650       $N00081                    10073650     PhysXCooking_32.exp
 0002:0000d684       $N00082                    10073684     PhysXCooking_32.exp
 0002:0000d6ac       $N00083                    100736ac     PhysXCooking_32.exp
 0002:0000d6e7       $N00084                    100736e7     PhysXCooking_32.exp
 0002:0000d712       $N00085                    10073712     PhysXCooking_32.exp
 0002:0000d743       $N00086                    10073743     PhysXCooking_32.exp
 0002:0000d78e       $N00087                    1007378e     PhysXCooking_32.exp
 0002:0000d7bf       $N00088                    100737bf     PhysXCooking_32.exp
 0002:0000d7f6       $N00089                    100737f6     PhysXCooking_32.exp
 0002:0000d82d       $N00090                    1007382d     PhysXCooking_32.exp
 0002:0000d868       $N00091                    10073868     PhysXCooking_32.exp
 0002:0000d8aa       $N00092                    100738aa     PhysXCooking_32.exp
 0002:0000d8d8       $N00093                    100738d8     PhysXCooking_32.exp
 0002:0000d94f       $N00094                    1007394f     PhysXCooking_32.exp
 0002:0000d9aa       $N00095                    100739aa     PhysXCooking_32.exp
 0002:0000d9d5       $N00096                    100739d5     PhysXCooking_32.exp
 0002:0000da08       $N00097                    10073a08     PhysXCooking_32.exp
 0002:0000da40       $N00098                    10073a40     PhysXCooking_32.exp
 0002:0000da7c       $N00099                    10073a7c     PhysXCooking_32.exp
 0002:0000dab0       $N00100                    10073ab0     PhysXCooking_32.exp
 0002:0000dadc       $N00101                    10073adc     PhysXCooking_32.exp
 0002:0000db08       $N00102                    10073b08     PhysXCooking_32.exp
 0002:0000db31       $N00103                    10073b31     PhysXCooking_32.exp
 0002:0000db5b       $N00104                    10073b5b     PhysXCooking_32.exp
 0002:0000db87       $N00105                    10073b87     PhysXCooking_32.exp
 0002:0000dba6       $N00106                    10073ba6     PhysXCooking_32.exp
 0002:0000dbe0       $N00107                    10073be0     PhysXCooking_32.exp
 0002:0000dc20       $N00108                    10073c20     PhysXCooking_32.exp
 0002:0000dc4c       $N00109                    10073c4c     PhysXCooking_32.exp
 0002:0000dc6f       $N00110                    10073c6f     PhysXCooking_32.exp
 0002:0000dc9d       $N00111                    10073c9d     PhysXCooking_32.exp
 0002:0000dcce       $N00112                    10073cce     PhysXCooking_32.exp
 0002:0000dcf3       $N00113                    10073cf3     PhysXCooking_32.exp
 0002:0000dd1f       $N00114                    10073d1f     PhysXCooking_32.exp
 0002:0000dd46       $N00115                    10073d46     PhysXCooking_32.exp
 0002:0000dd65       $N00116                    10073d65     PhysXCooking_32.exp
 0002:0000dda9       $N00117                    10073da9     PhysXCooking_32.exp
 0002:0000dde5       $N00118                    10073de5     PhysXCooking_32.exp
 0002:0000de21       $N00119                    10073e21     PhysXCooking_32.exp
 0002:0000de52       $N00120                    10073e52     PhysXCooking_32.exp
 0002:0000de62       $N00121                    10073e62     PhysXCooking_32.exp
 0002:0000e008       .idata$6                   10074008     kernel32:KERNEL32.dll
 0003:00000000       ?MAXDOT_MINANG@local@@3MB  10075000     ConvexHullUtils.obj
 0003:00000004       ?MAXDOT_MINANG@local@@3MB  10075004     QuickHullConvexHullLib.obj
 0003:00000040       ?__vcrt_flsindex@@3KA      10075040     libvcruntime:per_thread_data.obj
 0003:00000070       ?__DAZ_ENABLED@?1??__set_fpsr_sse2@@9@9 10075070     libucrt:fpctrl.obj
 0003:00000074       ?errno_no_memory@@3HA      10075074     libucrt:errno.obj
 0003:00000078       ?doserrno_no_memory@@3KA   10075078     libucrt:errno.obj
 0003:0000007c       ?__acrt_flsindex@@3KA      1007507c     libucrt:per_thread_data.obj
 0003:000002a0       __mbctypes                 100752a0     libucrt:mbctype.obj
 0003:000003a8       __mbcasemaps               100753a8     libucrt:mbctype.obj
 0003:000004a8       ?__rgctypeflag@@3PADA      100754a8     libucrt:mbctype.obj
 0003:000004b0       ?__rgcode_page_info@@3PAUcode_page_info@@A 100754b0     libucrt:mbctype.obj
 0003:00000740       __ctype_loc_style          10075740     libucrt:wsetlocale.obj
 0003:000007c0       ?__dcrt_lowio_console_output_handle@@3PAXA 100757c0     libucrt:initcon.obj
 0003:00000e80       ?maxV3Error@_VecMathTests@aos@shdfnd@physx@@3T__m128@@B 10075e80     Cooking.obj
 0003:00000e90       ?minFError@_VecMathTests@aos@shdfnd@physx@@3T__m128@@B 10075e90     Cooking.obj
 0003:00000ea0       ?maxV4Error@_VecMathTests@aos@shdfnd@physx@@3T__m128@@B 10075ea0     Cooking.obj
 0003:00000eb0       ?minV4Error@_VecMathTests@aos@shdfnd@physx@@3T__m128@@B 10075eb0     Cooking.obj
 0003:00000ec0       ?minV3Error@_VecMathTests@aos@shdfnd@physx@@3T__m128@@B 10075ec0     Cooking.obj
 0003:00000ed0       ?maxFError@_VecMathTests@aos@shdfnd@physx@@3T__m128@@B 10075ed0     Cooking.obj
 0003:00000ee0       ?maxV3Error@_VecMathTests@aos@shdfnd@physx@@3T__m128@@B 10075ee0     BVHStructureBuilder.obj
 0003:00000ef0       ?minFError@_VecMathTests@aos@shdfnd@physx@@3T__m128@@B 10075ef0     BVHStructureBuilder.obj
 0003:00000f00       ?maxV4Error@_VecMathTests@aos@shdfnd@physx@@3T__m128@@B 10075f00     BVHStructureBuilder.obj
 0003:00000f10       ?minV4Error@_VecMathTests@aos@shdfnd@physx@@3T__m128@@B 10075f10     BVHStructureBuilder.obj
 0003:00000f20       ?minV3Error@_VecMathTests@aos@shdfnd@physx@@3T__m128@@B 10075f20     BVHStructureBuilder.obj
 0003:00000f30       ?maxFError@_VecMathTests@aos@shdfnd@physx@@3T__m128@@B 10075f30     BVHStructureBuilder.obj
 0003:00000f40       ?maxV3Error@_VecMathTests@aos@shdfnd@physx@@3T__m128@@B 10075f40     RTreeCooking.obj
 0003:00000f50       ?minFError@_VecMathTests@aos@shdfnd@physx@@3T__m128@@B 10075f50     RTreeCooking.obj
 0003:00000f60       ?maxV4Error@_VecMathTests@aos@shdfnd@physx@@3T__m128@@B 10075f60     RTreeCooking.obj
 0003:00000f70       ?minV4Error@_VecMathTests@aos@shdfnd@physx@@3T__m128@@B 10075f70     RTreeCooking.obj
 0003:00000f80       ?minV3Error@_VecMathTests@aos@shdfnd@physx@@3T__m128@@B 10075f80     RTreeCooking.obj
 0003:00000f90       ?maxFError@_VecMathTests@aos@shdfnd@physx@@3T__m128@@B 10075f90     RTreeCooking.obj
 0003:00000fa0       ?maxV3Error@_VecMathTests@aos@shdfnd@physx@@3T__m128@@B 10075fa0     MeshBuilder.obj
 0003:00000fb0       ?minFError@_VecMathTests@aos@shdfnd@physx@@3T__m128@@B 10075fb0     MeshBuilder.obj
 0003:00000fc0       ?maxV4Error@_VecMathTests@aos@shdfnd@physx@@3T__m128@@B 10075fc0     MeshBuilder.obj
 0003:00000fd0       ?minV4Error@_VecMathTests@aos@shdfnd@physx@@3T__m128@@B 10075fd0     MeshBuilder.obj
 0003:00000fe0       ?minV3Error@_VecMathTests@aos@shdfnd@physx@@3T__m128@@B 10075fe0     MeshBuilder.obj
 0003:00000ff0       ?maxFError@_VecMathTests@aos@shdfnd@physx@@3T__m128@@B 10075ff0     MeshBuilder.obj
 0003:00001000       ?maxV3Error@_VecMathTests@aos@shdfnd@physx@@3T__m128@@B 10076000     TriangleMeshBuilder.obj
 0003:00001010       ?minFError@_VecMathTests@aos@shdfnd@physx@@3T__m128@@B 10076010     TriangleMeshBuilder.obj
 0003:00001020       ?maxV4Error@_VecMathTests@aos@shdfnd@physx@@3T__m128@@B 10076020     TriangleMeshBuilder.obj
 0003:00001030       ?minV4Error@_VecMathTests@aos@shdfnd@physx@@3T__m128@@B 10076030     TriangleMeshBuilder.obj
 0003:00001040       ?minV3Error@_VecMathTests@aos@shdfnd@physx@@3T__m128@@B 10076040     TriangleMeshBuilder.obj
 0003:00001050       ?maxFError@_VecMathTests@aos@shdfnd@physx@@3T__m128@@B 10076050     TriangleMeshBuilder.obj
 0003:00001060       ?maxV3Error@_VecMathTests@aos@shdfnd@physx@@3T__m128@@B 10076060     BigConvexDataBuilder.obj
 0003:00001070       ?minFError@_VecMathTests@aos@shdfnd@physx@@3T__m128@@B 10076070     BigConvexDataBuilder.obj
 0003:00001080       ?maxV4Error@_VecMathTests@aos@shdfnd@physx@@3T__m128@@B 10076080     BigConvexDataBuilder.obj
 0003:00001090       ?minV4Error@_VecMathTests@aos@shdfnd@physx@@3T__m128@@B 10076090     BigConvexDataBuilder.obj
 0003:000010a0       ?minV3Error@_VecMathTests@aos@shdfnd@physx@@3T__m128@@B 100760a0     BigConvexDataBuilder.obj
 0003:000010b0       ?maxFError@_VecMathTests@aos@shdfnd@physx@@3T__m128@@B 100760b0     BigConvexDataBuilder.obj
 0003:000010c0       ?maxV3Error@_VecMathTests@aos@shdfnd@physx@@3T__m128@@B 100760c0     ConvexHullBuilder.obj
 0003:000010d0       ?minFError@_VecMathTests@aos@shdfnd@physx@@3T__m128@@B 100760d0     ConvexHullBuilder.obj
 0003:000010e0       ?maxV4Error@_VecMathTests@aos@shdfnd@physx@@3T__m128@@B 100760e0     ConvexHullBuilder.obj
 0003:000010f0       ?minV4Error@_VecMathTests@aos@shdfnd@physx@@3T__m128@@B 100760f0     ConvexHullBuilder.obj
 0003:00001100       ?minV3Error@_VecMathTests@aos@shdfnd@physx@@3T__m128@@B 10076100     ConvexHullBuilder.obj
 0003:00001110       ?maxFError@_VecMathTests@aos@shdfnd@physx@@3T__m128@@B 10076110     ConvexHullBuilder.obj
 0003:00001120       ?maxV3Error@_VecMathTests@aos@shdfnd@physx@@3T__m128@@B 10076120     ConvexHullUtils.obj
 0003:00001130       ?minFError@_VecMathTests@aos@shdfnd@physx@@3T__m128@@B 10076130     ConvexHullUtils.obj
 0003:00001140       ?maxV4Error@_VecMathTests@aos@shdfnd@physx@@3T__m128@@B 10076140     ConvexHullUtils.obj
 0003:00001150       ?minV4Error@_VecMathTests@aos@shdfnd@physx@@3T__m128@@B 10076150     ConvexHullUtils.obj
 0003:00001160       ?minV3Error@_VecMathTests@aos@shdfnd@physx@@3T__m128@@B 10076160     ConvexHullUtils.obj
 0003:00001170       ?maxFError@_VecMathTests@aos@shdfnd@physx@@3T__m128@@B 10076170     ConvexHullUtils.obj
 0003:00001180       ?maxV3Error@_VecMathTests@aos@shdfnd@physx@@3T__m128@@B 10076180     ConvexMeshBuilder.obj
 0003:00001190       ?minFError@_VecMathTests@aos@shdfnd@physx@@3T__m128@@B 10076190     ConvexMeshBuilder.obj
 0003:000011a0       ?maxV4Error@_VecMathTests@aos@shdfnd@physx@@3T__m128@@B 100761a0     ConvexMeshBuilder.obj
 0003:000011b0       ?minV4Error@_VecMathTests@aos@shdfnd@physx@@3T__m128@@B 100761b0     ConvexMeshBuilder.obj
 0003:000011c0       ?minV3Error@_VecMathTests@aos@shdfnd@physx@@3T__m128@@B 100761c0     ConvexMeshBuilder.obj
 0003:000011d0       ?maxFError@_VecMathTests@aos@shdfnd@physx@@3T__m128@@B 100761d0     ConvexMeshBuilder.obj
 0003:000011e0       ?maxV3Error@_VecMathTests@aos@shdfnd@physx@@3T__m128@@B 100761e0     VolumeIntegration.obj
 0003:000011f0       ?minFError@_VecMathTests@aos@shdfnd@physx@@3T__m128@@B 100761f0     VolumeIntegration.obj
 0003:00001200       ?maxV4Error@_VecMathTests@aos@shdfnd@physx@@3T__m128@@B 10076200     VolumeIntegration.obj
 0003:00001210       ?minV4Error@_VecMathTests@aos@shdfnd@physx@@3T__m128@@B 10076210     VolumeIntegration.obj
 0003:00001220       ?minV3Error@_VecMathTests@aos@shdfnd@physx@@3T__m128@@B 10076220     VolumeIntegration.obj
 0003:00001230       ?maxFError@_VecMathTests@aos@shdfnd@physx@@3T__m128@@B 10076230     VolumeIntegration.obj
 0003:00001240       ?gDelayLoadHook@@3PBVPxDelayLoadHook@physx@@B 10076240     WindowsCookingDelayLoadHook.obj
 0003:00001270       ?__proc_attached@@3HA      10076270     LIBCMT:dll_dllmain.obj
 0003:00001290       ?is_initialized_as_dll@@3_NA 10076290     LIBCMT:utility.obj
 0003:00001291       ?module_local_atexit_table_initialized@@3_NA 10076291     LIBCMT:utility.obj
 0003:00001294       ?module_local_atexit_table@@3U_onexit_table_t@@A 10076294     LIBCMT:utility.obj
 0003:000012a0       ?module_local_at_quick_exit_table@@3U_onexit_table_t@@A 100762a0     LIBCMT:utility.obj
 0003:000012b8       _GS_ExceptionRecord        100762b8     LIBCMT:gs_report.obj
 0003:00001308       _GS_ContextRecord          10076308     LIBCMT:gs_report.obj
 0003:00001600       ?heap@@3V_HeapManager@@A   10076600     libvcruntime:undname.obj
 0003:00001614       ?__vcrt_startup_thread_ptd@@3U__vcrt_ptd@@A 10076614     libvcruntime:per_thread_data.obj
 0003:0000163c       ___vcrt_lock_table         1007663c     libvcruntime:locks.obj
 0003:00001654       ___vcrt_locks_initialized  10076654     libvcruntime:locks.obj
 0003:00001658       ?module_handles@@3PAPAUHINSTANCE__@@A 10076658     libvcruntime:winapi_downlevel.obj
 0003:00001664       ?encoded_function_pointers@@3PAPAXA 10076664     libvcruntime:winapi_downlevel.obj
 0003:0000167c       ?c_termination_complete@@3JA 1007667c     libucrt:exit.obj
 0003:00001680       ?thread_local_exit_callback_func@@3P6GXPAXK0@ZA 10076680     libucrt:exit.obj
 0003:00001688       ?program_name@?1???$common_configure_argv@D@@YAHW4_crt_argv_mode@@@Z@4PADA 10076688     libucrt:argv_parsing.obj
 0003:00001790       ?program_name@?1???$common_configure_argv@_W@@YAHW4_crt_argv_mode@@@Z@4PA_WA 10076790     libucrt:argv_parsing.obj
 0003:000019c4       ?user_matherr@@3V?$dual_state_global@P6AHPAU_exception@@@Z@__crt_state_management@@A 100769c4     libucrt:matherr.obj
 0003:000019c8       ?__acrt_lock_table@@3PAU_RTL_CRITICAL_SECTION@@A 100769c8     libucrt:locks.obj
 0003:00001b18       ?__acrt_locks_initialized@@3IA 10076b18     libucrt:locks.obj
 0003:00001b1c       ?state_cache@?1???$get_cached_win_policy@Ubegin_thread_init_policy_properties@?1??__acrt_get_begin_thread_init_policy@@YA?AW4begin_thread_init_policy@@XZ@@@YA?AW4begin_thread_init_policy@@W4AppPolicyThreadInitializationType@@@Z@4JA 10076b1c     libucrt:win_policies.obj
 0003:00001b20       ?state_cache@?1???$get_cached_win_policy@Udeveloper_information_policy_properties@?1??__acrt_get_developer_information_policy@@YA?AW4developer_information_policy@@XZ@@@YA?AW4developer_information_policy@@W4AppPolicyShowDeveloperDiagnostic@@@Z@4JA 10076b20     libucrt:win_policies.obj
 0003:00001b24       ?state_cache@?1???$get_cached_win_policy@Uwindowing_model_policy_properties@?1??__acrt_get_windowing_model_policy@@YA?AW4windowing_model_policy@@XZ@@@YA?AW4windowing_model_policy@@W4AppPolicyWindowingModel@@@Z@4JA 10076b24     libucrt:win_policies.obj
 0003:00001b28       ?__acrt_invalid_parameter_handler@@3V?$dual_state_global@P6AXPB_W00II@Z@__crt_state_management@@A 10076b28     libucrt:invalid_parameter.obj
 0003:00001b38       ?fSystemSet@@3HA           10076b38     libucrt:mbctype.obj
 0003:00001b3c       ?initialized@?1??__acrt_initialize_multibyte@@9@4_NA 10076b3c     libucrt:mbctype.obj
 0003:00001b60       ?module_handles@@3PAPAUHINSTANCE__@@A 10076b60     libucrt:winapi_thunks.obj
 0003:00001bb0       ?encoded_function_pointers@@3PAPAXA 10076bb0     libucrt:winapi_thunks.obj
 0003:00001c38       ?static_enum_proc@?1??enum_system_locales_ex_nolock@@YAHQ6GHPA_WKJ@Z@Z@4P6GH0KJ@ZA 10076c38     libucrt:winapi_thunks.obj
 0003:00001e44       ?__acrt_new_handler@@3V?$dual_state_global@P6AHI@Z@__crt_state_management@@A 10076e44     libucrt:new_handler.obj
 0003:00001e48       ?console_ctrl_handler_installed@@3_NA 10076e48     libucrt:signal.obj
 0003:00001e4c       ?ctrlc_action@@3V?$dual_state_global@P6AXH@Z@__crt_state_management@@A 10076e4c     libucrt:signal.obj
 0003:00001e50       ?ctrlbreak_action@@3V?$dual_state_global@P6AXH@Z@__crt_state_management@@A 10076e50     libucrt:signal.obj
 0003:00001e54       ?abort_action@@3V?$dual_state_global@P6AXH@Z@__crt_state_management@@A 10076e54     libucrt:signal.obj
 0003:00001e58       ?term_action@@3V?$dual_state_global@P6AXH@Z@__crt_state_management@@A 10076e58     libucrt:signal.obj
 0003:00001e74       ?internal_state@?1??_mbtowc_l@@9@4U_Mbstatet@@A 10076e74     libucrt:mbtowc.obj
 0003:00001e7c       ?enable_percent_n@@3IA     10076e7c     libucrt:printf_count_output.obj
 0003:00001e84       ?__acrt_global_new_mode@@3V?$dual_state_global@J@__crt_state_management@@A 10076e84     libucrt:new_mode.obj
 0003:00001e90       ?mbst@?1??mbrlen@@9@4U_Mbstatet@@A 10076e90     libucrt:mbrtowc.obj
 0003:00001e98       ?mbst@?1??mbrtowc@@9@4U_Mbstatet@@A 10076e98     libucrt:mbrtowc.obj
 0003:00001ea0       ?mbst@?1??_mbsrtowcs_helper@@YAIPA_WPAPBDIPAU_Mbstatet@@@Z@4U2@A 10076ea0     libucrt:mbrtowc.obj
 0003:00001eac       ?__acrt_app_type@@3W4_crt_app_type@@A 10076eac     libucrt:report_runtime_error.obj
 0003:00001eb0       ?outmsg@?9??__acrt_report_runtime_error@@9@4PA_WA 10076eb0     libucrt:report_runtime_error.obj
 0003:000024d8       ?internal_pst@?1??__mbrtoc32_utf8@__crt_mbstring@@YAIPA_UPBDIPAU_Mbstatet@@@Z@4U3@A 100774d8     libucrt:mbrtoc32.obj
 0003:000024e0       ___acrt_error_mode         100774e0     libucrt:set_error_mode.obj
 0003:000024e4       __pmatherr_set             100774e4     libucrt:libm_error.obj
 0003:000024e8       ?internal_pst@?1??__c16rtomb_utf8@__crt_mbstring@@YAIPAD_SPAU_Mbstatet@@@Z@4U3@A 100774e8     libucrt:c16rtomb.obj
 0004:00000000       _static_const_table        10078000     LIBCMT:svml_ssinf4_sse2.obj
 0004:00000100       __e02PI                    10078100     LIBCMT:svml_dtrig.obj
 0004:000002a0       __e04PI                    100782a0     LIBCMT:svml_dtrig.obj
 0004:00000430       _2il0floatpacket_2         10078430     LIBCMT:svml_dtrig.obj
 0004:00000440       _2il0floatpacket_9         10078440     LIBCMT:svml_dtrig.obj
 0004:00000450       _2il0floatpacket_12        10078450     LIBCMT:svml_dtrig.obj
 0004:00000460       __dPI02                    10078460     LIBCMT:svml_dtrig.obj
 0004:00000470       __d02PI                    10078470     LIBCMT:svml_dtrig.obj
 0004:00000480       __DP4                      10078480     LIBCMT:svml_dtrig.obj
 0004:000004a0       __dPI04                    100784a0     LIBCMT:svml_dtrig.obj
 0004:000004b0       __d04PI                    100784b0     LIBCMT:svml_dtrig.obj
 0004:000004c0       __QP4                      100784c0     LIBCMT:svml_dtrig.obj
 0005:000000a0       $R000000                   100790a0     PhysXCooking.res
 0005:000003d0       $R000330                   100793d0     PhysXCooking.res
