 PhysXCooking_32

 Timestamp is 5c48d017 (Wed Jan 23 13:35:35 2019)

 Preferred load address is 10000000

 Start         Length     Name                   Class
 0001:00000000 00000640H .text$di                CODE
 0001:00000640 00064f20H .text$mn                CODE
 0001:00065560 0000006bH .text$x                 CODE
 0002:00000000 0000014cH .idata$5                DATA
 0002:0000014c 00000004H .00cfg                  DATA
 0002:00000150 00000004H .CRT$XCA                DATA
 0002:00000154 000000f0H .CRT$XCU                DATA
 0002:00000244 00000004H .CRT$XCZ                DATA
 0002:00000248 00000004H .CRT$XIA                DATA
 0002:0000024c 0000000cH .CRT$XIC                DATA
 0002:00000258 00000004H .CRT$XIZ                DATA
 0002:0000025c 00000004H .CRT$XPA                DATA
 0002:00000260 00000008H .CRT$XPX                DATA
 0002:00000268 00000004H .CRT$XPXA               DATA
 0002:0000026c 00000004H .CRT$XPZ                DATA
 0002:00000270 00000004H .CRT$XTA                DATA
 0002:00000274 0000000cH .CRT$XTZ                DATA
 0002:00000278 00000000H .gfids$y                DATA
 0002:00000280 0000a4e4H .rdata                  DATA
 0002:0000a764 000002acH .rdata$r                DATA
 0002:0000aa10 00000020H .rdata$sxdata           DATA
 0002:0000aa30 000003e0H .rdata$zzzdbg           DATA
 0002:0000ae10 00000004H .rtc$IAA                DATA
 0002:0000ae14 00000004H .rtc$IZZ                DATA
 0002:0000ae18 00000004H .rtc$TAA                DATA
 0002:0000ae1c 00000004H .rtc$TZZ                DATA
 0002:0000ae20 000008acH .xdata$x                DATA
 0002:0000b6cc 00000040H .didat$2                DATA
 0002:0000b70c 00000020H .didat$3                DATA
 0002:0000b72c 00000108H .didat$4                DATA
 0002:0000b834 00000c8cH .didat$6                DATA
 0002:0000c4c0 00000110H .didat$7                DATA
 0002:0000c5d0 00001c44H .edata                  DATA
 0002:0000e214 00000014H .idata$2                DATA
 0002:0000e228 00000014H .idata$3                DATA
 0002:0000e23c 0000014cH .idata$4                DATA
 0002:0000e388 0000060eH .idata$6                DATA
 0003:00000000 000007e0H .data                   DATA
 0003:000007e0 00000348H .data$r                 DATA
 0003:00000b28 00000108H .didat$5                DATA
 0003:00000c30 00001680H .bss                    DATA
 0004:00000000 000004e0H _RDATA                  DATA
 0005:00000000 000000a0H .rsrc$01                DATA
 0005:000000a0 000004b0H .rsrc$02                DATA

  Address         Publics by Value              Rva+Base       Lib:Object

 0000:00000000       ___guard_iat_count         00000000     <absolute>
 0000:00000000       ___guard_iat_table         00000000     <absolute>
 0000:00000000       ___dynamic_value_reloc_table 00000000     <absolute>
 0000:00000000       ___volatile_metadata       00000000     <absolute>
 0000:00000000       ___hybrid_code_map_count   00000000     <absolute>
 0000:00000000       __except_list              00000000     <absolute>
 0000:00000000       ___guard_longjmp_table     00000000     <absolute>
 0000:00000000       ___guard_fids_count        00000000     <absolute>
 0000:00000000       ___guard_fids_table        00000000     <absolute>
 0000:00000000       ___hybrid_code_map         00000000     <absolute>
 0000:00000000       ___hybrid_auxiliary_iat    00000000     <absolute>
 0000:00000000       ___enclave_config          00000000     <absolute>
 0000:00000000       ___guard_longjmp_count     00000000     <absolute>
 0000:00000008       ___safe_se_handler_count   00000008     <absolute>
 0000:00000100       ___guard_flags             00000100     <absolute>
 0000:00000000       ___ImageBase               10000000     <linker-defined>
 0001:00000640       ?ComputeNbBoundaryEdges@AdjTriangle@physx@@QBEIXZ 10001640 f   Adjacencies.obj
 0001:00000680       ?ComputeNbNeighbors@AdjTriangle@physx@@QBEIXZ 10001680 f   Adjacencies.obj
 0001:000006c0       ?HasNeighbor@AdjTriangle@physx@@QBE_NIPAI@Z 100016c0 f   Adjacencies.obj
 0001:00000740       ?Flip@AdjTriangle@physx@@QAEXXZ 10001740 f   Adjacencies.obj
 0001:00000750       ??0Adjacencies@physx@@QAE@XZ 10001750 f   Adjacencies.obj
 0001:00000760       ??1Adjacencies@physx@@QAE@XZ 10001760 f   Adjacencies.obj
 0001:000007a0       ?Load@Adjacencies@physx@@QAE_NAAVPxInputStream@2@@Z 100017a0 f   Adjacencies.obj
 0001:00000880       ?ComputeNbBoundaryEdges@Adjacencies@physx@@QBEIXZ 10001880 f   Adjacencies.obj
 0001:000008f0       ?GetBoundaryVertices@Adjacencies@physx@@QBE_NIPA_NPBU?$TriangleT@I@Gu@2@@Z 100018f0 f   Adjacencies.obj
 0001:00000a40       ?MakeLastRef@Adjacencies@physx@@QAE_NAAVAdjTriangle@2@IPAU?$TriangleT@I@Gu@2@@Z 10001a40 f   Adjacencies.obj
 0001:00000c00       ?AssignNewEdgeCode@Adjacencies@physx@@AAEXIE@Z 10001c00 f   Adjacencies.obj
 0001:00000c40       ??0AdjacenciesBuilder@physx@@QAE@XZ 10001c40 f   Adjacencies.obj
 0001:00000c50       ??1AdjacenciesBuilder@physx@@QAE@XZ 10001c50 f   Adjacencies.obj
 0001:00000c90       ?Init@AdjacenciesBuilder@physx@@QAE_NABUADJACENCIESCREATE@2@@Z 10001c90 f   Adjacencies.obj
 0001:00001000       ??0AdjEdge@@QAE@XZ         10002000 f i Adjacencies.obj
 0001:00001010       ??0AdjTriangle@physx@@QAE@XZ 10002010 f i Adjacencies.obj
 0001:00001020       ??0Allocator@shdfnd@physx@@QAE@PBD@Z 10002020 f i Adjacencies.obj
 0001:00001030       ??0PxFoundation@physx@@QAE@ABV01@@Z 10002030 f i Adjacencies.obj
 0001:00001040       ??0PxFoundation@physx@@QAE@XZ 10002040 f i Adjacencies.obj
 0001:00001050       ??1AdjEdge@@QAE@XZ         10002050 f i Adjacencies.obj
 0001:00001060       ??1AdjTriangle@physx@@QAE@XZ 10002060 f i Adjacencies.obj
 0001:00001070       ??1PxFoundation@physx@@MAE@XZ 10002070 f i Adjacencies.obj
 0001:00001080       ??4Allocator@shdfnd@physx@@QAEAAV012@$$QAV012@@Z 10002080 f i Adjacencies.obj
 0001:00001090       ??4Allocator@shdfnd@physx@@QAEAAV012@ABV012@@Z 10002090 f i Adjacencies.obj
 0001:000010a0       ??4MutexImpl@shdfnd@physx@@QAEAAV012@ABV012@@Z 100020a0 f i Adjacencies.obj
 0001:000010b0       ??4PxFoundation@physx@@QAEAAV01@ABV01@@Z 100020b0 f i Adjacencies.obj
 0001:000010c0       ??_EAdjEdge@@QAEPAXI@Z     100020c0 f i Adjacencies.obj
 0001:00001130       ??_EAdjTriangle@physx@@QAEPAXI@Z 10002130 f i Adjacencies.obj
 0001:000011a0       ??_EPxFoundation@physx@@MAEPAXI@Z 100021a0 f i Adjacencies.obj
 0001:00001210       ??_FAllocator@shdfnd@physx@@QAEXXZ 10002210 f i Adjacencies.obj
 0001:00001220       ??_FNamedAllocator@shdfnd@physx@@QAEXXZ 10002220 f i Adjacencies.obj
 0001:00001230       ??_GPxFoundation@physx@@MAEPAXI@Z 10002230 f i Adjacencies.obj
 0001:00001260       ??_H@YGXPAXIIP6EPAX0@Z@Z   10002260 f i Adjacencies.obj
 0001:00001290       ??_I@YGXPAXIIP6EX0@Z@Z     10002290 f i Adjacencies.obj
 0001:000014b0       ?GetNbHits@RadixSort@Cm@physx@@QBEIXZ 100024b0 f i Adjacencies.obj
 0001:000014c0       ?GetNbTotalCalls@RadixSort@Cm@physx@@QBEIXZ 100024c0 f i Adjacencies.obj
 0001:000014d0       ?GetRanks@RadixSort@Cm@physx@@QBEPBIXZ 100024d0 f i Adjacencies.obj
 0001:000014e0       ?GetRecyclable@RadixSort@Cm@physx@@QBEPAIXZ 100024e0 f i Adjacencies.obj
 0001:00001690       ?__empty_global_delete@@YAXPAX@Z 10002690 f i Adjacencies.obj
 0001:000016a0       ?__empty_global_delete@@YAXPAXI@Z 100026a0 f i Adjacencies.obj
 0001:000016b0       ?getAllocator@Foundation@shdfnd@physx@@QAEAAVPxAllocatorCallback@3@XZ 100026b0 f i Adjacencies.obj
 0001:000016c0       ?getAllocatorCallback@Foundation@shdfnd@physx@@UAEAAVPxAllocatorCallback@3@XZ 100026c0 f i Adjacencies.obj
 0001:000016d0       ?getErrorCallback@Foundation@shdfnd@physx@@UAEAAVPxErrorCallback@3@XZ 100026d0 f i Adjacencies.obj
 0001:000016e0       ?getErrorLevel@Foundation@shdfnd@physx@@UBE?AW4Enum@PxErrorCode@3@XZ 100026e0 f i Adjacencies.obj
 0001:000016f0       ?getInternalErrorCallback@Foundation@shdfnd@physx@@QAEAAVPxErrorCallback@3@XZ 100026f0 f i Adjacencies.obj
 0001:00001700       ?getNamedAllocMap@Foundation@shdfnd@physx@@QAEAAV?$HashMap@PBVNamedAllocator@shdfnd@physx@@PBDU?$Hash@PBVNamedAllocator@shdfnd@physx@@@23@VNonTrackingAllocator@23@@23@XZ 10002700 f i Adjacencies.obj
 0001:00001710       ?getNamedAllocMutex@Foundation@shdfnd@physx@@QAEAAV?$MutexT@VAllocator@shdfnd@physx@@@23@XZ 10002710 f i Adjacencies.obj
 0001:00001720       ?getReportAllocationNames@Foundation@shdfnd@physx@@UBE_NXZ 10002720 f i Adjacencies.obj
 0001:00001730       ?getTempAllocFreeTable@Foundation@shdfnd@physx@@QAEAAV?$Array@PATTempAllocatorChunk@shdfnd@physx@@VAllocator@23@@23@XZ 10002730 f i Adjacencies.obj
 0001:00001740       ?getTempAllocMutex@Foundation@shdfnd@physx@@QAEAAV?$MutexT@VAllocator@shdfnd@physx@@@23@XZ 10002740 f i Adjacencies.obj
 0001:00001750       ?invalidateRanks@RadixSort@Cm@physx@@QAEXXZ 10002750 f i Adjacencies.obj
 0001:00001760       ?setErrorLevel@Foundation@shdfnd@physx@@UAEXW4Enum@PxErrorCode@3@@Z 10002760 f i Adjacencies.obj
 0001:00001770       ?setReportAllocationNames@Foundation@shdfnd@physx@@UAEX_N@Z 10002770 f i Adjacencies.obj
 0001:00001780       _PxCreateCooking           10002780 f   Cooking.obj
 0001:00001840       ?release@Cooking@physx@@UAEXXZ 10002840 f   Cooking.obj
 0001:00001850       ?setParams@Cooking@physx@@UAEXABUPxCookingParams@2@@Z 10002850 f   Cooking.obj
 0001:000018b0       ?getParams@Cooking@physx@@UBEABUPxCookingParams@2@XZ 100028b0 f   Cooking.obj
 0001:000018c0       ?platformMismatch@Cooking@physx@@UBE_NXZ 100028c0 f   Cooking.obj
 0001:000018d0       ?cookTriangleMesh@Cooking@physx@@UBE_NABVPxTriangleMeshDesc@2@AAVPxOutputStream@2@PAW4Enum@PxTriangleMeshCookingResult@2@@Z 100028d0 f   Cooking.obj
 0001:00001960       ?createTriangleMesh@Cooking@physx@@UBEPAVPxTriangleMesh@2@ABVPxTriangleMeshDesc@2@AAVPxPhysicsInsertionCallback@2@PAW4Enum@PxTriangleMeshCookingResult@2@@Z 10002960 f   Cooking.obj
 0001:000019e0       ?validateTriangleMesh@Cooking@physx@@UBE_NABVPxTriangleMeshDesc@2@@Z 100029e0 f   Cooking.obj
 0001:00001ac0       ?cookConvexMesh@Cooking@physx@@UBE_NABVPxConvexMeshDesc@2@AAVPxOutputStream@2@PAW4Enum@PxConvexMeshCookingResult@2@@Z 10002ac0 f   Cooking.obj
 0001:00001c40       ?createConvexMesh@Cooking@physx@@UBEPAVPxConvexMesh@2@ABVPxConvexMeshDesc@2@AAVPxPhysicsInsertionCallback@2@PAW4Enum@PxConvexMeshCookingResult@2@@Z 10002c40 f   Cooking.obj
 0001:00001ea0       ?validateConvexMesh@Cooking@physx@@UBE_NABVPxConvexMeshDesc@2@@Z 10002ea0 f   Cooking.obj
 0001:00001ef0       ?computeHullPolygons@Cooking@physx@@UBE_NABVPxSimpleTriangleMesh@2@AAVPxAllocatorCallback@2@AAIAAPAVPxVec3@2@2AAPAI2AAPAUPxHullPolygon@2@@Z 10002ef0 f   Cooking.obj
 0001:00002020       ?cookHeightField@Cooking@physx@@UBE_NABVPxHeightFieldDesc@2@AAVPxOutputStream@2@@Z 10003020 f   Cooking.obj
 0001:00002100       ?createHeightField@Cooking@physx@@UBEPAVPxHeightField@2@ABVPxHeightFieldDesc@2@AAVPxPhysicsInsertionCallback@2@@Z 10003100 f   Cooking.obj
 0001:00002290       ?cookBVHStructure@Cooking@physx@@UBE_NABVPxBVHStructureDesc@2@AAVPxOutputStream@2@@Z 10003290 f   Cooking.obj
 0001:00002360       ?createBVHStructure@Cooking@physx@@UBEPAVPxBVHStructure@2@ABVPxBVHStructureDesc@2@AAVPxPhysicsInsertionCallback@2@@Z 10003360 f   Cooking.obj
 0001:00002430       ?cookConvexMeshInternal@Cooking@physx@@ABE_NABVPxConvexMeshDesc@2@AAVConvexMeshBuilder@2@PAVConvexHullLib@2@PAW4Enum@PxConvexMeshCookingResult@2@@Z 10003430 f   Cooking.obj
 0001:00002600       ?cookTriangleMesh@Cooking@physx@@ABE_NAAVTriangleMeshBuilder@2@ABVPxTriangleMeshDesc@2@AAVPxOutputStream@2@PAW4Enum@PxTriangleMeshCookingResult@2@@Z 10003600 f   Cooking.obj
 0001:00002680       ?createTriangleMesh@Cooking@physx@@ABEPAVPxTriangleMesh@2@AAVTriangleMeshBuilder@2@ABVPxTriangleMeshDesc@2@AAVPxPhysicsInsertionCallback@2@PAW4Enum@PxTriangleMeshCookingResult@2@@Z 10003680 f   Cooking.obj
 0001:00002710       ??0ConvexMesh@Gu@physx@@QAE@V?$PxFlags@W4Enum@PxBaseFlag@physx@@G@2@@Z 10003710 f i Cooking.obj
 0001:00002760       ??0DebugText@Cm@physx@@QAE@$$QAU012@@Z 10003760 f i Cooking.obj
 0001:000027b0       ??0DebugText@Cm@physx@@QAE@ABU012@@Z 100037b0 f i Cooking.obj
 0001:00002800       ??0HeightFieldData@Gu@physx@@QAE@$$QAU012@@Z 10003800 f i Cooking.obj
 0001:00002870       ??0HeightFieldData@Gu@physx@@QAE@ABU012@@Z 10003870 f i Cooking.obj
 0001:000028e0       ??0HeightFieldData@Gu@physx@@QAE@W4PxEMPTY@2@@Z 100038e0 f i Cooking.obj
 0001:000028f0       ??0HeightFieldData@Gu@physx@@QAE@XZ 100038f0 f i Cooking.obj
 0001:00002900       ??0PxConvexMeshDesc@physx@@QAE@ABV01@@Z 10003900 f i Cooking.obj
 0001:00002950       ??0RenderOutput@Cm@physx@@QAE@AAVRenderBuffer@12@@Z 10003950 f i Cooking.obj
 0001:00002a10       ??0RenderOutput@Cm@physx@@QAE@ABV012@@Z 10003a10 f i Cooking.obj
 0001:00002ac0       ??1HeightFieldData@Gu@physx@@QAE@XZ 10003ac0 f i Cooking.obj
 0001:00002ad0       ??1PxBase@physx@@MAE@XZ    10003ad0 f i Cooking.obj
 0001:00002ae0       ??1PxConvexMesh@physx@@MAE@XZ 10003ae0 f i Cooking.obj
 0001:00002af0       ??1PxCooking@physx@@MAE@XZ 10003af0 f i Cooking.obj
 0001:00002b00       ??1PxHeightField@physx@@MAE@XZ 10003b00 f i Cooking.obj
 0001:00002b10       ??1RefCountable@Cm@physx@@UAE@XZ 10003b10 f i Cooking.obj
 0001:00002b20       ??4DebugText@Cm@physx@@QAEAAU012@$$QAU012@@Z 10003b20 f i Cooking.obj
 0001:00002b80       ??4DebugText@Cm@physx@@QAEAAU012@ABU012@@Z 10003b80 f i Cooking.obj
 0001:00002be0       ??4FPUGuard@shdfnd@physx@@QAEAAV012@ABV012@@Z 10003be0 f i Cooking.obj
 0001:00002c00       ??4HeightFieldData@Gu@physx@@QAEAAU012@$$QAU012@@Z 10003c00 f i Cooking.obj
 0001:00002c70       ??4HeightFieldData@Gu@physx@@QAEAAU012@ABU012@@Z 10003c70 f i Cooking.obj
 0001:00002ce0       ??_EConvexMesh@Gu@physx@@UAEPAXI@Z 10003ce0 f i Cooking.obj
 0001:00002d91       ??_EConvexMesh@Gu@physx@@W7AEPAXI@Z 10003d91 f i Cooking.obj
 0001:00002da0       ??_EPxConvexMesh@physx@@MAEPAXI@Z 10003da0 f i Cooking.obj
 0001:00002e10       ??_ECooking@physx@@UAEPAXI@Z 10003e10 f i Cooking.obj
 0001:00002e10       ??_GCooking@physx@@UAEPAXI@Z 10003e10 f i Cooking.obj
 0001:00002e50       ??_EPxBase@physx@@MAEPAXI@Z 10003e50 f i Cooking.obj
 0001:00002e50       ??_GPxBase@physx@@MAEPAXI@Z 10003e50 f i Cooking.obj
 0001:00002e80       ??_EPxCooking@physx@@MAEPAXI@Z 10003e80 f i Cooking.obj
 0001:00002e80       ??_GPxCooking@physx@@MAEPAXI@Z 10003e80 f i Cooking.obj
 0001:00002eb0       ??_ERefCountable@Cm@physx@@UAEPAXI@Z 10003eb0 f i Cooking.obj
 0001:00002eb0       ??_GRefCountable@Cm@physx@@UAEPAXI@Z 10003eb0 f i Cooking.obj
 0001:00002ee0       ?copy@?$Array@UPxDebugLine@physx@@VNamedAllocator@shdfnd@2@@shdfnd@physx@@KAXPAUPxDebugLine@3@0PBU43@@Z 10003ee0 f i Cooking.obj
 0001:00002f50       ?getConcreteTypeName@PxConvexMesh@physx@@UBEPBDXZ 10003f50 f i Cooking.obj
 0001:00002f60       ?getConcreteTypeName@PxHeightField@physx@@UBEPBDXZ 10003f60 f i Cooking.obj
 0001:00002f70       ?getConvexEdgeThreshold@HeightField@Gu@physx@@UBEMXZ 10003f70 f i Cooking.obj
 0001:00002f80       ?getFlags@HeightField@Gu@physx@@UBE?AV?$PxFlags@W4Enum@PxHeightFieldFlag@physx@@G@3@XZ 10003f80 f i Cooking.obj
 0001:00002f90       ?getFormat@HeightField@Gu@physx@@UBE?AW4Enum@PxHeightFieldFormat@3@XZ 10003f90 f i Cooking.obj
 0001:00002fa0       ?getHeight@HeightField@Gu@physx@@UBEMMM@Z 10003fa0 f i Cooking.obj
 0001:00003000       ?getHeightInternal2@HeightField@Gu@physx@@QBEMIMM@Z 10004000 f i Cooking.obj
 0001:00003150       ?getIndexBuffer@ConvexMesh@Gu@physx@@UBEPBEXZ 10004150 f i Cooking.obj
 0001:00003190       ?getNbColumns@HeightField@Gu@physx@@UBEIXZ 10004190 f i Cooking.obj
 0001:000031a0       ?getNbPolygons@ConvexMesh@Gu@physx@@UBEIXZ 100041a0 f i Cooking.obj
 0001:000031b0       ?getNbRows@HeightField@Gu@physx@@UBEIXZ 100041b0 f i Cooking.obj
 0001:000031c0       ?getNbVertices@ConvexMesh@Gu@physx@@UBEIXZ 100041c0 f i Cooking.obj
 0001:000031d0       ?getPaddedBounds@HeightFieldData@Gu@physx@@QBEABVCenterExtentsPadded@23@XZ 100041d0 f i Cooking.obj
 0001:000031e0       ?getSample@HeightField@Gu@physx@@UBEABUPxHeightFieldSample@3@II@Z 100041e0 f i Cooking.obj
 0001:00003200       ?getSampleStride@HeightField@Gu@physx@@UBEIXZ 10004200 f i Cooking.obj
 0001:00003210       ?getTimestamp@HeightField@Gu@physx@@UBEIXZ 10004210 f i Cooking.obj
 0001:00003220       ?getTriangleMaterialIndex@HeightField@Gu@physx@@UBEGI@Z 10004220 f i Cooking.obj
 0001:00003250       ?getTriangleNormal@HeightField@Gu@physx@@UBE?AVPxVec3@3@I@Z 10004250 f i Cooking.obj
 0001:00003340       ?getVertices@ConvexMesh@Gu@physx@@UBEPBVPxVec3@3@XZ 10004340 f i Cooking.obj
 0001:00003350       ?isKindOf@PxBase@physx@@MBE_NPBD@Z 10004350 f i Cooking.obj
 0001:000033a0       ?isKindOf@PxConvexMesh@physx@@MBE_NPBD@Z 100043a0 f i Cooking.obj
 0001:00003420       ?isKindOf@PxHeightField@physx@@MBE_NPBD@Z 10004420 f i Cooking.obj
 0001:000034a0       ?isReleasable@PxBase@physx@@UBE_NXZ 100044a0 f i Cooking.obj
 0001:000034b0       ?onRefCountZero@RefCountable@Cm@physx@@UAEXXZ 100044b0 f i Cooking.obj
 0001:000034c0       ?outputSegment@RenderOutput@Cm@physx@@QAEXABVPxVec3@3@0@Z 100044c0 f i Cooking.obj
 0001:00003550       ?recreate@?$Array@UPxDebugLine@physx@@VNamedAllocator@shdfnd@2@@shdfnd@physx@@IAEXI@Z 10004550 f i Cooking.obj
 0001:000035d0       ?requiresObjects@ConvexMesh@Gu@physx@@UAEXAAVPxProcessPxBaseCallback@3@@Z 100045d0 f i Cooking.obj
 0001:000035e0       ?reserveSegments@RenderOutput@Cm@physx@@QAEPAUPxDebugLine@3@I@Z 100045e0 f i Cooking.obj
 0001:00003640       ??0ReducedVertexCloud@physx@@QAE@PBVPxVec3@1@I@Z 10004640 f   CookingUtils.obj
 0001:00003670       ??1ReducedVertexCloud@physx@@QAE@XZ 10004670 f   CookingUtils.obj
 0001:000036b0       ?Clean@ReducedVertexCloud@physx@@QAEAAV12@XZ 100046b0 f   CookingUtils.obj
 0001:000036f0       ?Reduce@ReducedVertexCloud@physx@@QAE_NPAUREDUCEDCLOUD@2@@Z 100046f0 f   CookingUtils.obj
 0001:00003990       ??0EdgeList@Gu@physx@@QAE@XZ 10004990 f   EdgeList.obj
 0001:000039c0       ??1EdgeList@Gu@physx@@QAE@XZ 100049c0 f   EdgeList.obj
 0001:00003a40       ?load@EdgeList@Gu@physx@@QAE_NAAVPxInputStream@3@@Z 10004a40 f   EdgeList.obj
 0001:00003ba0       ??0EdgeListBuilder@Gu@physx@@QAE@XZ 10004ba0 f   EdgeList.obj
 0001:00003bd0       ??1EdgeListBuilder@Gu@physx@@QAE@XZ 10004bd0 f   EdgeList.obj
 0001:00003be0       ?init@EdgeListBuilder@Gu@physx@@QAE_NABUEDGELISTCREATE@23@@Z 10004be0 f   EdgeList.obj
 0001:00003cc0       ?createFacesToEdges@EdgeListBuilder@Gu@physx@@AAE_NIPBIPBG@Z 10004cc0 f   EdgeList.obj
 0001:00004090       ?createEdgesToFaces@EdgeListBuilder@Gu@physx@@AAE_NIPBIPBG@Z 10005090 f   EdgeList.obj
 0001:00004250       ?computeActiveEdges@EdgeListBuilder@Gu@physx@@AAE_NIPBIPBGPBVPxVec3@3@M@Z 10005250 f   EdgeList.obj
 0001:00005990       ??$?_UI@@YAPAXIV?$ReflectionAllocator@I@shdfnd@physx@@PBDH@Z 10006990 f i EdgeList.obj
 0001:000059f0       ??0PxVec3@physx@@QAE@XZ    100069f0 f i EdgeList.obj
 0001:00005a60       ??0MeshCleaner@physx@@QAE@IPBVPxVec3@1@IPBIM@Z 10006a60 f   MeshCleaner.obj
 0001:000062f0       ??1MeshCleaner@physx@@QAE@XZ 100072f0 f   MeshCleaner.obj
 0001:00006350       ?createQuantizer@physx@@YAPAVQuantizer@1@XZ 10007350 f   Quantizer.obj
 0001:00006450       ?kmeans_cluster3d@@YAIPBVPxVec3@physx@@IIPAV12@PAIMM@Z 10007450 f   Quantizer.obj
 0001:00006490       ??$kmeans_cluster@VPxVec3@physx@@M@@YAIPBVPxVec3@physx@@IIPAV01@PAIMM@Z 10007490 f i Quantizer.obj
 0001:00006aa0       ??1Quantizer@physx@@MAE@XZ 10007aa0 f i Quantizer.obj
 0001:00006ab0       ??1QuantizerImpl@@EAE@XZ   10007ab0 f i Quantizer.obj
 0001:00006b10       ??_EQuantizer@physx@@MAEPAXI@Z 10007b10 f i Quantizer.obj
 0001:00006b10       ??_GQuantizer@physx@@MAEPAXI@Z 10007b10 f i Quantizer.obj
 0001:00006b40       ??_GQuantizerImpl@@EAEPAXI@Z 10007b40 f i Quantizer.obj
 0001:00006b40       ??_EQuantizerImpl@@EAEPAXI@Z 10007b40 f i Quantizer.obj
 0001:00006bd0       ?getDenormalizeCenter@QuantizerImpl@@UBEABVPxVec3@physx@@XZ 10007bd0 f i Quantizer.obj
 0001:00006be0       ?getDenormalizeScale@QuantizerImpl@@UBEABVPxVec3@physx@@XZ 10007be0 f i Quantizer.obj
 0001:00006bf0       ?growAndPushBack@?$Array@VPxVec3@physx@@VNamedAllocator@shdfnd@2@@shdfnd@physx@@IAEAAVPxVec3@3@ABV43@@Z 10007bf0 f i Quantizer.obj
 0001:00006d70       ?kmeansQuantize3D@QuantizerImpl@@UAEPBVPxVec3@physx@@IPBV23@I_NIAAI@Z 10007d70 f i Quantizer.obj
 0001:00006f80       ?normalizeInput@QuantizerImpl@@AAEXIPBVPxVec3@physx@@I@Z 10007f80 f i Quantizer.obj
 0001:00007230       ?release@QuantizerImpl@@UAEXXZ 10008230 f i Quantizer.obj
 0001:00007240       ??0BVHStructureBuilder@physx@@QAE@XZ 10008240 f   BVHStructureBuilder.obj
 0001:00007270       ??1BVHStructureBuilder@physx@@QAE@XZ 10008270 f   BVHStructureBuilder.obj
 0001:000072d0       ?loadFromDesc@BVHStructureBuilder@physx@@QAE_NABVPxBVHStructureDesc@2@@Z 100082d0 f   BVHStructureBuilder.obj
 0001:000075e0       ?save@BVHStructureBuilder@physx@@QBE_NAAVPxOutputStream@2@_N@Z 100085e0 f   BVHStructureBuilder.obj
 0001:000076f0       ?moveData@BVHStructureBuilder@physx@@QAEXAAUBVHStructureData@Gu@2@@Z 100086f0 f   BVHStructureBuilder.obj
 0001:00007740       ?flatten@@YAXABVNodeAllocator@Gu@physx@@PAUBVHNode@23@@Z 10008740 f   BVHStructureBuilder.obj
 0001:000078a0       ??$copy@VNamedAllocator@shdfnd@physx@@@?$Array@USlab@NodeAllocator@Gu@physx@@VNamedAllocator@shdfnd@4@@shdfnd@physx@@IAEXABV012@@Z 100088a0 f i BVHStructureBuilder.obj
 0001:00007910       ??0AABBTreeBuildNode@Gu@physx@@QAE@ABV012@@Z 10008910 f i BVHStructureBuilder.obj
 0001:00007950       ??0AABBTreeBuildNode@Gu@physx@@QAE@XZ 10008950 f i BVHStructureBuilder.obj
 0001:00007960       ??0AABBTreeBuildParams@Gu@physx@@QAE@IIPBVPxBounds3@2@@Z 10008960 f i BVHStructureBuilder.obj
 0001:00007980       ??0BuildStats@Gu@physx@@QAE@XZ 10008980 f i BVHStructureBuilder.obj
 0001:00007990       ??0NodeAllocator@Gu@physx@@QAE@ABV012@@Z 10008990 f i BVHStructureBuilder.obj
 0001:000079e0       ??1AABBTreeBuildNode@Gu@physx@@QAE@XZ 100089e0 f i BVHStructureBuilder.obj
 0001:000079f0       ??1AABBTreeBuildParams@Gu@physx@@QAE@XZ 100089f0 f i BVHStructureBuilder.obj
 0001:00007a30       ??4AABBTreeBuildNode@Gu@physx@@QAEAAV012@ABV012@@Z 10008a30 f i BVHStructureBuilder.obj
 0001:00007a70       ??4AABBTreeBuildParams@Gu@physx@@QAEAAV012@ABV012@@Z 10008a70 f i BVHStructureBuilder.obj
 0001:00007a80       ??4BuildStats@Gu@physx@@QAEAAU012@$$QAU012@@Z 10008a80 f i BVHStructureBuilder.obj
 0001:00007aa0       ??4BuildStats@Gu@physx@@QAEAAU012@ABU012@@Z 10008aa0 f i BVHStructureBuilder.obj
 0001:00007ac0       ??4NodeAllocator@Gu@physx@@QAEAAV012@ABV012@@Z 10008ac0 f i BVHStructureBuilder.obj
 0001:00007b50       ??_FAABBTreeBuildParams@Gu@physx@@QAEXXZ 10008b50 f i BVHStructureBuilder.obj
 0001:00007b70       ?__global_array_delete@@YAXPAX@Z 10008b70 f i BVHStructureBuilder.obj
 0001:00007b80       ?__global_array_delete@@YAXPAXI@Z 10008b80 f i BVHStructureBuilder.obj
 0001:00007b90       ?__global_delete@@YAXPAX@Z 10008b90 f i BVHStructureBuilder.obj
 0001:00007ba0       ?__global_delete@@YAXPAXI@Z 10008ba0 f i BVHStructureBuilder.obj
 0001:00007bb0       ?allocate@?$Array@USlab@NodeAllocator@Gu@physx@@VNamedAllocator@shdfnd@4@@shdfnd@physx@@IAEPAUSlab@NodeAllocator@Gu@3@I@Z 10008bb0 f i BVHStructureBuilder.obj
 0001:00007c00       ?getAABB@AABBTreeBuildNode@Gu@physx@@QBEABVPxBounds3@3@XZ 10008c00 f i BVHStructureBuilder.obj
 0001:00007c10       ?getCount@BuildStats@Gu@physx@@QBEIXZ 10008c10 f i BVHStructureBuilder.obj
 0001:00007c20       ?getNbPrimitives@AABBTreeBuildNode@Gu@physx@@QBEIXZ 10008c20 f i BVHStructureBuilder.obj
 0001:00007c30       ?getNbRuntimePrimitives@AABBTreeBuildNode@Gu@physx@@QBEIXZ 10008c30 f i BVHStructureBuilder.obj
 0001:00007c40       ?getNeg@AABBTreeBuildNode@Gu@physx@@QBEPBV123@XZ 10008c40 f i BVHStructureBuilder.obj
 0001:00007c50       ?getPos@AABBTreeBuildNode@Gu@physx@@QBEPBV123@XZ 10008c50 f i BVHStructureBuilder.obj
 0001:00007c60       ?getPrimitives@AABBTreeBuildNode@Gu@physx@@QAEPAIPAI@Z 10008c60 f i BVHStructureBuilder.obj
 0001:00007c70       ?getPrimitives@AABBTreeBuildNode@Gu@physx@@QBEPBIPBI@Z 10008c70 f i BVHStructureBuilder.obj
 0001:00007c80       ?increaseCount@BuildStats@Gu@physx@@QAEXI@Z 10008c80 f i BVHStructureBuilder.obj
 0001:00007c90       ?isLeaf@AABBTreeBuildNode@Gu@physx@@QBE_NXZ 10008c90 f i BVHStructureBuilder.obj
 0001:00007ca0       ?recreate@?$Array@USlab@NodeAllocator@Gu@physx@@VNamedAllocator@shdfnd@4@@shdfnd@physx@@IAEXI@Z 10008ca0 f i BVHStructureBuilder.obj
 0001:00007d50       ?reset@AABBTreeBuildParams@Gu@physx@@QAEXXZ 10008d50 f i BVHStructureBuilder.obj
 0001:00007d90       ?reset@BuildStats@Gu@physx@@QAEXXZ 10008d90 f i BVHStructureBuilder.obj
 0001:00007da0       ?setCount@BuildStats@Gu@physx@@QAEXI@Z 10008da0 f i BVHStructureBuilder.obj
 0001:00007db0       ?setNbRunTimePrimitives@AABBTreeBuildNode@Gu@physx@@QAEXI@Z 10008db0 f i BVHStructureBuilder.obj
 0001:00007dc0       ?saveHeightField@physx@@YA_NABVHeightField@Gu@1@AAVPxOutputStream@1@_N@Z 10008dc0 f   HeightFieldCooking.obj
 0001:00007fa0       ?buildFromTriangles@RTreeCooker@physx@@SAXAAURTree@Gu@2@PBVPxVec3@2@IPBGPBIIAAV?$Array@IVNamedAllocator@shdfnd@physx@@@shdfnd@2@PAURemapCallback@12@MW4Enum@PxMeshCookingHint@2@@Z 10008fa0 f   RTreeCooking.obj
 0001:00008210       ??$partition@UBoundsLTE@physx@@@quickSelect@physx@@YAIPIAIIIIABUBoundsLTE@1@@Z 10009210 f i RTreeCooking.obj
 0001:00008290       ??$quickSelectFirstK@UBoundsLTE@physx@@@quickSelect@physx@@YAXPIAIIIIABUBoundsLTE@1@@Z 10009290 f i RTreeCooking.obj
 0001:00008360       ??$sort@I@shdfnd@physx@@YAXPAII@Z 10009360 f i RTreeCooking.obj
 0001:00008390       ??$sort@IU?$Less@I@shdfnd@physx@@VNamedAllocator@23@@shdfnd@physx@@YAXPAIIABU?$Less@I@01@ABVNamedAllocator@01@I@Z 10009390 f i RTreeCooking.obj
 0001:00008680       ??$sort@IUSortBoundsPredicate@physx@@@shdfnd@physx@@YAXPAIIABUSortBoundsPredicate@1@@Z 10009680 f i RTreeCooking.obj
 0001:000086b0       ??$sort@IUSortBoundsPredicate@physx@@VNamedAllocator@shdfnd@2@@shdfnd@physx@@YAXPAIIABUSortBoundsPredicate@1@ABVNamedAllocator@01@I@Z 100096b0 f i RTreeCooking.obj
 0001:00008af0       ??0?$InlineArray@UInterval@physx@@$0EAA@VNamedAllocator@shdfnd@2@@shdfnd@physx@@QAE@ABVNamedAllocator@12@@Z 10009af0 f i RTreeCooking.obj
 0001:00008bb0       ?allocate@?$Array@UInterval@physx@@V?$InlineAllocator@$0CAAA@VNamedAllocator@shdfnd@physx@@@shdfnd@2@@shdfnd@physx@@IAEPAUInterval@3@I@Z 10009bb0 f i RTreeCooking.obj
 0001:000099f0       ?copy@?$Array@URTreeNodeNQ@physx@@VNamedAllocator@shdfnd@2@@shdfnd@physx@@KAXPAURTreeNodeNQ@3@0PBU43@@Z 1000a9f0 f i RTreeCooking.obj
 0001:00009a60       ?copy@?$Array@VPxVec3@physx@@VNamedAllocator@shdfnd@2@@shdfnd@physx@@KAXPAVPxVec3@3@0PBV43@@Z 1000aa60 f i RTreeCooking.obj
 0001:00009b20       ?growAndPushBack@?$Array@IVNamedAllocator@shdfnd@physx@@@shdfnd@physx@@IAEAAIABI@Z 1000ab20 f i RTreeCooking.obj
 0001:00009c00       ?growAndPushBack@?$Array@UInterval@physx@@V?$InlineAllocator@$0CAAA@VNamedAllocator@shdfnd@physx@@@shdfnd@2@@shdfnd@physx@@IAEAAUInterval@3@ABU43@@Z 1000ac00 f i RTreeCooking.obj
 0001:00009cf0       ?growAndPushBack@?$Array@UPxBounds3V@physx@@VNamedAllocator@shdfnd@2@@shdfnd@physx@@IAEAAUPxBounds3V@3@ABU43@@Z 1000acf0 f i RTreeCooking.obj
 0001:00009dc0       ?growAndPushBack@?$Array@URTreeNodeNQ@physx@@VNamedAllocator@shdfnd@2@@shdfnd@physx@@IAEAAURTreeNodeNQ@3@ABU43@@Z 1000adc0 f i RTreeCooking.obj
 0001:00009e90       ?growAndPushBack@?$Array@URTreeNodeQ@Gu@physx@@VNamedAllocator@shdfnd@3@@shdfnd@physx@@IAEAAURTreeNodeQ@Gu@3@ABU453@@Z 1000ae90 f i RTreeCooking.obj
 0001:00009f80       ?recreate@?$Array@IVNamedAllocator@shdfnd@physx@@@shdfnd@physx@@IAEXI@Z 1000af80 f i RTreeCooking.obj
 0001:0000a040       ?recreate@?$Array@UPxBounds3V@physx@@VNamedAllocator@shdfnd@2@@shdfnd@physx@@IAEXI@Z 1000b040 f i RTreeCooking.obj
 0001:0000a0f0       ?recreate@?$Array@URTreeNodeNQ@physx@@VNamedAllocator@shdfnd@2@@shdfnd@physx@@IAEXI@Z 1000b0f0 f i RTreeCooking.obj
 0001:0000a170       ?recreate@?$Array@URTreeNodeQ@Gu@physx@@VNamedAllocator@shdfnd@3@@shdfnd@physx@@IAEXI@Z 1000b170 f i RTreeCooking.obj
 0001:0000a230       ?recreate@?$Array@VPxVec3@physx@@VNamedAllocator@shdfnd@2@@shdfnd@physx@@IAEXI@Z 1000b230 f i RTreeCooking.obj
 0001:0000a2b0       ?resize@?$Array@IVNamedAllocator@shdfnd@physx@@@shdfnd@physx@@QAEXIABI@Z 1000b2b0 f i RTreeCooking.obj
 0001:0000a370       ?resizeUninitialized@?$Array@URTreeNodeNQ@physx@@VNamedAllocator@shdfnd@2@@shdfnd@physx@@QAEXI@Z 1000b370 f i RTreeCooking.obj
 0001:0000a3a0       ?sort4@SubSortQuick@physx@@QAEXPIAIIAAV?$Array@URTreeNodeNQ@physx@@VNamedAllocator@shdfnd@2@@shdfnd@2@AAIAAUPxBounds3V@2@I@Z 1000b3a0 f i RTreeCooking.obj
 0001:0000a7b0       ?sort4@SubSortSAH@physx@@QAEXPAIIAAV?$Array@URTreeNodeNQ@physx@@VNamedAllocator@shdfnd@2@@shdfnd@2@AAIIPAURTreeNodeNQ@2@@Z 1000b7b0 f i RTreeCooking.obj
 0001:0000afa0       ?split@SubSortSAH@physx@@QAEIPAII@Z 1000bfa0 f i RTreeCooking.obj
 0001:0000b420       ?computeLocalBounds@MeshBulider@physx@@IAEXAAVMeshDataBase@Gu@2@@Z 1000c420 f   MeshBuilder.obj
 0001:0000b4a0       ??0TriangleMeshBuilder@physx@@QAE@AAVTriangleMeshData@Gu@1@ABUPxCookingParams@1@@Z 1000c4a0 f   TriangleMeshBuilder.obj
 0001:0000b4c0       ??1TriangleMeshBuilder@physx@@UAE@XZ 1000c4c0 f   TriangleMeshBuilder.obj
 0001:0000b4f0       ?cleanMesh@TriangleMeshBuilder@physx@@QAE_N_NPAW4Enum@PxTriangleMeshCookingResult@2@@Z 1000c4f0 f   TriangleMeshBuilder.obj
 0001:0000b8f0       ?remapTopology@TriangleMeshBuilder@physx@@QAEXPBI@Z 1000c8f0 f   TriangleMeshBuilder.obj
 0001:0000bb40       ?createSharedEdgeData@TriangleMeshBuilder@physx@@QAEX_N0@Z 1000cb40 f   TriangleMeshBuilder.obj
 0001:0000bf00       ?recordTriangleIndices@TriangleMeshBuilder@physx@@QAEXXZ 1000cf00 f   TriangleMeshBuilder.obj
 0001:0000bf80       ?createGRBMidPhaseAndData@TriangleMeshBuilder@physx@@QAEXI@Z 1000cf80 f   TriangleMeshBuilder.obj
 0001:0000c270       ?createGRBData@TriangleMeshBuilder@physx@@QAEXXZ 1000d270 f   TriangleMeshBuilder.obj
 0001:0000c310       ?loadFromDesc@TriangleMeshBuilder@physx@@QAE_NABVPxTriangleMeshDesc@2@PAW4Enum@PxTriangleMeshCookingResult@2@_N@Z 1000d310 f   TriangleMeshBuilder.obj
 0001:0000c630       ?save@TriangleMeshBuilder@physx@@QBE_NAAVPxOutputStream@2@_NABUPxCookingParams@2@@Z 1000d630 f   TriangleMeshBuilder.obj
 0001:0000cb40       ?checkMeshIndicesSize@TriangleMeshBuilder@physx@@QAEXXZ 1000db40 f   TriangleMeshBuilder.obj
 0001:0000cbf0       ?importMesh@TriangleMeshBuilder@physx@@IAE_NABVPxTriangleMeshDesc@2@ABUPxCookingParams@2@PAW4Enum@PxTriangleMeshCookingResult@2@_N@Z 1000dbf0 f   TriangleMeshBuilder.obj
 0001:0000cf70       ?releaseEdgeList@TriangleMeshBuilder@physx@@IAEXXZ 1000df70 f   TriangleMeshBuilder.obj
 0001:0000cfa0       ?createEdgeList@TriangleMeshBuilder@physx@@IAEXXZ 1000dfa0 f   TriangleMeshBuilder.obj
 0001:0000d080       ??0RTreeTriangleMeshBuilder@physx@@QAE@ABUPxCookingParams@1@@Z 1000e080 f   TriangleMeshBuilder.obj
 0001:0000d0f0       ??1RTreeTriangleMeshBuilder@physx@@UAE@XZ 1000e0f0 f   TriangleMeshBuilder.obj
 0001:0000d170       ?createMidPhaseStructure@RTreeTriangleMeshBuilder@physx@@UAEXXZ 1000e170 f   TriangleMeshBuilder.obj
 0001:0000d250       ?saveMidPhaseStructure@RTreeTriangleMeshBuilder@physx@@UBEXAAVPxOutputStream@2@_N@Z 1000e250 f   TriangleMeshBuilder.obj
 0001:0000d3e0       ??0BV4TriangleMeshBuilder@physx@@QAE@ABUPxCookingParams@1@@Z 1000e3e0 f   TriangleMeshBuilder.obj
 0001:0000d430       ??1BV4TriangleMeshBuilder@physx@@UAE@XZ 1000e430 f   TriangleMeshBuilder.obj
 0001:0000d490       ?createMidPhaseStructure@BV4TriangleMeshBuilder@physx@@UAEXXZ 1000e490 f   TriangleMeshBuilder.obj
 0001:0000d690       ?saveMidPhaseStructure@BV4TriangleMeshBuilder@physx@@UBEXAAVPxOutputStream@2@_N@Z 1000e690 f   TriangleMeshBuilder.obj
 0001:0000d830       ?onMeshIndexFormatChange@BV4TriangleMeshBuilder@physx@@UAEXXZ 1000e830 f   TriangleMeshBuilder.obj
 0001:0000d870       ?createMidPhaseStructure@BV32TriangleMeshBuilder@physx@@SAXABUPxCookingParams@2@AAVTriangleMeshData@Gu@2@AAVBV32Tree@52@@Z 1000e870 f   TriangleMeshBuilder.obj
 0001:0000d9a0       ?saveMidPhaseStructure@BV32TriangleMeshBuilder@physx@@SAXPAVBV32Tree@Gu@2@AAVPxOutputStream@2@_N@Z 1000e9a0 f   TriangleMeshBuilder.obj
 0001:0000db00       ?findSharpVertices@GrbTrimeshCookerHelper@physx@@YAXAAV?$Array@USortedNeighbor@GrbTrimeshCookerHelper@physx@@VNamedAllocator@shdfnd@3@@shdfnd@2@AAV?$Array@USharpEdgeRange@GrbTrimeshCookerHelper@physx@@VNamedAllocator@shdfnd@3@@42@PBUuint3@2@PBUuint4@2@II@Z 1000eb00 f   TriangleMeshBuilder.obj
 0001:0000de70       ?buildVertexConnectionNew_p1@GrbTrimeshCookerHelper@physx@@YAIAAV?$Array@USortedNeighbor@GrbTrimeshCookerHelper@physx@@VNamedAllocator@shdfnd@3@@shdfnd@2@AAV?$Array@USharpEdgeRange@GrbTrimeshCookerHelper@physx@@VNamedAllocator@shdfnd@3@@42@PBUuint3@2@PBUuint4@2@II@Z 1000ee70 f   TriangleMeshBuilder.obj
 0001:0000df80       ?buildVertexConnectionNew_p2@GrbTrimeshCookerHelper@physx@@YAXPAI00AAV?$Array@USortedNeighbor@GrbTrimeshCookerHelper@physx@@VNamedAllocator@shdfnd@3@@shdfnd@2@AAV?$Array@USharpEdgeRange@GrbTrimeshCookerHelper@physx@@VNamedAllocator@shdfnd@3@@42@I@Z 1000ef80 f   TriangleMeshBuilder.obj
 0001:0000e000       ??$?_UG@@YAPAXIV?$ReflectionAllocator@G@shdfnd@physx@@PBDH@Z 1000f000 f i TriangleMeshBuilder.obj
 0001:0000e060       ??$sort@UEdgeTriLookup@physx@@@shdfnd@physx@@YAXPAUEdgeTriLookup@1@I@Z 1000f060 f i TriangleMeshBuilder.obj
 0001:0000e090       ??$sort@UEdgeTriLookup@physx@@U?$Less@UEdgeTriLookup@physx@@@shdfnd@2@VNamedAllocator@42@@shdfnd@physx@@YAXPAUEdgeTriLookup@1@IABU?$Less@UEdgeTriLookup@physx@@@01@ABVNamedAllocator@01@I@Z 1000f090 f i TriangleMeshBuilder.obj
 0001:0000e490       ??$sort@USortedNeighbor@GrbTrimeshCookerHelper@physx@@@shdfnd@physx@@YAXPAUSortedNeighbor@GrbTrimeshCookerHelper@1@I@Z 1000f490 f i TriangleMeshBuilder.obj
 0001:0000e4c0       ??$sort@USortedNeighbor@GrbTrimeshCookerHelper@physx@@U?$Less@USortedNeighbor@GrbTrimeshCookerHelper@physx@@@shdfnd@3@VNamedAllocator@53@@shdfnd@physx@@YAXPAUSortedNeighbor@GrbTrimeshCookerHelper@1@IABU?$Less@USortedNeighbor@GrbTrimeshCookerHelper@physx@@@01@ABVNamedAllocator@01@I@Z 1000f4c0 f i TriangleMeshBuilder.obj
 0001:0000e920       ??0PxVec4@physx@@QAE@XZ    1000f920 f i TriangleMeshBuilder.obj
 0001:0000e930       ??0TriangleMeshData@Gu@physx@@QAE@XZ 1000f930 f i TriangleMeshBuilder.obj
 0001:0000e9d0       ??1BV4TriangleData@Gu@physx@@UAE@XZ 1000f9d0 f i TriangleMeshBuilder.obj
 0001:0000ea00       ??1MeshDataBase@Gu@physx@@UAE@XZ 1000fa00 f i TriangleMeshBuilder.obj
 0001:0000eab0       ??1RTreeTriangleData@Gu@physx@@UAE@XZ 1000fab0 f i TriangleMeshBuilder.obj
 0001:0000eb00       ??1RemapCallback@RTreeCooker@physx@@UAE@XZ 1000fb00 f i TriangleMeshBuilder.obj
 0001:0000eb10       ??1TriangleMeshData@Gu@physx@@UAE@XZ 1000fb10 f i TriangleMeshBuilder.obj
 0001:0000eb90       ??_EBV4TriangleData@Gu@physx@@UAEPAXI@Z 1000fb90 f i TriangleMeshBuilder.obj
 0001:0000eb90       ??_GBV4TriangleData@Gu@physx@@UAEPAXI@Z 1000fb90 f i TriangleMeshBuilder.obj
 0001:0000ebf0       ??_GBV4TriangleMeshBuilder@physx@@UAEPAXI@Z 1000fbf0 f i TriangleMeshBuilder.obj
 0001:0000ebf0       ??_EBV4TriangleMeshBuilder@physx@@UAEPAXI@Z 1000fbf0 f i TriangleMeshBuilder.obj
 0001:0000ec60       ??_EMeshDataBase@Gu@physx@@UAEPAXI@Z 1000fc60 f i TriangleMeshBuilder.obj
 0001:0000ec60       ??_GMeshDataBase@Gu@physx@@UAEPAXI@Z 1000fc60 f i TriangleMeshBuilder.obj
 0001:0000eca0       ??_ERTreeCookerRemap@physx@@UAEPAXI@Z 1000fca0 f i TriangleMeshBuilder.obj
 0001:0000eca0       ??_GRTreeCookerRemap@physx@@UAEPAXI@Z 1000fca0 f i TriangleMeshBuilder.obj
 0001:0000ecd0       ??_ERTreeTriangleData@Gu@physx@@UAEPAXI@Z 1000fcd0 f i TriangleMeshBuilder.obj
 0001:0000ecd0       ??_GRTreeTriangleData@Gu@physx@@UAEPAXI@Z 1000fcd0 f i TriangleMeshBuilder.obj
 0001:0000ed50       ??_ERTreeTriangleMeshBuilder@physx@@UAEPAXI@Z 1000fd50 f i TriangleMeshBuilder.obj
 0001:0000ed50       ??_GRTreeTriangleMeshBuilder@physx@@UAEPAXI@Z 1000fd50 f i TriangleMeshBuilder.obj
 0001:0000ede0       ??_GRemapCallback@RTreeCooker@physx@@UAEPAXI@Z 1000fde0 f i TriangleMeshBuilder.obj
 0001:0000ede0       ??_ERemapCallback@RTreeCooker@physx@@UAEPAXI@Z 1000fde0 f i TriangleMeshBuilder.obj
 0001:0000ee10       ??_ETriangleMeshBuilder@physx@@UAEPAXI@Z 1000fe10 f i TriangleMeshBuilder.obj
 0001:0000ee10       ??_GTriangleMeshBuilder@physx@@UAEPAXI@Z 1000fe10 f i TriangleMeshBuilder.obj
 0001:0000ee60       ??_GTriangleMeshData@Gu@physx@@UAEPAXI@Z 1000fe60 f i TriangleMeshBuilder.obj
 0001:0000ee60       ??_ETriangleMeshData@Gu@physx@@UAEPAXI@Z 1000fe60 f i TriangleMeshBuilder.obj
 0001:0000eea0       ?allocateTriangles@TriangleMeshData@Gu@physx@@QAEPAXI_NI@Z 1000fea0 f i TriangleMeshBuilder.obj
 0001:0000f470       ?getMidphaseID@BV4TriangleMeshBuilder@physx@@UBE?AW4Enum@PxMeshMidPhase@2@XZ 10010470 f i TriangleMeshBuilder.obj
 0001:0000f480       ?getMidphaseID@RTreeTriangleMeshBuilder@physx@@UBE?AW4Enum@PxMeshMidPhase@2@XZ 10010480 f i TriangleMeshBuilder.obj
 0001:0000f490       ?growAndPushBack@?$Array@USortedNeighbor@GrbTrimeshCookerHelper@physx@@VNamedAllocator@shdfnd@3@@shdfnd@physx@@IAEAAUSortedNeighbor@GrbTrimeshCookerHelper@3@ABU453@@Z 10010490 f i TriangleMeshBuilder.obj
 0001:0000f560       ?onMeshIndexFormatChange@TriangleMeshBuilder@physx@@UAEXXZ 10010560 f i TriangleMeshBuilder.obj
 0001:0000f570       ?recreate@?$Array@USharpEdgeRange@GrbTrimeshCookerHelper@physx@@VNamedAllocator@shdfnd@3@@shdfnd@physx@@IAEXI@Z 10010570 f i TriangleMeshBuilder.obj
 0001:0000f640       ?recreate@?$Array@USortedNeighbor@GrbTrimeshCookerHelper@physx@@VNamedAllocator@shdfnd@3@@shdfnd@physx@@IAEXI@Z 10010640 f i TriangleMeshBuilder.obj
 0001:0000f6f0       ?remap@RTreeCookerRemap@physx@@UAEXPAIII@Z 100106f0 f i TriangleMeshBuilder.obj
 0001:0000f710       ?resize@?$Array@USharpEdgeRange@GrbTrimeshCookerHelper@physx@@VNamedAllocator@shdfnd@3@@shdfnd@physx@@QAEXIABUSharpEdgeRange@GrbTrimeshCookerHelper@3@@Z 10010710 f i TriangleMeshBuilder.obj
 0001:0000f770       ?resizeUninitialized@?$Array@USortedNeighbor@GrbTrimeshCookerHelper@physx@@VNamedAllocator@shdfnd@3@@shdfnd@physx@@QAEXI@Z 10010770 f i TriangleMeshBuilder.obj
 0001:0000f7a0       ??0BigConvexDataBuilder@physx@@QAE@PBUConvexHullData@Gu@1@PAVBigConvexData@1@PBVPxVec3@1@@Z 100107a0 f   BigConvexDataBuilder.obj
 0001:0000f7c0       ??1BigConvexDataBuilder@physx@@QAE@XZ 100107c0 f   BigConvexDataBuilder.obj
 0001:0000f7d0       ?precompute@BigConvexDataBuilder@physx@@QAE_NI@Z 100107d0 f   BigConvexDataBuilder.obj
 0001:00010150       ?initialize@BigConvexDataBuilder@physx@@QAE_NXZ 10011150 f   BigConvexDataBuilder.obj
 0001:000101c0       ?save@BigConvexDataBuilder@physx@@QBE_NAAVPxOutputStream@2@_N@Z 100111c0 f   BigConvexDataBuilder.obj
 0001:00010370       ?computeValencies@BigConvexDataBuilder@physx@@QAE_NABVConvexHullBuilder@2@@Z 10011370 f   BigConvexDataBuilder.obj
 0001:000106e0       ?saveValencies@BigConvexDataBuilder@physx@@QBE_NAAVPxOutputStream@2@_N@Z 100116e0 f   BigConvexDataBuilder.obj
 0001:00010810       ??0BigConvexData@physx@@QAE@W4PxEMPTY@1@@Z 10011810 f i BigConvexDataBuilder.obj
 0001:00010820       ??4BigConvexData@physx@@QAEAAV01@ABV01@@Z 10011820 f i BigConvexDataBuilder.obj
 0001:00010840       ?GetAdjacentVerts@BigConvexData@physx@@QBEPBEXZ 10011840 f i BigConvexDataBuilder.obj
 0001:00010850       ?GetNbNeighbors@BigConvexData@physx@@QBEGI@Z 10011850 f i BigConvexDataBuilder.obj
 0001:00010860       ?GetNbSamples@BigConvexData@physx@@QBEIXZ 10011860 f i BigConvexDataBuilder.obj
 0001:00010870       ?GetNbVerts@BigConvexData@physx@@QBEIXZ 10011870 f i BigConvexDataBuilder.obj
 0001:00010880       ?GetNeighbors@BigConvexData@physx@@QBEPBEI@Z 10011880 f i BigConvexDataBuilder.obj
 0001:000108a0       ?GetOffset@BigConvexData@physx@@QBEGI@Z 100118a0 f i BigConvexDataBuilder.obj
 0001:000108b0       ?GetSubdiv@BigConvexData@physx@@QBEIXZ 100118b0 f i BigConvexDataBuilder.obj
 0001:000108c0       ?GetValencies@BigConvexData@physx@@QBEPBUValency@Gu@2@XZ 100118c0 f i BigConvexDataBuilder.obj
 0001:000108d0       ?GetValency@BigConvexData@physx@@QBEGI@Z 100118d0 f i BigConvexDataBuilder.obj
 0001:000108e0       ??0ConvexHullBuilder@physx@@QAE@PAUConvexHullData@Gu@1@_N@Z 100118e0 f   ConvexHullBuilder.obj
 0001:00010930       ??1ConvexHullBuilder@physx@@QAE@XZ 10011930 f   ConvexHullBuilder.obj
 0001:00010a00       ?init@ConvexHullBuilder@physx@@QAE_NIPBVPxVec3@2@PBIIIPBUPxHullPolygon@2@_NPAVConvexHullLib@2@@Z 10011a00 f   ConvexHullBuilder.obj
 0001:00010d60       ?save@ConvexHullBuilder@physx@@QBE_NAAVPxOutputStream@2@_N@Z 10011d60 f   ConvexHullBuilder.obj
 0001:00011020       ?copy@ConvexHullBuilder@physx@@QAE_NAAUConvexHullData@Gu@2@AAI@Z 10012020 f   ConvexHullBuilder.obj
 0001:00011230       ?createEdgeList@ConvexHullBuilder@physx@@QAE_N_NI@Z 10012230 f   ConvexHullBuilder.obj
 0001:000119a0       ?checkHullPolygons@ConvexHullBuilder@physx@@QBE_NXZ 100129a0 f   ConvexHullBuilder.obj
 0001:00011da0       ?calculateVertexMapTable@ConvexHullBuilder@physx@@QAE_NI_N@Z 10012da0 f   ConvexHullBuilder.obj
 0001:00011f60       ?computeGeomCenter@ConvexHullBuilder@physx@@IBE_NAAVPxVec3@2@IPAUHullTriangleData@2@@Z 10012f60 f   ConvexHullBuilder.obj
 0001:000121a0       ??1ConvexHullLib@physx@@UAE@XZ 100131a0 f   ConvexHullLib.obj
 0001:000121e0       ?cleanupVertices@ConvexHullLib@physx@@IAE_NIPBVPxVec3@2@IAAIPAV32@AAV32@3@Z 100131e0 f   ConvexHullLib.obj
 0001:00012570       ?shiftAndcleanupVertices@ConvexHullLib@physx@@IAE_NIPBVPxVec3@2@IAAIPAV32@AAV32@3@Z 10013570 f   ConvexHullLib.obj
 0001:00012720       ?swapLargestFace@ConvexHullLib@physx@@IAEXAAVPxConvexMeshDesc@2@@Z 10013720 f   ConvexHullLib.obj
 0001:00012910       ?shiftConvexMeshDesc@ConvexHullLib@physx@@IAEXAAVPxConvexMeshDesc@2@@Z 10013910 f   ConvexHullLib.obj
 0001:000129b0       ??_GConvexHullLib@physx@@UAEPAXI@Z 100139b0 f i ConvexHullLib.obj
 0001:000129b0       ??_EConvexHullLib@physx@@UAEPAXI@Z 100139b0 f i ConvexHullLib.obj
 0001:00012d30       ??0ConvexHull@physx@@QAE@ABVPxVec3@1@0ABV?$Array@VPxPlane@physx@@VNamedAllocator@shdfnd@2@@shdfnd@1@@Z 10013d30 f   ConvexHullUtils.obj
 0001:00013820       ??0ConvexHull@physx@@QAE@ABVPxVec3@1@ABVPxTransform@1@ABV?$Array@VPxPlane@physx@@VNamedAllocator@shdfnd@2@@shdfnd@1@@Z 10014820 f   ConvexHullUtils.obj
 0001:00014be0       ?findCandidatePlane@ConvexHull@physx@@QBEHMM@Z 10015be0 f   ConvexHullUtils.obj
 0001:00014e60       ?assertIntact@ConvexHull@physx@@QBE_NM@Z 10015e60 f   ConvexHullUtils.obj
 0001:00015140       ?maxNumVertsPerFace@ConvexHull@physx@@QBEIXZ 10016140 f   ConvexHullUtils.obj
 0001:000151c0       ?convexHullCrop@physx@@YAPAVConvexHull@1@ABV21@ABVPxPlane@1@M@Z 100161c0 f   ConvexHullUtils.obj
 0001:00016360       ?computeOBBFromConvex@physx@@YA_NABVPxConvexMeshDesc@1@AAVPxVec3@1@AAVPxTransform@1@@Z 10017360 f   ConvexHullUtils.obj
 0001:00016ac0       ?computeOBBSIMD@local@@YAXIPBT__m128@@AAT2@ABT2@1@Z 10017ac0 f   ConvexHullUtils.obj
 0001:00016c90       ??0Box@Gu@physx@@QAE@ABV012@@Z 10017c90 f i ConvexHullUtils.obj
 0001:00016d00       ??0Box@Gu@physx@@QAE@ABVPxVec3@2@0ABVPxMat33@2@@Z 10017d00 f i ConvexHullUtils.obj
 0001:00016d70       ??0Box@Gu@physx@@QAE@XZ    10017d70 f i ConvexHullUtils.obj
 0001:00016d80       ??0HalfEdge@ConvexHull@physx@@QAE@XZ 10017d80 f i ConvexHullUtils.obj
 0001:00016d90       ??0PxPlane@physx@@QAE@XZ   10017d90 f i ConvexHullUtils.obj
 0001:00016da0       ??0PxQuat@physx@@QAE@ABVPxMat33@1@@Z 10017da0 f i ConvexHullUtils.obj
 0001:00016f70       ??1Box@Gu@physx@@QAE@XZ    10017f70 f i ConvexHullUtils.obj
 0001:00016f80       ??4Box@Gu@physx@@QAEABV012@ABV012@@Z 10017f80 f i ConvexHullUtils.obj
 0001:00016ff0       ?computeAABBExtent@Box@Gu@physx@@QBE?AVPxVec3@3@XZ 10017ff0 f i ConvexHullUtils.obj
 0001:000170a0       ?computeBoxPoints@Box@Gu@physx@@QBEXPIAVPxVec3@3@@Z 100180a0 f i ConvexHullUtils.obj
 0001:000170c0       ?copy@?$Array@VPxPlane@physx@@VNamedAllocator@shdfnd@2@@shdfnd@physx@@KAXPAVPxPlane@3@0PBV43@@Z 100180c0 f i ConvexHullUtils.obj
 0001:00017110       ?getInverse@PxMat33@physx@@QBE?BV12@XZ 10018110 f i ConvexHullUtils.obj
 0001:00017360       ?getTransform@Box@Gu@physx@@QBE?AVPxTransform@3@XZ 10018360 f i ConvexHullUtils.obj
 0001:000173b0       ?growAndPushBack@?$Array@VHalfEdge@ConvexHull@physx@@VNamedAllocator@shdfnd@3@@shdfnd@physx@@IAEAAVHalfEdge@ConvexHull@3@ABV453@@Z 100183b0 f i ConvexHullUtils.obj
 0001:00017490       ?growAndPushBack@?$Array@VPxPlane@physx@@VNamedAllocator@shdfnd@2@@shdfnd@physx@@IAEAAVPxPlane@3@ABV43@@Z 10018490 f i ConvexHullUtils.obj
 0001:00017550       ?isValid@Box@Gu@physx@@QBE_NXZ 10018550 f i ConvexHullUtils.obj
 0001:00017570       ?recreate@?$Array@VHalfEdge@ConvexHull@physx@@VNamedAllocator@shdfnd@3@@shdfnd@physx@@IAEXI@Z 10018570 f i ConvexHullUtils.obj
 0001:00017630       ?recreate@?$Array@VPxPlane@physx@@VNamedAllocator@shdfnd@2@@shdfnd@physx@@IAEXI@Z 10018630 f i ConvexHullUtils.obj
 0001:000176b0       ?resize@?$Array@VHalfEdge@ConvexHull@physx@@VNamedAllocator@shdfnd@3@@shdfnd@physx@@QAEXIABVHalfEdge@ConvexHull@3@@Z 100186b0 f i ConvexHullUtils.obj
 0001:00017750       ?resize@?$Array@VPxPlane@physx@@VNamedAllocator@shdfnd@2@@shdfnd@physx@@QAEXIABVPxPlane@3@@Z 10018750 f i ConvexHullUtils.obj
 0001:00017850       ?resize@?$Array@VPxVec3@physx@@VNamedAllocator@shdfnd@2@@shdfnd@physx@@QAEXIABVPxVec3@3@@Z 10018850 f i ConvexHullUtils.obj
 0001:00017920       ?rotate@Box@Gu@physx@@QBE?AVPxVec3@3@ABV43@@Z 10018920 f i ConvexHullUtils.obj
 0001:000179b0       ?rotateInv@Box@Gu@physx@@QBE?AVPxVec3@3@ABV43@@Z 100189b0 f i ConvexHullUtils.obj
 0001:00017a40       ?setAxes@Box@Gu@physx@@QAEXABVPxVec3@3@00@Z 10018a40 f i ConvexHullUtils.obj
 0001:00017a90       ?setEmpty@Box@Gu@physx@@QAEXXZ 10018a90 f i ConvexHullUtils.obj
 0001:00017b00       ?transform@Box@Gu@physx@@QBE?AVPxVec3@3@ABV43@@Z 10018b00 f i ConvexHullUtils.obj
 0001:00017ba0       ??0ConvexMeshBuilder@physx@@QAE@_N@Z 10018ba0 f   ConvexMeshBuilder.obj
 0001:00017c00       ??1ConvexMeshBuilder@physx@@QAE@XZ 10018c00 f   ConvexMeshBuilder.obj
 0001:00017c30       ?build@ConvexMeshBuilder@physx@@QAE_NABVPxConvexMeshDesc@2@I_NPAVConvexHullLib@2@@Z 10018c30 f   ConvexMeshBuilder.obj
 0001:00017ef0       ?save@ConvexMeshBuilder@physx@@QBE_NAAVPxOutputStream@2@_N@Z 10018ef0 f   ConvexMeshBuilder.obj
 0001:000180e0       ?copy@ConvexMeshBuilder@physx@@QAE_NAAUConvexHullData@Gu@2@AAI@Z 100190e0 f   ConvexMeshBuilder.obj
 0001:00018150       ?loadConvexHull@ConvexMeshBuilder@physx@@QAE_NABVPxConvexMeshDesc@2@PAVConvexHullLib@2@@Z 10019150 f   ConvexMeshBuilder.obj
 0001:00018350       ?computeHullPolygons@ConvexMeshBuilder@physx@@QAE_NABIPBVPxVec3@2@0PBIAAVPxAllocatorCallback@2@AAIAAPAV32@4AAPAI4AAPAUPxHullPolygon@2@@Z 10019350 f   ConvexMeshBuilder.obj
 0001:000184d0       ?computeGaussMaps@ConvexMeshBuilder@physx@@QAE_NXZ 100194d0 f   ConvexMeshBuilder.obj
 0001:000185a0       ?computeMassInfo@ConvexMeshBuilder@physx@@QAEX_N@Z 100195a0 f   ConvexMeshBuilder.obj
 0001:00018a10       ?computeInternalObjects@ConvexMeshBuilder@physx@@QAEXXZ 10019a10 f   ConvexMeshBuilder.obj
 0001:00018ec0       ?isFinite@PxVec3@physx@@QBE_NXZ 10019ec0 f i ConvexMeshBuilder.obj
 0001:00018f30       ??0ConvexPolygonsBuilder@physx@@QAE@PAUConvexHullData@Gu@1@_N@Z 10019f30 f   ConvexPolygonsBuilder.obj
 0001:00018f60       ??1ConvexPolygonsBuilder@physx@@QAE@XZ 10019f60 f   ConvexPolygonsBuilder.obj
 0001:00018f90       ?computeHullPolygons@ConvexPolygonsBuilder@physx@@QAE_NABIPBVPxVec3@2@0PBI@Z 10019f90 f   ConvexPolygonsBuilder.obj
 0001:00019210       ?createPolygonData@ConvexPolygonsBuilder@physx@@AAE_NXZ 1001a210 f   ConvexPolygonsBuilder.obj
 0001:00019d70       ?createTrianglesFromPolygons@ConvexPolygonsBuilder@physx@@AAE_NXZ 1001ad70 f   ConvexPolygonsBuilder.obj
 0001:0001a230       ??$?_UE@@YAPAXIV?$ReflectionAllocator@E@shdfnd@physx@@PBDH@Z 1001b230 f i ConvexPolygonsBuilder.obj
 0001:0001a290       ??$copy@VNamedAllocator@shdfnd@physx@@@?$Array@VPair@@VNamedAllocator@shdfnd@physx@@@shdfnd@physx@@IAEXABV012@@Z 1001b290 f i ConvexPolygonsBuilder.obj
 0001:0001b060       ?copy@?$Array@VPair@@VNamedAllocator@shdfnd@physx@@@shdfnd@physx@@KAXPAVPair@@0PBV4@@Z 1001c060 f i ConvexPolygonsBuilder.obj
 0001:0001be00       ?growAndPushBack@?$Array@VPair@@VNamedAllocator@shdfnd@physx@@@shdfnd@physx@@IAEAAVPair@@ABV4@@Z 1001ce00 f i ConvexPolygonsBuilder.obj
 0001:0001beb0       ??0QuickHullConvexHullLib@physx@@QAE@ABVPxConvexMeshDesc@1@ABUPxCookingParams@1@@Z 1001ceb0 f   QuickHullConvexHullLib.obj
 0001:0001bf70       ??1QuickHullConvexHullLib@physx@@UAE@XZ 1001cf70 f   QuickHullConvexHullLib.obj
 0001:0001bff0       ?createConvexHull@QuickHullConvexHullLib@physx@@UAE?AW4Enum@PxConvexMeshCookingResult@2@XZ 1001cff0 f   QuickHullConvexHullLib.obj
 0001:0001c500       ?fillConvexMeshDesc@QuickHullConvexHullLib@physx@@UAEXAAVPxConvexMeshDesc@2@@Z 1001d500 f   QuickHullConvexHullLib.obj
 0001:0001c540       ?createEdgeList@QuickHullConvexHullLib@physx@@UAE_NIPBEPAPAEPAPAG2@Z 1001d540 f   QuickHullConvexHullLib.obj
 0001:0001c780       ?expandHullOBB@QuickHullConvexHullLib@physx@@IAE?AW4Enum@PxConvexMeshCookingResult@2@XZ 1001d780 f   QuickHullConvexHullLib.obj
 0001:0001cc00       ?expandHull@QuickHullConvexHullLib@physx@@IAE?AW4Enum@PxConvexMeshCookingResult@2@XZ 1001dc00 f   QuickHullConvexHullLib.obj
 0001:0001d280       ?cleanupForSimplex@QuickHullConvexHullLib@physx@@IAE_NPAVPxVec3@2@IPAUQuickHullVertex@local@@1AAM2@Z 1001e280 f   QuickHullConvexHullLib.obj
 0001:0001d980       ?fillConvexMeshDescFromQuickHull@QuickHullConvexHullLib@physx@@IAEXAAVPxConvexMeshDesc@2@@Z 1001e980 f   QuickHullConvexHullLib.obj
 0001:0001dd40       ?fillConvexMeshDescFromCroppedHull@QuickHullConvexHullLib@physx@@IAEXAAVPxConvexMeshDesc@2@@Z 1001ed40 f   QuickHullConvexHullLib.obj
 0001:0001df00       ?getOppositeFaceDistance@QuickHullHalfEdge@local@@QBEMXZ 1001ef00 f   QuickHullConvexHullLib.obj
 0001:0001df40       ?mergeAdjacentFace@QuickHullFace@local@@QAE_NPAUQuickHullHalfEdge@2@AAV?$Array@PAUQuickHullFace@local@@VNamedAllocator@shdfnd@physx@@@shdfnd@physx@@@Z 1001ef40 f   QuickHullConvexHullLib.obj
 0001:0001e340       ?checkFaceConsistency@QuickHullFace@local@@QAE_NXZ 1001f340 f   QuickHullConvexHullLib.obj
 0001:0001e350       ?connectHalfEdges@QuickHullFace@local@@AAEPAU12@PAUQuickHullHalfEdge@2@0@Z 1001f350 f   QuickHullConvexHullLib.obj
 0001:0001e670       ??0QuickHull@local@@QAE@ABUPxCookingParams@physx@@ABVPxConvexMeshDesc@3@@Z 1001f670 f   QuickHullConvexHullLib.obj
 0001:0001e8c0       ??1QuickHull@local@@QAE@XZ 1001f8c0 f   QuickHullConvexHullLib.obj
 0001:0001e9e0       ?preallocate@QuickHull@local@@QAEXI@Z 1001f9e0 f   QuickHullConvexHullLib.obj
 0001:0001eb10       ?parseInputVertices@QuickHull@local@@QAEXPBVPxVec3@physx@@I@Z 1001fb10 f   QuickHullConvexHullLib.obj
 0001:0001eb70       ?releaseHull@QuickHull@local@@QAEXXZ 1001fb70 f   QuickHullConvexHullLib.obj
 0001:0001eba0       ?setPrecomputedMinMax@QuickHull@local@@QAEXPBUQuickHullVertex@2@0MM@Z 1001fba0 f   QuickHullConvexHullLib.obj
 0001:0001ed10       ?buildHull@QuickHull@local@@QAE?AW4Enum@QuickHullResult@2@XZ 1001fd10 f   QuickHullConvexHullLib.obj
 0001:0001ef40       ?maxNumVertsPerFace@QuickHull@local@@QBEIXZ 1001ff40 f   QuickHullConvexHullLib.obj
 0001:0001ef70       ?computeMinMaxVerts@QuickHull@local@@IAEXXZ 1001ff70 f   QuickHullConvexHullLib.obj
 0001:0001f2c0       ?findSimplex@QuickHull@local@@IAE_NXZ 100202c0 f   QuickHullConvexHullLib.obj
 0001:0001f770       ?addSimplex@QuickHull@local@@IAEXPAUQuickHullVertex@2@_N@Z 10020770 f   QuickHullConvexHullLib.obj
 0001:0001fb00       ?nextPointToAdd@QuickHull@local@@IAEPAUQuickHullVertex@2@AAPAUQuickHullFace@2@@Z 10020b00 f   QuickHullConvexHullLib.obj
 0001:0001fb70       ?addPointToHull@QuickHull@local@@IAE_NPBUQuickHullVertex@2@AAUQuickHullFace@2@AA_N@Z 10020b70 f   QuickHullConvexHullLib.obj
 0001:0001fe90       ?createTriangle@QuickHull@local@@IAEPAUQuickHullFace@2@ABUQuickHullVertex@2@00@Z 10020e90 f   QuickHullConvexHullLib.obj
 0001:00020210       ?addPointToFace@QuickHull@local@@IAEXAAUQuickHullFace@2@PAUQuickHullVertex@2@M@Z 10021210 f   QuickHullConvexHullLib.obj
 0001:00020260       ?removeEyePointFromFace@QuickHull@local@@IAEXAAUQuickHullFace@2@PBUQuickHullVertex@2@@Z 10021260 f   QuickHullConvexHullLib.obj
 0001:00020270       ?calculateHorizon@QuickHull@local@@IAEXABVPxVec3@physx@@PAUQuickHullHalfEdge@2@AAUQuickHullFace@2@AAV?$Array@PAUQuickHullHalfEdge@local@@VNamedAllocator@shdfnd@physx@@@shdfnd@4@AAV?$Array@PAUQuickHullFace@local@@VNamedAllocator@shdfnd@physx@@@84@@Z 10021270 f   QuickHullConvexHullLib.obj
 0001:00020380       ?addNewFacesFromHorizon@QuickHull@local@@IAEXPBUQuickHullVertex@2@ABV?$Array@PAUQuickHullHalfEdge@local@@VNamedAllocator@shdfnd@physx@@@shdfnd@physx@@AAV?$Array@PAUQuickHullFace@local@@VNamedAllocator@shdfnd@physx@@@56@@Z 10021380 f   QuickHullConvexHullLib.obj
 0001:00020490       ?doAdjacentMerge@QuickHull@local@@IAE_NAAUQuickHullFace@2@_NAA_N@Z 10021490 f   QuickHullConvexHullLib.obj
 0001:000206d0       ?doPostAdjacentMerge@QuickHull@local@@IAE_NAAUQuickHullFace@2@M@Z 100216d0 f   QuickHullConvexHullLib.obj
 0001:000207e0       ?deleteFacePoints@QuickHull@local@@IAEXAAUQuickHullFace@2@PAU32@@Z 100217e0 f   QuickHullConvexHullLib.obj
 0001:000208d0       ?resolveUnclaimedPoints@QuickHull@local@@IAEXABV?$Array@PAUQuickHullFace@local@@VNamedAllocator@shdfnd@physx@@@shdfnd@physx@@@Z 100218d0 f   QuickHullConvexHullLib.obj
 0001:000209d0       ?postMergeHull@QuickHull@local@@IAEXXZ 100219d0 f   QuickHullConvexHullLib.obj
 0001:00020b00       ?canMergeFaces@QuickHull@local@@IAE_NABUQuickHullHalfEdge@2@@Z 10021b00 f   QuickHullConvexHullLib.obj
 0001:000211f0       ?getExpandPoint@local@@YAXABUQuickHullHalfEdge@1@AAUExpandPoint@1@PBV?$Array@IVNamedAllocator@shdfnd@physx@@@shdfnd@physx@@@Z 100221f0 f   QuickHullConvexHullLib.obj
 0001:00021280       ?addExpandPoint@local@@YAXABUExpandPoint@1@AAV?$Array@UExpandPoint@local@@VNamedAllocator@shdfnd@physx@@@shdfnd@physx@@@Z 10022280 f   QuickHullConvexHullLib.obj
 0001:00021360       ??0PxPlane@physx@@QAE@ABV01@@Z 10022360 f i QuickHullConvexHullLib.obj
 0001:00021380       ??0QuickHullVertex@local@@QAE@XZ 10022380 f i QuickHullConvexHullLib.obj
 0001:00021390       ??1?$MemBlock@UQuickHullFace@local@@$00@local@@QAE@XZ 10022390 f i QuickHullConvexHullLib.obj
 0001:000213f0       ??1?$MemBlock@UQuickHullHalfEdge@local@@$0A@@local@@QAE@XZ 100223f0 f i QuickHullConvexHullLib.obj
 0001:00021450       ??_GConvexHull@physx@@QAEPAXI@Z 10022450 f i QuickHullConvexHullLib.obj
 0001:000214f0       ??_GQuickHull@local@@QAEPAXI@Z 100224f0 f i QuickHullConvexHullLib.obj
 0001:00021640       ??_GQuickHullConvexHullLib@physx@@UAEPAXI@Z 10022640 f i QuickHullConvexHullLib.obj
 0001:00021640       ??_EQuickHullConvexHullLib@physx@@UAEPAXI@Z 10022640 f i QuickHullConvexHullLib.obj
 0001:000216f0       ??__G@YGXPAX0IIP6EPAX00@Z@Z 100226f0 f i QuickHullConvexHullLib.obj
 0001:00021730       ?copy@?$Array@UExpandPoint@local@@VNamedAllocator@shdfnd@physx@@@shdfnd@physx@@KAXPAUExpandPoint@local@@0PBU45@@Z 10022730 f i QuickHullConvexHullLib.obj
 0001:000217c0       ?getFreeItem@?$MemBlock@UQuickHullFace@local@@$00@local@@QAEPAUQuickHullFace@2@XZ 100227c0 f i QuickHullConvexHullLib.obj
 0001:000218b0       ?getFreeItem@?$MemBlock@UQuickHullHalfEdge@local@@$0A@@local@@QAEPAUQuickHullHalfEdge@2@XZ 100228b0 f i QuickHullConvexHullLib.obj
 0001:00021960       ?growAndPushBack@?$Array@PAUQuickHullFace@local@@VNamedAllocator@shdfnd@physx@@@shdfnd@physx@@IAEAAPAUQuickHullFace@local@@ABQAU45@@Z 10022960 f i QuickHullConvexHullLib.obj
 0001:00021a40       ?growAndPushBack@?$Array@PAUQuickHullHalfEdge@local@@VNamedAllocator@shdfnd@physx@@@shdfnd@physx@@IAEAAPAUQuickHullHalfEdge@local@@ABQAU45@@Z 10022a40 f i QuickHullConvexHullLib.obj
 0001:00021b20       ?growAndPushBack@?$Array@PAUQuickHullVertex@local@@VNamedAllocator@shdfnd@physx@@@shdfnd@physx@@IAEAAPAUQuickHullVertex@local@@ABQAU45@@Z 10022b20 f i QuickHullConvexHullLib.obj
 0001:00021c00       ?growAndPushBack@?$Array@UExpandPoint@local@@VNamedAllocator@shdfnd@physx@@@shdfnd@physx@@IAEAAUExpandPoint@local@@ABU45@@Z 10022c00 f i QuickHullConvexHullLib.obj
 0001:00021d30       ?init@?$MemBlock@UQuickHullFace@local@@$00@local@@QAEXI@Z 10022d30 f i QuickHullConvexHullLib.obj
 0001:00021de0       ?init@?$MemBlock@UQuickHullHalfEdge@local@@$0A@@local@@QAEXI@Z 10022de0 f i QuickHullConvexHullLib.obj
 0001:00021e50       ?recreate@?$Array@PAUQuickHullFace@local@@VNamedAllocator@shdfnd@physx@@@shdfnd@physx@@IAEXI@Z 10022e50 f i QuickHullConvexHullLib.obj
 0001:00021f10       ?recreate@?$Array@PAUQuickHullHalfEdge@local@@VNamedAllocator@shdfnd@physx@@@shdfnd@physx@@IAEXI@Z 10022f10 f i QuickHullConvexHullLib.obj
 0001:00021fd0       ?recreate@?$Array@PAUQuickHullVertex@local@@VNamedAllocator@shdfnd@physx@@@shdfnd@physx@@IAEXI@Z 10022fd0 f i QuickHullConvexHullLib.obj
 0001:00022090       ?recreate@?$Array@UExpandPoint@local@@VNamedAllocator@shdfnd@physx@@@shdfnd@physx@@IAEXI@Z 10023090 f i QuickHullConvexHullLib.obj
 0001:00022110       ?computeVolumeIntegrals@physx@@YA_NABVPxSimpleTriangleMesh@1@MAAUPxIntegrals@1@@Z 10023110 f   VolumeIntegration.obj
 0001:00022180       ?computeVolumeIntegralsEberly@physx@@YA_NABVPxConvexMeshDesc@1@MAAUPxIntegrals@1@ABVPxVec3@1@@Z 10023180 f   VolumeIntegration.obj
 0001:000221d0       ?computeVolumeIntegralsEberlySIMD@physx@@YA_NABVPxConvexMeshDesc@1@MAAUPxIntegrals@1@ABVPxVec3@1@@Z 100231d0 f   VolumeIntegration.obj
 0001:00024680       _PxSetPhysXCookingDelayLoadHook 10025680 f   WindowsCookingDelayLoadHook.obj
 0001:00024690       ?delayHook@@YGP6GHXZIPAUDelayLoadInfo@@@Z 10025690 f   WindowsCookingDelayLoadHook.obj
 0001:00024730       __imp_load_??0RadixSortBuffered@Cm@physx@@QAE@XZ 10025730 f   PhysXCommon_32:PhysXCommon_32.dll
 0001:0002473a       ??0RadixSortBuffered@Cm@physx@@QAE@XZ 1002573a f   PhysXCommon_32:PhysXCommon_32.dll
 0001:00024740       __tailMerge_physxcommon_32_dll 10025740     PhysXCommon_32:PhysXCommon_32.dll
 0001:00024751       __imp_load_??1RadixSortBuffered@Cm@physx@@UAE@XZ 10025751 f   PhysXCommon_32:PhysXCommon_32.dll
 0001:0002475b       ??1RadixSortBuffered@Cm@physx@@UAE@XZ 1002575b f   PhysXCommon_32:PhysXCommon_32.dll
 0001:00024761       __imp_load_?Sort@RadixSortBuffered@Cm@physx@@QAEAAV123@PBIIW4RadixHint@23@@Z 10025761 f   PhysXCommon_32:PhysXCommon_32.dll
 0001:0002476b       ?Sort@RadixSortBuffered@Cm@physx@@QAEAAV123@PBIIW4RadixHint@23@@Z 1002576b f   PhysXCommon_32:PhysXCommon_32.dll
 0001:00024771       __imp_load_?readDword@physx@@YAI_NAAVPxInputStream@1@@Z 10025771 f   PhysXCommon_32:PhysXCommon_32.dll
 0001:0002477b       ?readDword@physx@@YAI_NAAVPxInputStream@1@@Z 1002577b f   PhysXCommon_32:PhysXCommon_32.dll
 0001:00024781       __imp_load_?ReadHeader@Gu@physx@@YA_NEEEEAAIAA_NAAVPxInputStream@2@@Z 10025781 f   PhysXCommon_32:PhysXCommon_32.dll
 0001:0002478b       ?ReadHeader@Gu@physx@@YA_NEEEEAAIAA_NAAVPxInputStream@2@@Z 1002578b f   PhysXCommon_32:PhysXCommon_32.dll
 0001:00024791       __imp_load_?exportExtraData@ConvexMesh@Gu@physx@@UAEXAAVPxSerializationContext@3@@Z 10025791 f   PhysXCommon_32:PhysXCommon_32.dll
 0001:0002479b       ?exportExtraData@ConvexMesh@Gu@physx@@UAEXAAVPxSerializationContext@3@@Z 1002579b f   PhysXCommon_32:PhysXCommon_32.dll
 0001:000247a1       __imp_load_?onRefCountZero@ConvexMesh@Gu@physx@@UAEXXZ 100257a1 f   PhysXCommon_32:PhysXCommon_32.dll
 0001:000247ab       ?onRefCountZero@ConvexMesh@Gu@physx@@UAEXXZ 100257ab f   PhysXCommon_32:PhysXCommon_32.dll
 0001:000247b1       __imp_load_?release@ConvexMesh@Gu@physx@@UAEXXZ 100257b1 f   PhysXCommon_32:PhysXCommon_32.dll
 0001:000247bb       ?release@ConvexMesh@Gu@physx@@UAEXXZ 100257bb f   PhysXCommon_32:PhysXCommon_32.dll
 0001:000247c1       __imp_load_?getPolygonData@ConvexMesh@Gu@physx@@UBE_NIAAUPxHullPolygon@3@@Z 100257c1 f   PhysXCommon_32:PhysXCommon_32.dll
 0001:000247cb       ?getPolygonData@ConvexMesh@Gu@physx@@UBE_NIAAUPxHullPolygon@3@@Z 100257cb f   PhysXCommon_32:PhysXCommon_32.dll
 0001:000247d1       __imp_load_?isGpuCompatible@ConvexMesh@Gu@physx@@UBE_NXZ 100257d1 f   PhysXCommon_32:PhysXCommon_32.dll
 0001:000247db       ?isGpuCompatible@ConvexMesh@Gu@physx@@UBE_NXZ 100257db f   PhysXCommon_32:PhysXCommon_32.dll
 0001:000247e1       __imp_load_?getReferenceCount@ConvexMesh@Gu@physx@@UBEIXZ 100257e1 f   PhysXCommon_32:PhysXCommon_32.dll
 0001:000247eb       ?getReferenceCount@ConvexMesh@Gu@physx@@UBEIXZ 100257eb f   PhysXCommon_32:PhysXCommon_32.dll
 0001:000247f1       __imp_load_?acquireReference@ConvexMesh@Gu@physx@@UAEXXZ 100257f1 f   PhysXCommon_32:PhysXCommon_32.dll
 0001:000247fb       ?acquireReference@ConvexMesh@Gu@physx@@UAEXXZ 100257fb f   PhysXCommon_32:PhysXCommon_32.dll
 0001:00024801       __imp_load_?getMassInformation@ConvexMesh@Gu@physx@@UBEXAAMAAVPxMat33@3@AAVPxVec3@3@@Z 10025801 f   PhysXCommon_32:PhysXCommon_32.dll
 0001:0002480b       ?getMassInformation@ConvexMesh@Gu@physx@@UBEXAAMAAVPxMat33@3@AAVPxVec3@3@@Z 1002580b f   PhysXCommon_32:PhysXCommon_32.dll
 0001:00024811       __imp_load_?getLocalBounds@ConvexMesh@Gu@physx@@UBE?AVPxBounds3@3@XZ 10025811 f   PhysXCommon_32:PhysXCommon_32.dll
 0001:0002481b       ?getLocalBounds@ConvexMesh@Gu@physx@@UBE?AVPxBounds3@3@XZ 1002581b f   PhysXCommon_32:PhysXCommon_32.dll
 0001:00024821       __imp_load_??1ConvexMesh@Gu@physx@@UAE@XZ 10025821 f   PhysXCommon_32:PhysXCommon_32.dll
 0001:0002482b       ??1ConvexMesh@Gu@physx@@UAE@XZ 1002582b f   PhysXCommon_32:PhysXCommon_32.dll
 0001:00024831       __imp_load_??0HeightField@Gu@physx@@QAE@PAVGuMeshFactory@2@@Z 10025831 f   PhysXCommon_32:PhysXCommon_32.dll
 0001:0002483b       ??0HeightField@Gu@physx@@QAE@PAVGuMeshFactory@2@@Z 1002583b f   PhysXCommon_32:PhysXCommon_32.dll
 0001:00024841       __imp_load_?loadFromDesc@HeightField@Gu@physx@@QAE_NABVPxHeightFieldDesc@3@@Z 10025841 f   PhysXCommon_32:PhysXCommon_32.dll
 0001:0002484b       ?loadFromDesc@HeightField@Gu@physx@@QAE_NABVPxHeightFieldDesc@3@@Z 1002584b f   PhysXCommon_32:PhysXCommon_32.dll
 0001:00024851       __imp_load_?computeCellCoordinates@HeightField@Gu@physx@@QBEIMMAAM0@Z 10025851 f   PhysXCommon_32:PhysXCommon_32.dll
 0001:0002485b       ?computeCellCoordinates@HeightField@Gu@physx@@QBEIMMAAM0@Z 1002585b f   PhysXCommon_32:PhysXCommon_32.dll
 0001:00024861       __imp_load_?releaseMemory@HeightField@Gu@physx@@QAEXXZ 10025861 f   PhysXCommon_32:PhysXCommon_32.dll
 0001:0002486b       ?releaseMemory@HeightField@Gu@physx@@QAEXXZ 1002586b f   PhysXCommon_32:PhysXCommon_32.dll
 0001:00024871       __imp_load_??1HeightField@Gu@physx@@UAE@XZ 10025871 f   PhysXCommon_32:PhysXCommon_32.dll
 0001:0002487b       ??1HeightField@Gu@physx@@UAE@XZ 1002587b f   PhysXCommon_32:PhysXCommon_32.dll
 0001:00024881       __imp_load_??0NodeAllocator@Gu@physx@@QAE@XZ 10025881 f   PhysXCommon_32:PhysXCommon_32.dll
 0001:0002488b       ??0NodeAllocator@Gu@physx@@QAE@XZ 1002588b f   PhysXCommon_32:PhysXCommon_32.dll
 0001:00024891       __imp_load_??1NodeAllocator@Gu@physx@@QAE@XZ 10025891 f   PhysXCommon_32:PhysXCommon_32.dll
 0001:0002489b       ??1NodeAllocator@Gu@physx@@QAE@XZ 1002589b f   PhysXCommon_32:PhysXCommon_32.dll
 0001:000248a1       __imp_load_?release@NodeAllocator@Gu@physx@@QAEXXZ 100258a1 f   PhysXCommon_32:PhysXCommon_32.dll
 0001:000248ab       ?release@NodeAllocator@Gu@physx@@QAEXXZ 100258ab f   PhysXCommon_32:PhysXCommon_32.dll
 0001:000248b1       __imp_load_?buildAABBTree@Gu@physx@@YA_NAAVAABBTreeBuildParams@12@AAVNodeAllocator@12@AAUBuildStats@12@AAPAI@Z 100258b1 f   PhysXCommon_32:PhysXCommon_32.dll
 0001:000248bb       ?buildAABBTree@Gu@physx@@YA_NAAVAABBTreeBuildParams@12@AAVNodeAllocator@12@AAUBuildStats@12@AAPAI@Z 100258bb f   PhysXCommon_32:PhysXCommon_32.dll
 0001:000248c1       __imp_load_?writeDword@physx@@YAXI_NAAVPxOutputStream@1@@Z 100258c1 f   PhysXCommon_32:PhysXCommon_32.dll
 0001:000248cb       ?writeDword@physx@@YAXI_NAAVPxOutputStream@1@@Z 100258cb f   PhysXCommon_32:PhysXCommon_32.dll
 0001:000248d1       __imp_load_?writeFloatBuffer@physx@@YAXPBMI_NAAVPxOutputStream@1@@Z 100258d1 f   PhysXCommon_32:PhysXCommon_32.dll
 0001:000248db       ?writeFloatBuffer@physx@@YAXPBMI_NAAVPxOutputStream@1@@Z 100258db f   PhysXCommon_32:PhysXCommon_32.dll
 0001:000248e1       __imp_load_?writeHeader@physx@@YA_NCCCCI_NAAVPxOutputStream@1@@Z 100258e1 f   PhysXCommon_32:PhysXCommon_32.dll
 0001:000248eb       ?writeHeader@physx@@YA_NCCCCI_NAAVPxOutputStream@1@@Z 100258eb f   PhysXCommon_32:PhysXCommon_32.dll
 0001:000248f1       __imp_load_?writeWord@physx@@YAXG_NAAVPxOutputStream@1@@Z 100258f1 f   PhysXCommon_32:PhysXCommon_32.dll
 0001:000248fb       ?writeWord@physx@@YAXG_NAAVPxOutputStream@1@@Z 100258fb f   PhysXCommon_32:PhysXCommon_32.dll
 0001:00024901       __imp_load_?writeFloat@physx@@YAXM_NAAVPxOutputStream@1@@Z 10025901 f   PhysXCommon_32:PhysXCommon_32.dll
 0001:0002490b       ?writeFloat@physx@@YAXM_NAAVPxOutputStream@1@@Z 1002590b f   PhysXCommon_32:PhysXCommon_32.dll
 0001:00024911       __imp_load_?computeBoundsAroundVertices@Gu@physx@@YAXAAVPxBounds3@2@IPIBVPxVec3@2@@Z 10025911 f   PhysXCommon_32:PhysXCommon_32.dll
 0001:0002491b       ?computeBoundsAroundVertices@Gu@physx@@YAXAAVPxBounds3@2@IPIBVPxVec3@2@@Z 1002591b f   PhysXCommon_32:PhysXCommon_32.dll
 0001:00024921       __imp_load_??0SourceMesh@Gu@physx@@QAE@XZ 10025921 f   PhysXCommon_32:PhysXCommon_32.dll
 0001:0002492b       ??0SourceMesh@Gu@physx@@QAE@XZ 1002592b f   PhysXCommon_32:PhysXCommon_32.dll
 0001:00024931       __imp_load_??1SourceMesh@Gu@physx@@QAE@XZ 10025931 f   PhysXCommon_32:PhysXCommon_32.dll
 0001:0002493b       ??1SourceMesh@Gu@physx@@QAE@XZ 1002593b f   PhysXCommon_32:PhysXCommon_32.dll
 0001:00024941       __imp_load_??0BV4Tree@Gu@physx@@QAE@XZ 10025941 f   PhysXCommon_32:PhysXCommon_32.dll
 0001:0002494b       ??0BV4Tree@Gu@physx@@QAE@XZ 1002594b f   PhysXCommon_32:PhysXCommon_32.dll
 0001:00024951       __imp_load_??1BV4Tree@Gu@physx@@QAE@XZ 10025951 f   PhysXCommon_32:PhysXCommon_32.dll
 0001:0002495b       ??1BV4Tree@Gu@physx@@QAE@XZ 1002595b f   PhysXCommon_32:PhysXCommon_32.dll
 0001:00024961       __imp_load_??0BV32Tree@Gu@physx@@QAE@XZ 10025961 f   PhysXCommon_32:PhysXCommon_32.dll
 0001:0002496b       ??0BV32Tree@Gu@physx@@QAE@XZ 1002596b f   PhysXCommon_32:PhysXCommon_32.dll
 0001:00024971       __imp_load_??1BV32Tree@Gu@physx@@QAE@XZ 10025971 f   PhysXCommon_32:PhysXCommon_32.dll
 0001:0002497b       ??1BV32Tree@Gu@physx@@QAE@XZ 1002597b f   PhysXCommon_32:PhysXCommon_32.dll
 0001:00024981       __imp_load_?writeWordBuffer@physx@@YAXPBGI_NAAVPxOutputStream@1@@Z 10025981 f   PhysXCommon_32:PhysXCommon_32.dll
 0001:0002498b       ?writeWordBuffer@physx@@YAXPBGI_NAAVPxOutputStream@1@@Z 1002598b f   PhysXCommon_32:PhysXCommon_32.dll
 0001:00024991       __imp_load_?computeMaxIndex@physx@@YAIPBII@Z 10025991 f   PhysXCommon_32:PhysXCommon_32.dll
 0001:0002499b       ?computeMaxIndex@physx@@YAIPBII@Z 1002599b f   PhysXCommon_32:PhysXCommon_32.dll
 0001:000249a1       __imp_load_?storeIndices@physx@@YAXIIPBIAAVPxOutputStream@1@_N@Z 100259a1 f   PhysXCommon_32:PhysXCommon_32.dll
 0001:000249ab       ?storeIndices@physx@@YAXIIPBIAAVPxOutputStream@1@_N@Z 100259ab f   PhysXCommon_32:PhysXCommon_32.dll
 0001:000249b1       __imp_load_?BuildBV4Ex@Gu@physx@@YA_NAAVBV4Tree@12@AAVSourceMesh@12@MI@Z 100259b1 f   PhysXCommon_32:PhysXCommon_32.dll
 0001:000249bb       ?BuildBV4Ex@Gu@physx@@YA_NAAVBV4Tree@12@AAVSourceMesh@12@MI@Z 100259bb f   PhysXCommon_32:PhysXCommon_32.dll
 0001:000249c1       __imp_load_?BuildBV32Ex@Gu@physx@@YA_NAAVBV32Tree@12@AAVSourceMesh@12@MI@Z 100259c1 f   PhysXCommon_32:PhysXCommon_32.dll
 0001:000249cb       ?BuildBV32Ex@Gu@physx@@YA_NAAVBV32Tree@12@AAVSourceMesh@12@MI@Z 100259cb f   PhysXCommon_32:PhysXCommon_32.dll
 0001:000249d1       __imp_load_?computeMaxIndex@physx@@YAGPBGI@Z 100259d1 f   PhysXCommon_32:PhysXCommon_32.dll
 0001:000249db       ?computeMaxIndex@physx@@YAGPBGI@Z 100259db f   PhysXCommon_32:PhysXCommon_32.dll
 0001:000249e1       __imp_load_?WriteHeader@Gu@physx@@YA_NEEEEI_NAAVPxOutputStream@2@@Z 100259e1 f   PhysXCommon_32:PhysXCommon_32.dll
 0001:000249eb       ?WriteHeader@Gu@physx@@YA_NEEEEI_NAAVPxOutputStream@2@@Z 100259eb f   PhysXCommon_32:PhysXCommon_32.dll
 0001:000249f1       __imp_load_?StoreIndices@Gu@physx@@YAXGIPBGAAVPxOutputStream@2@_N@Z 100259f1 f   PhysXCommon_32:PhysXCommon_32.dll
 0001:000249fb       ?StoreIndices@Gu@physx@@YAXGIPBGAAVPxOutputStream@2@_N@Z 100259fb f   PhysXCommon_32:PhysXCommon_32.dll
 0001:00024a01       __imp_load_?CreateOffsets@BigConvexData@physx@@IAEXXZ 10025a01 f   PhysXCommon_32:PhysXCommon_32.dll
 0001:00024a0b       ?CreateOffsets@BigConvexData@physx@@IAEXXZ 10025a0b f   PhysXCommon_32:PhysXCommon_32.dll
 0001:00024a11       __imp_load_?computeOBBPoints@Gu@physx@@YAXPIAVPxVec3@2@ABV32@1111@Z 10025a11 f   PhysXCommon_32:PhysXCommon_32.dll
 0001:00024a1b       ?computeOBBPoints@Gu@physx@@YAXPIAVPxVec3@2@ABV32@1111@Z 10025a1b f   PhysXCommon_32:PhysXCommon_32.dll
 0001:00024a21       __imp_load_??0BigConvexData@physx@@QAE@XZ 10025a21 f   PhysXCommon_32:PhysXCommon_32.dll
 0001:00024a2b       ??0BigConvexData@physx@@QAE@XZ 10025a2b f   PhysXCommon_32:PhysXCommon_32.dll
 0001:00024a31       __imp_load_??1BigConvexData@physx@@QAE@XZ 10025a31 f   PhysXCommon_32:PhysXCommon_32.dll
 0001:00024a3b       ??1BigConvexData@physx@@QAE@XZ 10025a3b f   PhysXCommon_32:PhysXCommon_32.dll
 0001:00024a41       __imp_load__PxGetFoundation 10025a41 f   PhysXFoundation_32:PhysXFoundation_32.dll
 0001:00024a4b       _PxGetFoundation           10025a4b f   PhysXFoundation_32:PhysXFoundation_32.dll
 0001:00024a51       __tailMerge_physxfoundation_32_dll 10025a51     PhysXFoundation_32:PhysXFoundation_32.dll
 0001:00024a62       __imp_load_?getAllocator@shdfnd@physx@@YAAAVPxAllocatorCallback@2@XZ 10025a62 f   PhysXFoundation_32:PhysXFoundation_32.dll
 0001:00024a6c       ?getAllocator@shdfnd@physx@@YAAAVPxAllocatorCallback@2@XZ 10025a6c f   PhysXFoundation_32:PhysXFoundation_32.dll
 0001:00024a72       __imp_load_??0NamedAllocator@shdfnd@physx@@QAE@PBD@Z 10025a72 f   PhysXFoundation_32:PhysXFoundation_32.dll
 0001:00024a7c       ??0NamedAllocator@shdfnd@physx@@QAE@PBD@Z 10025a7c f   PhysXFoundation_32:PhysXFoundation_32.dll
 0001:00024a82       __imp_load_?getInstance@Foundation@shdfnd@physx@@SAAAV123@XZ 10025a82 f   PhysXFoundation_32:PhysXFoundation_32.dll
 0001:00024a8c       ?getInstance@Foundation@shdfnd@physx@@SAAAV123@XZ 10025a8c f   PhysXFoundation_32:PhysXFoundation_32.dll
 0001:00024a92       __imp_load_?error@Foundation@shdfnd@physx@@QAAXW4Enum@PxErrorCode@3@PBDH1ZZ 10025a92 f   PhysXFoundation_32:PhysXFoundation_32.dll
 0001:00024a9c       ?error@Foundation@shdfnd@physx@@QAAXW4Enum@PxErrorCode@3@PBDH1ZZ 10025a9c f   PhysXFoundation_32:PhysXFoundation_32.dll
 0001:00024aa2       __imp_load_?allocate@NamedAllocator@shdfnd@physx@@QAEPAXIPBDH@Z 10025aa2 f   PhysXFoundation_32:PhysXFoundation_32.dll
 0001:00024aac       ?allocate@NamedAllocator@shdfnd@physx@@QAEPAXIPBDH@Z 10025aac f   PhysXFoundation_32:PhysXFoundation_32.dll
 0001:00024ab2       __imp_load_?deallocate@NamedAllocator@shdfnd@physx@@QAEXPAX@Z 10025ab2 f   PhysXFoundation_32:PhysXFoundation_32.dll
 0001:00024abc       ?deallocate@NamedAllocator@shdfnd@physx@@QAEXPAX@Z 10025abc f   PhysXFoundation_32:PhysXFoundation_32.dll
 0001:00024ac2       __imp_load_?incRefCount@Foundation@shdfnd@physx@@SAXXZ 10025ac2 f   PhysXFoundation_32:PhysXFoundation_32.dll
 0001:00024acc       ?incRefCount@Foundation@shdfnd@physx@@SAXXZ 10025acc f   PhysXFoundation_32:PhysXFoundation_32.dll
 0001:00024ad2       __imp_load_?decRefCount@Foundation@shdfnd@physx@@SAXXZ 10025ad2 f   PhysXFoundation_32:PhysXFoundation_32.dll
 0001:00024adc       ?decRefCount@Foundation@shdfnd@physx@@SAXXZ 10025adc f   PhysXFoundation_32:PhysXFoundation_32.dll
 0001:00024ae2       __imp_load_??0FPUGuard@shdfnd@physx@@QAE@XZ 10025ae2 f   PhysXFoundation_32:PhysXFoundation_32.dll
 0001:00024aec       ??0FPUGuard@shdfnd@physx@@QAE@XZ 10025aec f   PhysXFoundation_32:PhysXFoundation_32.dll
 0001:00024af2       __imp_load_??1FPUGuard@shdfnd@physx@@QAE@XZ 10025af2 f   PhysXFoundation_32:PhysXFoundation_32.dll
 0001:00024afc       ??1FPUGuard@shdfnd@physx@@QAE@XZ 10025afc f   PhysXFoundation_32:PhysXFoundation_32.dll
 0001:00024b02       __imp_load_??1NamedAllocator@shdfnd@physx@@QAE@XZ 10025b02 f   PhysXFoundation_32:PhysXFoundation_32.dll
 0001:00024b0c       ??1NamedAllocator@shdfnd@physx@@QAE@XZ 10025b0c f   PhysXFoundation_32:PhysXFoundation_32.dll
 0001:00024b12       __imp_load_??0NamedAllocator@shdfnd@physx@@QAE@ABV012@@Z 10025b12 f   PhysXFoundation_32:PhysXFoundation_32.dll
 0001:00024b1c       ??0NamedAllocator@shdfnd@physx@@QAE@ABV012@@Z 10025b1c f   PhysXFoundation_32:PhysXFoundation_32.dll
 0001:00024b22       __imp_load_?allocate@TempAllocator@shdfnd@physx@@QAEPAXIPBDH@Z 10025b22 f   PhysXFoundation_32:PhysXFoundation_32.dll
 0001:00024b2c       ?allocate@TempAllocator@shdfnd@physx@@QAEPAXIPBDH@Z 10025b2c f   PhysXFoundation_32:PhysXFoundation_32.dll
 0001:00024b32       __imp_load_?deallocate@TempAllocator@shdfnd@physx@@QAEXPAX@Z 10025b32 f   PhysXFoundation_32:PhysXFoundation_32.dll
 0001:00024b3c       ?deallocate@TempAllocator@shdfnd@physx@@QAEXPAX@Z 10025b3c f   PhysXFoundation_32:PhysXFoundation_32.dll
 0001:00024b42       __imp_load_?PxDiagonalize@physx@@YA?AVPxVec3@1@ABVPxMat33@1@AAVPxQuat@1@@Z 10025b42 f   PhysXFoundation_32:PhysXFoundation_32.dll
 0001:00024b4c       ?PxDiagonalize@physx@@YA?AVPxVec3@1@ABVPxMat33@1@AAVPxQuat@1@@Z 10025b4c f   PhysXFoundation_32:PhysXFoundation_32.dll
 0001:00024b52       _LoadLibraryA@4            10025b52 f   kernel32:KERNEL32.dll
 0001:00024b58       ??$PFromRva@PAP6GHXZ@@YGPAP6GHXZK@Z 10025b58 f i Delayimp:delayhlp.obj
 0001:00024b6a       ??$PFromRva@PAPAUHINSTANCE__@@@@YGPAPAUHINSTANCE__@@K@Z 10025b6a f i Delayimp:delayhlp.obj
 0001:00024b7c       ??$PFromRva@PAU_IMAGE_IMPORT_BY_NAME@@@@YGPAU_IMAGE_IMPORT_BY_NAME@@K@Z 10025b7c f i Delayimp:delayhlp.obj
 0001:00024b8e       ??$PFromRva@PAU_IMAGE_THUNK_DATA32@@@@YGPAU_IMAGE_THUNK_DATA32@@K@Z 10025b8e f i Delayimp:delayhlp.obj
 0001:00024ba0       ??$PFromRva@PBD@@YGPBDK@Z  10025ba0 f i Delayimp:delayhlp.obj
 0001:00024bb2       ??$PFromRva@PBUImgDelayDescr@@@@YGPBUImgDelayDescr@@K@Z 10025bb2 f i Delayimp:delayhlp.obj
 0001:00024bc4       ??$PFromRva@PBU_IMAGE_THUNK_DATA32@@@@YGPBU_IMAGE_THUNK_DATA32@@K@Z 10025bc4 f i Delayimp:delayhlp.obj
 0001:00024bd6       ?CountOfImports@@YGIPBU_IMAGE_THUNK_DATA32@@@Z 10025bd6 f i Delayimp:delayhlp.obj
 0001:00024bf1       ?DloadAcquireSectionWriteAccess@@YGXXZ 10025bf1 f i Delayimp:delayhlp.obj
 0001:00024c24       ?DloadGetSRWLockFunctionPointers@@YGEXZ 10025c24 f i Delayimp:delayhlp.obj
 0001:00024c97       ?DloadLock@@YGXXZ          10025c97 f i Delayimp:delayhlp.obj
 0001:00024cd6       ?DloadMakePermanentImageCommit@@YGXPAXK@Z 10025cd6 f i Delayimp:delayhlp.obj
 0001:00024d45       ?DloadObtainSection@@YGPAXPAK0@Z 10025d45 f i Delayimp:delayhlp.obj
 0001:00024dc0       ?DloadProtectSection@@YGXKPAK@Z 10025dc0 f i Delayimp:delayhlp.obj
 0001:00024e2e       ?DloadReleaseSectionWriteAccess@@YGXXZ 10025e2e f i Delayimp:delayhlp.obj
 0001:00024e64       ?DloadUnlock@@YGXXZ        10025e64 f i Delayimp:delayhlp.obj
 0001:00024ea5       ?IndexFromPImgThunkData@@YGIPBU_IMAGE_THUNK_DATA32@@0@Z 10025ea5 f i Delayimp:delayhlp.obj
 0001:00025005       _HRESULT_FROM_WIN32@4      10026005 f i Delayimp:delayhlp.obj
 0001:0002501d       _ReadAcquire@4             1002601d f i Delayimp:delayhlp.obj
 0001:0002502b       _ReadPointerAcquire@4      1002602b f i Delayimp:delayhlp.obj
 0001:00025039       _WritePointerRelease@8     10026039 f i Delayimp:delayhlp.obj
 0001:0002504a       _WriteRelease@8            1002604a f i Delayimp:delayhlp.obj
 0001:0002505b       __InlineInterlockedCompareExchangePointer@12 1002605b f i Delayimp:delayhlp.obj
 0001:00025071       ___FUnloadDelayLoadedDLL2@4 10026071 f   Delayimp:delayhlp.obj
 0001:000250f5       ___HrLoadAllImportsForDll@4 100260f5 f   Delayimp:delayhlp.obj
 0001:00025156       ___delayLoadHelper2@8      10026156 f   Delayimp:delayhlp.obj
 0001:000253c5       ??3@YAXPAXI@Z              100263c5 f   LIBCMT:delete_scalar_size.obj
 0001:000253d3       ??_V@YAXPAXI@Z             100263d3 f   LIBCMT:delete_array_size.obj
 0001:000253e1       ?__scrt_initialize_type_info@@YAXXZ 100263e1 f   LIBCMT:tncleanup.obj
 0001:000253ed       ?__scrt_uninitialize_type_info@@YAXXZ 100263ed f   LIBCMT:tncleanup.obj
 0001:000253f9       ??1type_info@@UAE@XZ       100263f9 f   LIBCMT:std_type_info_static.obj
 0001:00025400       ??_Etype_info@@UAEPAXI@Z   10026400 f i LIBCMT:std_type_info_static.obj
 0001:00025400       ??_Gtype_info@@UAEPAXI@Z   10026400 f i LIBCMT:std_type_info_static.obj
 0001:00025430       __alloca_probe_16          10026430 f   LIBCMT:alloca16.obj
 0001:00025446       __alloca_probe_8           10026446     LIBCMT:alloca16.obj
 0001:0002545c       ??3@YAXPAX@Z               1002645c f   LIBCMT:delete_scalar.obj
 0001:00025461       ??_V@YAXPAX@Z              10026461 f   LIBCMT:delete_array.obj
 0001:00025470       __chkstk                   10026470 f   LIBCMT:chkstk.obj
 0001:00025470       __alloca_probe             10026470 f   LIBCMT:chkstk.obj
 0001:000254a0       __ftoui3                   100264a0 f   LIBCMT:ftol3.obj
 0001:000254af       __ftoul3                   100264af f   LIBCMT:ftol3.obj
 0001:000254be       __ftol3                    100264be f   LIBCMT:ftol3.obj
 0001:000254cb       __ftol3_NaN                100264cb f   LIBCMT:ftol3.obj
 0001:000254e3       __ftol3_work               100264e3 f   LIBCMT:ftol3.obj
 0001:00025569       __ftol3_common             10026569 f   LIBCMT:ftol3.obj
 0001:0002562b       __ftol3_arg_error          1002662b f   LIBCMT:ftol3.obj
 0001:0002563d       __ftol3_except             1002663d f   LIBCMT:ftol3.obj
 0001:00025681       __dtoui3                   10026681 f   LIBCMT:ftol3.obj
 0001:00025690       __dtoul3                   10026690 f   LIBCMT:ftol3.obj
 0001:0002569f       __dtol3                    1002669f f   LIBCMT:ftol3.obj
 0001:000256ac       __dtol3_NaN                100266ac f   LIBCMT:ftol3.obj
 0001:000256c9       __dtol3_work               100266c9 f   LIBCMT:ftol3.obj
 0001:000257b0       __ultod3                   100267b0 f   LIBCMT:ftol3.obj
 0001:000257f0       __ltod3                    100267f0 f   LIBCMT:ftol3.obj
 0001:00025820       ___vdecl_sinf4             10026820 f   LIBCMT:svml_ssinf4_dispatch.obj
 0001:00025825       ___libm_sse2_sincosf_      10026825 f   LIBCMT:svml_ssinf4_dispatch.obj
 0001:0002586b       ___libm_sse2_sincosf4_     1002686b f   LIBCMT:svml_ssinf4_dispatch.obj
 0001:00025b9b       __CRT_INIT@12              10026b9b f   LIBCMT:dll_dllmain.obj
 0001:00025ba4       __DllMainCRTStartup@12     10026ba4 f   LIBCMT:dll_dllmain.obj
 0001:00025bc7       @_guard_check_icall_nop@4  10026bc7 f i LIBCMT:guard_support.obj
 0001:00025bc8       _ReadNoFence               10026bc8 f i LIBCMT:guard_support.obj
 0001:00025bd2       _ReadPointerNoFence        10026bd2 f i LIBCMT:guard_support.obj
 0001:00025bdc       __guard_icall_checks_enforced 10026bdc f i LIBCMT:guard_support.obj
 0001:00025bf0       ___sse2_sinf4              10026bf0 f   LIBCMT:svml_ssinf4_sse2.obj
 0001:00025dfd       ___security_init_cookie    10026dfd f   LIBCMT:gs_support.obj
 0001:00025e48       _DllMain@12                10026e48 f   LIBCMT:dll_dllmain_stub.obj
 0001:00025e4e       ___local_stdio_printf_options 10026e4e f i LIBCMT:default_local_stdio_options.obj
[...]
 0002:0000d3e7       $N00057                    100743e7     PhysXCooking_32.exp
 0002:0000d40e       $N00058                    1007440e     PhysXCooking_32.exp
 0002:0000d43a       $N00059                    1007443a     PhysXCooking_32.exp
 0002:0000d461       $N00060                    10074461     PhysXCooking_32.exp
 0002:0000d49a       $N00061                    1007449a     PhysXCooking_32.exp
 0002:0000d4c3       $N00062                    100744c3     PhysXCooking_32.exp
 0002:0000d4f6       $N00063                    100744f6     PhysXCooking_32.exp
 0002:0000d52a       $N00064                    1007452a     PhysXCooking_32.exp
 0002:0000d564       $N00065                    10074564     PhysXCooking_32.exp
 0002:0000d5aa       $N00066                    100745aa     PhysXCooking_32.exp
 0002:0000d5f8       $N00067                    100745f8     PhysXCooking_32.exp
 0002:0000d62a       $N00068                    1007462a     PhysXCooking_32.exp
 0002:0000d65d       $N00069                    1007465d     PhysXCooking_32.exp
 0002:0000d692       $N00070                    10074692     PhysXCooking_32.exp
 0002:0000d6b8       $N00071                    100746b8     PhysXCooking_32.exp
 0002:0000d6fe       $N00072                    100746fe     PhysXCooking_32.exp
 0002:0000d743       $N00073                    10074743     PhysXCooking_32.exp
 0002:0000d79a       $N00074                    1007479a     PhysXCooking_32.exp
 0002:0000d7e0       $N00075                    100747e0     PhysXCooking_32.exp
 0002:0000d80a       $N00076                    1007480a     PhysXCooking_32.exp
 0002:0000d838       $N00077                    10074838     PhysXCooking_32.exp
 0002:0000d886       $N00078                    10074886     PhysXCooking_32.exp
 0002:0000d930       $N00079                    10074930     PhysXCooking_32.exp
 0002:0000d98c       $N00080                    1007498c     PhysXCooking_32.exp
 0002:0000d9b7       $N00081                    100749b7     PhysXCooking_32.exp
 0002:0000d9e2       $N00082                    100749e2     PhysXCooking_32.exp
 0002:0000da16       $N00083                    10074a16     PhysXCooking_32.exp
 0002:0000da3e       $N00084                    10074a3e     PhysXCooking_32.exp
 0002:0000da79       $N00085                    10074a79     PhysXCooking_32.exp
 0002:0000daa4       $N00086                    10074aa4     PhysXCooking_32.exp
 0002:0000dad5       $N00087                    10074ad5     PhysXCooking_32.exp
 0002:0000db20       $N00088                    10074b20     PhysXCooking_32.exp
 0002:0000db51       $N00089                    10074b51     PhysXCooking_32.exp
 0002:0000db88       $N00090                    10074b88     PhysXCooking_32.exp
 0002:0000dbbf       $N00091                    10074bbf     PhysXCooking_32.exp
 0002:0000dbfa       $N00092                    10074bfa     PhysXCooking_32.exp
 0002:0000dc3c       $N00093                    10074c3c     PhysXCooking_32.exp
 0002:0000dc6a       $N00094                    10074c6a     PhysXCooking_32.exp
 0002:0000dce1       $N00095                    10074ce1     PhysXCooking_32.exp
 0002:0000dd3c       $N00096                    10074d3c     PhysXCooking_32.exp
 0002:0000dd67       $N00097                    10074d67     PhysXCooking_32.exp
 0002:0000dd9a       $N00098                    10074d9a     PhysXCooking_32.exp
 0002:0000ddd2       $N00099                    10074dd2     PhysXCooking_32.exp
 0002:0000de0e       $N00100                    10074e0e     PhysXCooking_32.exp
 0002:0000de42       $N00101                    10074e42     PhysXCooking_32.exp
 0002:0000de6e       $N00102                    10074e6e     PhysXCooking_32.exp
 0002:0000de9a       $N00103                    10074e9a     PhysXCooking_32.exp
 0002:0000dec3       $N00104                    10074ec3     PhysXCooking_32.exp
 0002:0000deed       $N00105                    10074eed     PhysXCooking_32.exp
 0002:0000df19       $N00106                    10074f19     PhysXCooking_32.exp
 0002:0000df38       $N00107                    10074f38     PhysXCooking_32.exp
 0002:0000df72       $N00108                    10074f72     PhysXCooking_32.exp
 0002:0000dfb2       $N00109                    10074fb2     PhysXCooking_32.exp
 0002:0000dfde       $N00110                    10074fde     PhysXCooking_32.exp
 0002:0000e001       $N00111                    10075001     PhysXCooking_32.exp
 0002:0000e02f       $N00112                    1007502f     PhysXCooking_32.exp
 0002:0000e060       $N00113                    10075060     PhysXCooking_32.exp
 0002:0000e085       $N00114                    10075085     PhysXCooking_32.exp
 0002:0000e0b1       $N00115                    100750b1     PhysXCooking_32.exp
 0002:0000e0d8       $N00116                    100750d8     PhysXCooking_32.exp
 0002:0000e0f7       $N00117                    100750f7     PhysXCooking_32.exp
 0002:0000e13b       $N00118                    1007513b     PhysXCooking_32.exp
 0002:0000e177       $N00119                    10075177     PhysXCooking_32.exp
 0002:0000e1b3       $N00120                    100751b3     PhysXCooking_32.exp
 0002:0000e1e4       $N00121                    100751e4     PhysXCooking_32.exp
 0002:0000e1f4       $N00122                    100751f4     PhysXCooking_32.exp
 0002:0000e398       .idata$6                   10075398     kernel32:KERNEL32.dll
 0003:00000000       ?MAXDOT_MINANG@local@@3MB  10076000     ConvexHullUtils.obj
 0003:00000004       ?MAXDOT_MINANG@local@@3MB  10076004     QuickHullConvexHullLib.obj
 0003:00000040       ?__vcrt_flsindex@@3KA      10076040     libvcruntime:per_thread_data.obj
 0003:00000070       ?__DAZ_ENABLED@?1??__set_fpsr_sse2@@9@9 10076070     libucrt:fpctrl.obj
 0003:00000080       ?errno_no_memory@@3HA      10076080     libucrt:errno.obj
 0003:00000084       ?doserrno_no_memory@@3KA   10076084     libucrt:errno.obj
 0003:00000088       ?__acrt_flsindex@@3KA      10076088     libucrt:per_thread_data.obj
 0003:000002b0       __mbctypes                 100762b0     libucrt:mbctype.obj
 0003:000003b8       __mbcasemaps               100763b8     libucrt:mbctype.obj
 0003:000004b8       ?__rgctypeflag@@3PADA      100764b8     libucrt:mbctype.obj
 0003:000004c0       ?__rgcode_page_info@@3PAUcode_page_info@@A 100764c0     libucrt:mbctype.obj
 0003:00000750       __ctype_loc_style          10076750     libucrt:wsetlocale.obj
 0003:000007d0       ?__dcrt_lowio_console_output_handle@@3PAXA 100767d0     libucrt:initcon.obj
 0003:00000c30       ?maxV3Error@_VecMathTests@aos@shdfnd@physx@@3T__m128@@B 10076c30     Cooking.obj
 0003:00000c40       ?minFError@_VecMathTests@aos@shdfnd@physx@@3T__m128@@B 10076c40     Cooking.obj
 0003:00000c50       ?maxV4Error@_VecMathTests@aos@shdfnd@physx@@3T__m128@@B 10076c50     Cooking.obj
 0003:00000c60       ?minV4Error@_VecMathTests@aos@shdfnd@physx@@3T__m128@@B 10076c60     Cooking.obj
 0003:00000c70       ?minV3Error@_VecMathTests@aos@shdfnd@physx@@3T__m128@@B 10076c70     Cooking.obj
 0003:00000c80       ?maxFError@_VecMathTests@aos@shdfnd@physx@@3T__m128@@B 10076c80     Cooking.obj
 0003:00000c90       ?maxV3Error@_VecMathTests@aos@shdfnd@physx@@3T__m128@@B 10076c90     BVHStructureBuilder.obj
 0003:00000ca0       ?minFError@_VecMathTests@aos@shdfnd@physx@@3T__m128@@B 10076ca0     BVHStructureBuilder.obj
 0003:00000cb0       ?maxV4Error@_VecMathTests@aos@shdfnd@physx@@3T__m128@@B 10076cb0     BVHStructureBuilder.obj
 0003:00000cc0       ?minV4Error@_VecMathTests@aos@shdfnd@physx@@3T__m128@@B 10076cc0     BVHStructureBuilder.obj
 0003:00000cd0       ?minV3Error@_VecMathTests@aos@shdfnd@physx@@3T__m128@@B 10076cd0     BVHStructureBuilder.obj
 0003:00000ce0       ?maxFError@_VecMathTests@aos@shdfnd@physx@@3T__m128@@B 10076ce0     BVHStructureBuilder.obj
 0003:00000cf0       ?maxV3Error@_VecMathTests@aos@shdfnd@physx@@3T__m128@@B 10076cf0     RTreeCooking.obj
 0003:00000d00       ?minFError@_VecMathTests@aos@shdfnd@physx@@3T__m128@@B 10076d00     RTreeCooking.obj
 0003:00000d10       ?maxV4Error@_VecMathTests@aos@shdfnd@physx@@3T__m128@@B 10076d10     RTreeCooking.obj
 0003:00000d20       ?minV4Error@_VecMathTests@aos@shdfnd@physx@@3T__m128@@B 10076d20     RTreeCooking.obj
 0003:00000d30       ?minV3Error@_VecMathTests@aos@shdfnd@physx@@3T__m128@@B 10076d30     RTreeCooking.obj
 0003:00000d40       ?maxFError@_VecMathTests@aos@shdfnd@physx@@3T__m128@@B 10076d40     RTreeCooking.obj
 0003:00000d50       ?maxV3Error@_VecMathTests@aos@shdfnd@physx@@3T__m128@@B 10076d50     MeshBuilder.obj
 0003:00000d60       ?minFError@_VecMathTests@aos@shdfnd@physx@@3T__m128@@B 10076d60     MeshBuilder.obj
 0003:00000d70       ?maxV4Error@_VecMathTests@aos@shdfnd@physx@@3T__m128@@B 10076d70     MeshBuilder.obj
 0003:00000d80       ?minV4Error@_VecMathTests@aos@shdfnd@physx@@3T__m128@@B 10076d80     MeshBuilder.obj
 0003:00000d90       ?minV3Error@_VecMathTests@aos@shdfnd@physx@@3T__m128@@B 10076d90     MeshBuilder.obj
 0003:00000da0       ?maxFError@_VecMathTests@aos@shdfnd@physx@@3T__m128@@B 10076da0     MeshBuilder.obj
 0003:00000db0       ?maxV3Error@_VecMathTests@aos@shdfnd@physx@@3T__m128@@B 10076db0     TriangleMeshBuilder.obj
 0003:00000dc0       ?minFError@_VecMathTests@aos@shdfnd@physx@@3T__m128@@B 10076dc0     TriangleMeshBuilder.obj
 0003:00000dd0       ?maxV4Error@_VecMathTests@aos@shdfnd@physx@@3T__m128@@B 10076dd0     TriangleMeshBuilder.obj
 0003:00000de0       ?minV4Error@_VecMathTests@aos@shdfnd@physx@@3T__m128@@B 10076de0     TriangleMeshBuilder.obj
 0003:00000df0       ?minV3Error@_VecMathTests@aos@shdfnd@physx@@3T__m128@@B 10076df0     TriangleMeshBuilder.obj
 0003:00000e00       ?maxFError@_VecMathTests@aos@shdfnd@physx@@3T__m128@@B 10076e00     TriangleMeshBuilder.obj
 0003:00000e10       ?maxV3Error@_VecMathTests@aos@shdfnd@physx@@3T__m128@@B 10076e10     BigConvexDataBuilder.obj
 0003:00000e20       ?minFError@_VecMathTests@aos@shdfnd@physx@@3T__m128@@B 10076e20     BigConvexDataBuilder.obj
 0003:00000e30       ?maxV4Error@_VecMathTests@aos@shdfnd@physx@@3T__m128@@B 10076e30     BigConvexDataBuilder.obj
 0003:00000e40       ?minV4Error@_VecMathTests@aos@shdfnd@physx@@3T__m128@@B 10076e40     BigConvexDataBuilder.obj
 0003:00000e50       ?minV3Error@_VecMathTests@aos@shdfnd@physx@@3T__m128@@B 10076e50     BigConvexDataBuilder.obj
 0003:00000e60       ?maxFError@_VecMathTests@aos@shdfnd@physx@@3T__m128@@B 10076e60     BigConvexDataBuilder.obj
 0003:00000e70       ?maxV3Error@_VecMathTests@aos@shdfnd@physx@@3T__m128@@B 10076e70     ConvexHullBuilder.obj
 0003:00000e80       ?minFError@_VecMathTests@aos@shdfnd@physx@@3T__m128@@B 10076e80     ConvexHullBuilder.obj
 0003:00000e90       ?maxV4Error@_VecMathTests@aos@shdfnd@physx@@3T__m128@@B 10076e90     ConvexHullBuilder.obj
 0003:00000ea0       ?minV4Error@_VecMathTests@aos@shdfnd@physx@@3T__m128@@B 10076ea0     ConvexHullBuilder.obj
 0003:00000eb0       ?minV3Error@_VecMathTests@aos@shdfnd@physx@@3T__m128@@B 10076eb0     ConvexHullBuilder.obj
 0003:00000ec0       ?maxFError@_VecMathTests@aos@shdfnd@physx@@3T__m128@@B 10076ec0     ConvexHullBuilder.obj
 0003:00000ed0       ?maxV3Error@_VecMathTests@aos@shdfnd@physx@@3T__m128@@B 10076ed0     ConvexHullUtils.obj
 0003:00000ee0       ?minFError@_VecMathTests@aos@shdfnd@physx@@3T__m128@@B 10076ee0     ConvexHullUtils.obj
 0003:00000ef0       ?maxV4Error@_VecMathTests@aos@shdfnd@physx@@3T__m128@@B 10076ef0     ConvexHullUtils.obj
 0003:00000f00       ?minV4Error@_VecMathTests@aos@shdfnd@physx@@3T__m128@@B 10076f00     ConvexHullUtils.obj
 0003:00000f10       ?minV3Error@_VecMathTests@aos@shdfnd@physx@@3T__m128@@B 10076f10     ConvexHullUtils.obj
 0003:00000f20       ?maxFError@_VecMathTests@aos@shdfnd@physx@@3T__m128@@B 10076f20     ConvexHullUtils.obj
 0003:00000f30       ?maxV3Error@_VecMathTests@aos@shdfnd@physx@@3T__m128@@B 10076f30     ConvexMeshBuilder.obj
 0003:00000f40       ?minFError@_VecMathTests@aos@shdfnd@physx@@3T__m128@@B 10076f40     ConvexMeshBuilder.obj
 0003:00000f50       ?maxV4Error@_VecMathTests@aos@shdfnd@physx@@3T__m128@@B 10076f50     ConvexMeshBuilder.obj
 0003:00000f60       ?minV4Error@_VecMathTests@aos@shdfnd@physx@@3T__m128@@B 10076f60     ConvexMeshBuilder.obj
 0003:00000f70       ?minV3Error@_VecMathTests@aos@shdfnd@physx@@3T__m128@@B 10076f70     ConvexMeshBuilder.obj
 0003:00000f80       ?maxFError@_VecMathTests@aos@shdfnd@physx@@3T__m128@@B 10076f80     ConvexMeshBuilder.obj
 0003:00000f90       ?maxV3Error@_VecMathTests@aos@shdfnd@physx@@3T__m128@@B 10076f90     VolumeIntegration.obj
 0003:00000fa0       ?minFError@_VecMathTests@aos@shdfnd@physx@@3T__m128@@B 10076fa0     VolumeIntegration.obj
 0003:00000fb0       ?maxV4Error@_VecMathTests@aos@shdfnd@physx@@3T__m128@@B 10076fb0     VolumeIntegration.obj
 0003:00000fc0       ?minV4Error@_VecMathTests@aos@shdfnd@physx@@3T__m128@@B 10076fc0     VolumeIntegration.obj
 0003:00000fd0       ?minV3Error@_VecMathTests@aos@shdfnd@physx@@3T__m128@@B 10076fd0     VolumeIntegration.obj
 0003:00000fe0       ?maxFError@_VecMathTests@aos@shdfnd@physx@@3T__m128@@B 10076fe0     VolumeIntegration.obj
 0003:00000ff0       ?gDelayLoadHook@@3PBVPxDelayLoadHook@physx@@B 10076ff0     WindowsCookingDelayLoadHook.obj
 0003:00001020       ?__proc_attached@@3HA      10077020     LIBCMT:dll_dllmain.obj
 0003:00001040       ?is_initialized_as_dll@@3_NA 10077040     LIBCMT:utility.obj
 0003:00001041       ?module_local_atexit_table_initialized@@3_NA 10077041     LIBCMT:utility.obj
 0003:00001044       ?module_local_atexit_table@@3U_onexit_table_t@@A 10077044     LIBCMT:utility.obj
 0003:00001050       ?module_local_at_quick_exit_table@@3U_onexit_table_t@@A 10077050     LIBCMT:utility.obj
 0003:00001068       _GS_ExceptionRecord        10077068     LIBCMT:gs_report.obj
 0003:000010b8       _GS_ContextRecord          100770b8     LIBCMT:gs_report.obj
 0003:000013b0       ?heap@@3V_HeapManager@@A   100773b0     libvcruntime:undname.obj
 0003:000013c4       ?__vcrt_startup_thread_ptd@@3U__vcrt_ptd@@A 100773c4     libvcruntime:per_thread_data.obj
 0003:000013ec       ___vcrt_lock_table         100773ec     libvcruntime:locks.obj
 0003:00001404       ___vcrt_locks_initialized  10077404     libvcruntime:locks.obj
 0003:00001408       ?module_handles@@3PAPAUHINSTANCE__@@A 10077408     libvcruntime:winapi_downlevel.obj
 0003:00001414       ?encoded_function_pointers@@3PAPAXA 10077414     libvcruntime:winapi_downlevel.obj
 0003:0000142c       ?c_termination_complete@@3JA 1007742c     libucrt:exit.obj
 0003:00001430       ?thread_local_exit_callback_func@@3P6GXPAXK0@ZA 10077430     libucrt:exit.obj
 0003:00001438       ?program_name@?1???$common_configure_argv@D@@YAHW4_crt_argv_mode@@@Z@4PADA 10077438     libucrt:argv_parsing.obj
 0003:00001540       ?program_name@?1???$common_configure_argv@_W@@YAHW4_crt_argv_mode@@@Z@4PA_WA 10077540     libucrt:argv_parsing.obj
 0003:00001774       ?user_matherr@@3V?$dual_state_global@P6AHPAU_exception@@@Z@__crt_state_management@@A 10077774     libucrt:matherr.obj
 0003:00001778       ?__acrt_lock_table@@3PAU_RTL_CRITICAL_SECTION@@A 10077778     libucrt:locks.obj
 0003:000018c8       ?__acrt_locks_initialized@@3IA 100778c8     libucrt:locks.obj
 0003:000018cc       ?state_cache@?1???$get_cached_win_policy@Ubegin_thread_init_policy_properties@?1??__acrt_get_begin_thread_init_policy@@YA?AW4begin_thread_init_policy@@XZ@@@YA?AW4begin_thread_init_policy@@W4AppPolicyThreadInitializationType@@@Z@4JA 100778cc     libucrt:win_policies.obj
 0003:000018d0       ?state_cache@?1???$get_cached_win_policy@Udeveloper_information_policy_properties@?1??__acrt_get_developer_information_policy@@YA?AW4developer_information_policy@@XZ@@@YA?AW4developer_information_policy@@W4AppPolicyShowDeveloperDiagnostic@@@Z@4JA 100778d0     libucrt:win_policies.obj
 0003:000018d4       ?state_cache@?1???$get_cached_win_policy@Uwindowing_model_policy_properties@?1??__acrt_get_windowing_model_policy@@YA?AW4windowing_model_policy@@XZ@@@YA?AW4windowing_model_policy@@W4AppPolicyWindowingModel@@@Z@4JA 100778d4     libucrt:win_policies.obj
 0003:000018d8       ?__acrt_invalid_parameter_handler@@3V?$dual_state_global@P6AXPB_W00II@Z@__crt_state_management@@A 100778d8     libucrt:invalid_parameter.obj
 0003:000018e8       ?fSystemSet@@3HA           100778e8     libucrt:mbctype.obj
 0003:000018ec       ?initialized@?1??__acrt_initialize_multibyte@@9@4_NA 100778ec     libucrt:mbctype.obj
 0003:00001910       ?module_handles@@3PAPAUHINSTANCE__@@A 10077910     libucrt:winapi_thunks.obj
 0003:00001960       ?encoded_function_pointers@@3PAPAXA 10077960     libucrt:winapi_thunks.obj
 0003:000019e8       ?static_enum_proc@?1??enum_system_locales_ex_nolock@@YAHQ6GHPA_WKJ@Z@Z@4P6GH0KJ@ZA 100779e8     libucrt:winapi_thunks.obj
 0003:00001bf4       ?__acrt_new_handler@@3V?$dual_state_global@P6AHI@Z@__crt_state_management@@A 10077bf4     libucrt:new_handler.obj
 0003:00001bf8       ?console_ctrl_handler_installed@@3_NA 10077bf8     libucrt:signal.obj
 0003:00001bfc       ?ctrlc_action@@3V?$dual_state_global@P6AXH@Z@__crt_state_management@@A 10077bfc     libucrt:signal.obj
 0003:00001c00       ?ctrlbreak_action@@3V?$dual_state_global@P6AXH@Z@__crt_state_management@@A 10077c00     libucrt:signal.obj
 0003:00001c04       ?abort_action@@3V?$dual_state_global@P6AXH@Z@__crt_state_management@@A 10077c04     libucrt:signal.obj
 0003:00001c08       ?term_action@@3V?$dual_state_global@P6AXH@Z@__crt_state_management@@A 10077c08     libucrt:signal.obj
 0003:00001c24       ?internal_state@?1??_mbtowc_l@@9@4U_Mbstatet@@A 10077c24     libucrt:mbtowc.obj
 0003:00001c2c       ?enable_percent_n@@3IA     10077c2c     libucrt:printf_count_output.obj
 0003:00001c34       ?__acrt_global_new_mode@@3V?$dual_state_global@J@__crt_state_management@@A 10077c34     libucrt:new_mode.obj
 0003:00001c40       ?mbst@?1??mbrlen@@9@4U_Mbstatet@@A 10077c40     libucrt:mbrtowc.obj
 0003:00001c48       ?mbst@?1??mbrtowc@@9@4U_Mbstatet@@A 10077c48     libucrt:mbrtowc.obj
 0003:00001c50       ?mbst@?1??_mbsrtowcs_helper@@YAIPA_WPAPBDIPAU_Mbstatet@@@Z@4U2@A 10077c50     libucrt:mbrtowc.obj
 0003:00001c5c       ?__acrt_app_type@@3W4_crt_app_type@@A 10077c5c     libucrt:report_runtime_error.obj
 0003:00001c60       ?outmsg@?9??__acrt_report_runtime_error@@9@4PA_WA 10077c60     libucrt:report_runtime_error.obj
 0003:00002288       ?internal_pst@?1??__mbrtoc32_utf8@__crt_mbstring@@YAIPA_UPBDIPAU_Mbstatet@@@Z@4U3@A 10078288     libucrt:mbrtoc32.obj
 0003:00002290       ___acrt_error_mode         10078290     libucrt:set_error_mode.obj
 0003:00002294       __pmatherr_set             10078294     libucrt:libm_error.obj
 0003:00002298       ?internal_pst@?1??__c16rtomb_utf8@__crt_mbstring@@YAIPAD_SPAU_Mbstatet@@@Z@4U3@A 10078298     libucrt:c16rtomb.obj
 0004:00000000       _static_const_table        10079000     LIBCMT:svml_ssinf4_sse2.obj
 0004:00000100       __e02PI                    10079100     LIBCMT:svml_dtrig.obj
 0004:000002a0       __e04PI                    100792a0     LIBCMT:svml_dtrig.obj
 0004:00000430       _2il0floatpacket_2         10079430     LIBCMT:svml_dtrig.obj
 0004:00000440       _2il0floatpacket_9         10079440     LIBCMT:svml_dtrig.obj
 0004:00000450       _2il0floatpacket_12        10079450     LIBCMT:svml_dtrig.obj
 0004:00000460       __dPI02                    10079460     LIBCMT:svml_dtrig.obj
 0004:00000470       __d02PI                    10079470     LIBCMT:svml_dtrig.obj
 0004:00000480       __DP4                      10079480     LIBCMT:svml_dtrig.obj
 0004:000004a0       __dPI04                    100794a0     LIBCMT:svml_dtrig.obj
 0004:000004b0       __d04PI                    100794b0     LIBCMT:svml_dtrig.obj
 0004:000004c0       __QP4                      100794c0     LIBCMT:svml_dtrig.obj
 0005:000000a0       $R000000                   1007a0a0     PhysXCooking.res
 0005:000003d0       $R000330                   1007a3d0     PhysXCooking.res
